[2025-09-25 10:24:39] E_ERROR: [2] Undefined variable $classesJson in C:\xampp\htdocs\eduhiveV2\scripts.php on line 178
[2025-09-25 10:24:44] E_ERROR: [2] Undefined variable $classesJson in C:\xampp\htdocs\eduhiveV2\scripts.php on line 178
[2025-09-25 10:24:59] E_ERROR: [2] Undefined variable $termsJson in C:\xampp\htdocs\eduhiveV2\scripts.php on line 484
[2025-09-25 10:25:03] E_ERROR: [2] Undefined variable $classesJson in C:\xampp\htdocs\eduhiveV2\scripts.php on line 178
[2025-09-25 10:44:20] E_ERROR: [2] Undefined array key "SUR_NAME" in C:\xampp\htdocs\eduhiveV2\quiz.php on line 50
[2025-09-25 10:44:20] E_ERROR: [2] Undefined array key "OTHER_NAME" in C:\xampp\htdocs\eduhiveV2\quiz.php on line 50
[2025-09-25 10:44:20] E_ERROR: [8] session_start(): Ignoring session_start() because a session is already active in C:\xampp\htdocs\eduhiveV2\timer.php on line 2
[2025-09-25 10:44:27] E_ERROR: [2] Undefined variable $classesJson in C:\xampp\htdocs\eduhiveV2\scripts.php on line 178
[2025-09-25 10:49:47] E_ERROR: [2] Undefined variable $classesJson in C:\xampp\htdocs\eduhiveV2\scripts.php on line 178
[2025-09-25 10:55:40] E_ERROR: [2] Undefined variable $classesJson in C:\xampp\htdocs\eduhiveV2\scripts.php on line 178
[2025-09-25 10:55:42] E_ERROR: [2] Undefined array key "SUR_NAME" in C:\xampp\htdocs\eduhiveV2\quiz.php on line 50
[2025-09-25 10:55:42] E_ERROR: [2] Undefined array key "OTHER_NAME" in C:\xampp\htdocs\eduhiveV2\quiz.php on line 50
[2025-09-25 10:55:42] E_ERROR: [8] session_start(): Ignoring session_start() because a session is already active in C:\xampp\htdocs\eduhiveV2\timer.php on line 2
[2025-09-25 11:01:06] Exception: Table 'portalv2.studentreg' doesn't exist in C:\xampp\htdocs\eduhiveV2\close.php on line 49
[2025-09-25 11:01:09] E_ERROR: [2] Undefined variable $classesJson in C:\xampp\htdocs\eduhiveV2\scripts.php on line 178
[2025-09-25 11:01:12] E_ERROR: [2] Undefined array key "SUR_NAME" in C:\xampp\htdocs\eduhiveV2\quiz.php on line 50
[2025-09-25 11:01:12] E_ERROR: [2] Undefined array key "OTHER_NAME" in C:\xampp\htdocs\eduhiveV2\quiz.php on line 50
[2025-09-25 11:01:12] E_ERROR: [8] session_start(): Ignoring session_start() because a session is already active in C:\xampp\htdocs\eduhiveV2\timer.php on line 2
[2025-09-25 11:02:13] Exception: Table 'portalv2.studentreg' doesn't exist in C:\xampp\htdocs\eduhiveV2\close.php on line 49
[2025-09-25 11:49:34] E_ERROR: [2] Undefined variable $classesJson in C:\xampp\htdocs\eduhiveV2\scripts.php on line 178
[2025-09-25 11:49:39] E_ERROR: [2] Undefined variable $classesJson in C:\xampp\htdocs\eduhiveV2\scripts.php on line 178
[2025-09-25 11:49:41] E_ERROR: [2] Undefined array key "SUR_NAME" in C:\xampp\htdocs\eduhiveV2\quiz.php on line 50
[2025-09-25 11:49:41] E_ERROR: [2] Undefined array key "OTHER_NAME" in C:\xampp\htdocs\eduhiveV2\quiz.php on line 50
[2025-09-25 11:49:41] E_ERROR: [8] session_start(): Ignoring session_start() because a session is already active in C:\xampp\htdocs\eduhiveV2\timer.php on line 2
[2025-09-25 11:49:42] Exception: Table 'portalv2.studentreg' doesn't exist in C:\xampp\htdocs\eduhiveV2\close.php on line 49
[2025-09-25 11:50:26] E_ERROR: [2] Undefined variable $classesJson in C:\xampp\htdocs\eduhiveV2\scripts.php on line 178
[2025-09-25 11:50:28] E_ERROR: [2] Undefined array key "SUR_NAME" in C:\xampp\htdocs\eduhiveV2\quiz.php on line 50
[2025-09-25 11:50:28] E_ERROR: [2] Undefined array key "OTHER_NAME" in C:\xampp\htdocs\eduhiveV2\quiz.php on line 50
[2025-09-25 11:50:28] E_ERROR: [8] session_start(): Ignoring session_start() because a session is already active in C:\xampp\htdocs\eduhiveV2\timer.php on line 2
[2025-09-25 17:36:51] E_ERROR: [2] Undefined variable $classesJson in C:\xampp\htdocs\eduhiveV2\scripts.php on line 178
[2025-09-25 17:36:55] E_ERROR: [2] Undefined variable $classesJson in C:\xampp\htdocs\eduhiveV2\scripts.php on line 178
[2025-09-25 17:36:57] E_ERROR: [2] Undefined array key "SUR_NAME" in C:\xampp\htdocs\eduhiveV2\quiz.php on line 50
[2025-09-25 17:36:57] E_ERROR: [2] Undefined array key "OTHER_NAME" in C:\xampp\htdocs\eduhiveV2\quiz.php on line 50
[2025-09-25 17:36:57] E_ERROR: [8] session_start(): Ignoring session_start() because a session is already active in C:\xampp\htdocs\eduhiveV2\timer.php on line 2
[2025-09-25 17:36:57] E_ERROR: [2] Undefined variable $tid in C:\xampp\htdocs\eduhiveV2\close.php on line 31
[2025-09-25 17:36:57] Exception: You have an error in your SQL syntax; check the manual that corresponds to your MariaDB server version for the right syntax to use near ' '05:36:57  Thursday, September 25, 2025', 0)' at line 1 in C:\xampp\htdocs\eduhiveV2\close.php on line 31
[2025-09-25 18:54:28] E_ERROR: [2] Undefined variable $classesJson in C:\xampp\htdocs\eduhiveV2\scripts.php on line 178
[2025-09-25 18:54:32] E_ERROR: [2] Undefined array key "SUR_NAME" in C:\xampp\htdocs\eduhiveV2\quiz.php on line 50
[2025-09-25 18:54:32] E_ERROR: [2] Undefined array key "OTHER_NAME" in C:\xampp\htdocs\eduhiveV2\quiz.php on line 50
[2025-09-25 18:54:32] E_ERROR: [8] session_start(): Ignoring session_start() because a session is already active in C:\xampp\htdocs\eduhiveV2\timer.php on line 2
[2025-09-25 18:54:33] E_ERROR: [2] Undefined variable $tid in C:\xampp\htdocs\eduhiveV2\close.php on line 24
[2025-09-25 18:54:33] Exception: You have an error in your SQL syntax; check the manual that corresponds to your MariaDB server version for the right syntax to use near ' '06:54:33  Thursday, September 25, 2025', 0)' at line 1 in C:\xampp\htdocs\eduhiveV2\close.php on line 24
[2025-09-25 18:54:38] E_ERROR: [2] Undefined variable $classesJson in C:\xampp\htdocs\eduhiveV2\scripts.php on line 178
[2025-09-25 18:55:21] E_ERROR: [2] Undefined array key "SUR_NAME" in C:\xampp\htdocs\eduhiveV2\quiz.php on line 50
[2025-09-25 18:55:21] E_ERROR: [2] Undefined array key "OTHER_NAME" in C:\xampp\htdocs\eduhiveV2\quiz.php on line 50
[2025-09-25 18:55:21] E_ERROR: [8] session_start(): Ignoring session_start() because a session is already active in C:\xampp\htdocs\eduhiveV2\timer.php on line 2
[2025-09-25 18:55:21] E_ERROR: [2] Undefined variable $tid in C:\xampp\htdocs\eduhiveV2\close.php on line 24
[2025-09-25 18:55:21] Exception: You have an error in your SQL syntax; check the manual that corresponds to your MariaDB server version for the right syntax to use near ' '06:55:21  Thursday, September 25, 2025', 0)' at line 1 in C:\xampp\htdocs\eduhiveV2\close.php on line 24
[2025-09-25 19:30:35] E_ERROR: [2] Undefined variable $tid in C:\xampp\htdocs\eduhiveV2\close.php on line 24
[2025-09-25 19:30:35] Exception: You have an error in your SQL syntax; check the manual that corresponds to your MariaDB server version for the right syntax to use near ' '07:30:35  Thursday, September 25, 2025', 1)' at line 1 in C:\xampp\htdocs\eduhiveV2\close.php on line 24
[2025-09-25 19:30:36] E_ERROR: [2] Undefined variable $classesJson in C:\xampp\htdocs\eduhiveV2\scripts.php on line 178
[2025-09-25 19:30:38] E_ERROR: [2] Undefined variable $tid in C:\xampp\htdocs\eduhiveV2\close.php on line 24
[2025-09-25 19:30:38] Exception: You have an error in your SQL syntax; check the manual that corresponds to your MariaDB server version for the right syntax to use near ' '07:30:38  Thursday, September 25, 2025', 1)' at line 1 in C:\xampp\htdocs\eduhiveV2\close.php on line 24
[2025-09-25 21:14:10] E_ERROR: [2] Undefined variable $classesJson in C:\xampp\htdocs\eduhiveV2\scripts.php on line 178
[2025-09-25 21:14:15] E_ERROR: [2] Undefined variable $classesJson in C:\xampp\htdocs\eduhiveV2\scripts.php on line 178
[2025-09-25 21:14:17] E_ERROR: [2] Undefined array key "SUR_NAME" in C:\xampp\htdocs\eduhiveV2\quiz.php on line 51
[2025-09-25 21:14:17] E_ERROR: [2] Undefined array key "OTHER_NAME" in C:\xampp\htdocs\eduhiveV2\quiz.php on line 51
[2025-09-25 21:14:17] E_ERROR: [8] session_start(): Ignoring session_start() because a session is already active in C:\xampp\htdocs\eduhiveV2\timer.php on line 2
[2025-09-25 21:14:23] E_ERROR: [2] Undefined variable $testid in C:\xampp\htdocs\eduhiveV2\close.php on line 24
[2025-09-25 21:14:23] E_ERROR: [2] Undefined array key "trueans" in C:\xampp\htdocs\eduhiveV2\close.php on line 24
[2025-09-25 21:14:23] Exception: Unknown column 'total_que' in 'field list' in C:\xampp\htdocs\eduhiveV2\result.php on line 75
[2025-09-25 21:14:34] E_ERROR: [2] Undefined array key "SUR_NAME" in C:\xampp\htdocs\eduhiveV2\quiz.php on line 51
[2025-09-25 21:14:34] E_ERROR: [2] Undefined array key "OTHER_NAME" in C:\xampp\htdocs\eduhiveV2\quiz.php on line 51
[2025-09-25 21:14:34] E_ERROR: [8] session_start(): Ignoring session_start() because a session is already active in C:\xampp\htdocs\eduhiveV2\timer.php on line 2
[2025-09-25 21:14:40] E_ERROR: [2] Undefined variable $testid in C:\xampp\htdocs\eduhiveV2\close.php on line 24
[2025-09-25 21:14:40] E_ERROR: [2] Undefined array key "trueans" in C:\xampp\htdocs\eduhiveV2\close.php on line 24
[2025-09-25 21:14:41] Exception: Unknown column 'total_que' in 'field list' in C:\xampp\htdocs\eduhiveV2\result.php on line 75
[2025-09-25 21:15:59] E_ERROR: [2] Undefined variable $classesJson in C:\xampp\htdocs\eduhiveV2\scripts.php on line 178
[2025-09-25 21:16:01] E_ERROR: [2] Undefined array key "SUR_NAME" in C:\xampp\htdocs\eduhiveV2\quiz.php on line 51
[2025-09-25 21:16:01] E_ERROR: [2] Undefined array key "OTHER_NAME" in C:\xampp\htdocs\eduhiveV2\quiz.php on line 51
[2025-09-25 21:16:01] E_ERROR: [8] session_start(): Ignoring session_start() because a session is already active in C:\xampp\htdocs\eduhiveV2\timer.php on line 2
[2025-09-25 21:16:06] E_ERROR: [2] Undefined array key "SUR_NAME" in C:\xampp\htdocs\eduhiveV2\quiz.php on line 51
[2025-09-25 21:16:06] E_ERROR: [2] Undefined array key "OTHER_NAME" in C:\xampp\htdocs\eduhiveV2\quiz.php on line 51
[2025-09-25 21:16:06] E_ERROR: [8] session_start(): Ignoring session_start() because a session is already active in C:\xampp\htdocs\eduhiveV2\timer.php on line 2
[2025-09-25 21:16:11] E_ERROR: [2] Undefined array key "SUR_NAME" in C:\xampp\htdocs\eduhiveV2\quiz.php on line 51
[2025-09-25 21:16:11] E_ERROR: [2] Undefined array key "OTHER_NAME" in C:\xampp\htdocs\eduhiveV2\quiz.php on line 51
[2025-09-25 21:16:11] E_ERROR: [8] session_start(): Ignoring session_start() because a session is already active in C:\xampp\htdocs\eduhiveV2\timer.php on line 2
[2025-09-25 21:16:16] E_ERROR: [2] Undefined array key "SUR_NAME" in C:\xampp\htdocs\eduhiveV2\quiz.php on line 51
[2025-09-25 21:16:16] E_ERROR: [2] Undefined array key "OTHER_NAME" in C:\xampp\htdocs\eduhiveV2\quiz.php on line 51
[2025-09-25 21:16:16] E_ERROR: [8] session_start(): Ignoring session_start() because a session is already active in C:\xampp\htdocs\eduhiveV2\timer.php on line 2
[2025-09-25 21:16:28] E_ERROR: [2] Undefined array key "SUR_NAME" in C:\xampp\htdocs\eduhiveV2\quiz.php on line 51
[2025-09-25 21:16:28] E_ERROR: [2] Undefined array key "OTHER_NAME" in C:\xampp\htdocs\eduhiveV2\quiz.php on line 51
[2025-09-25 21:16:28] E_ERROR: [8] session_start(): Ignoring session_start() because a session is already active in C:\xampp\htdocs\eduhiveV2\timer.php on line 2
[2025-09-25 21:16:37] E_ERROR: [2] Undefined array key "SUR_NAME" in C:\xampp\htdocs\eduhiveV2\quiz.php on line 51
[2025-09-25 21:16:37] E_ERROR: [2] Undefined array key "OTHER_NAME" in C:\xampp\htdocs\eduhiveV2\quiz.php on line 51
[2025-09-25 21:16:37] E_ERROR: [8] session_start(): Ignoring session_start() because a session is already active in C:\xampp\htdocs\eduhiveV2\timer.php on line 2
[2025-09-25 21:16:52] E_ERROR: [2] Undefined array key "SUR_NAME" in C:\xampp\htdocs\eduhiveV2\quiz.php on line 51
[2025-09-25 21:16:52] E_ERROR: [2] Undefined array key "OTHER_NAME" in C:\xampp\htdocs\eduhiveV2\quiz.php on line 51
[2025-09-25 21:16:52] E_ERROR: [8] session_start(): Ignoring session_start() because a session is already active in C:\xampp\htdocs\eduhiveV2\timer.php on line 2
[2025-09-25 21:16:57] E_ERROR: [2] Undefined array key "SUR_NAME" in C:\xampp\htdocs\eduhiveV2\quiz.php on line 51
[2025-09-25 21:16:57] E_ERROR: [2] Undefined array key "OTHER_NAME" in C:\xampp\htdocs\eduhiveV2\quiz.php on line 51
[2025-09-25 21:16:57] E_ERROR: [8] session_start(): Ignoring session_start() because a session is already active in C:\xampp\htdocs\eduhiveV2\timer.php on line 2
[2025-09-25 21:17:06] E_ERROR: [2] Undefined array key "SUR_NAME" in C:\xampp\htdocs\eduhiveV2\quiz.php on line 51
[2025-09-25 21:17:06] E_ERROR: [2] Undefined array key "OTHER_NAME" in C:\xampp\htdocs\eduhiveV2\quiz.php on line 51
[2025-09-25 21:17:06] E_ERROR: [8] session_start(): Ignoring session_start() because a session is already active in C:\xampp\htdocs\eduhiveV2\timer.php on line 2
[2025-09-25 21:17:22] E_ERROR: [2] Undefined array key "SUR_NAME" in C:\xampp\htdocs\eduhiveV2\quiz.php on line 51
[2025-09-25 21:17:22] E_ERROR: [2] Undefined array key "OTHER_NAME" in C:\xampp\htdocs\eduhiveV2\quiz.php on line 51
[2025-09-25 21:17:22] E_ERROR: [8] session_start(): Ignoring session_start() because a session is already active in C:\xampp\htdocs\eduhiveV2\timer.php on line 2
[2025-09-25 21:17:30] E_ERROR: [2] Undefined array key "SUR_NAME" in C:\xampp\htdocs\eduhiveV2\quiz.php on line 51
[2025-09-25 21:17:30] E_ERROR: [2] Undefined array key "OTHER_NAME" in C:\xampp\htdocs\eduhiveV2\quiz.php on line 51
[2025-09-25 21:17:30] E_ERROR: [8] session_start(): Ignoring session_start() because a session is already active in C:\xampp\htdocs\eduhiveV2\timer.php on line 2
[2025-09-25 21:17:37] E_ERROR: [2] Undefined array key "SUR_NAME" in C:\xampp\htdocs\eduhiveV2\quiz.php on line 51
[2025-09-25 21:17:37] E_ERROR: [2] Undefined array key "OTHER_NAME" in C:\xampp\htdocs\eduhiveV2\quiz.php on line 51
[2025-09-25 21:17:37] E_ERROR: [8] session_start(): Ignoring session_start() because a session is already active in C:\xampp\htdocs\eduhiveV2\timer.php on line 2
[2025-09-25 21:17:45] E_ERROR: [2] Undefined array key "SUR_NAME" in C:\xampp\htdocs\eduhiveV2\quiz.php on line 51
[2025-09-25 21:17:45] E_ERROR: [2] Undefined array key "OTHER_NAME" in C:\xampp\htdocs\eduhiveV2\quiz.php on line 51
[2025-09-25 21:17:45] E_ERROR: [8] session_start(): Ignoring session_start() because a session is already active in C:\xampp\htdocs\eduhiveV2\timer.php on line 2
[2025-09-25 21:17:50] E_ERROR: [2] Undefined array key "SUR_NAME" in C:\xampp\htdocs\eduhiveV2\quiz.php on line 51
[2025-09-25 21:17:50] E_ERROR: [2] Undefined array key "OTHER_NAME" in C:\xampp\htdocs\eduhiveV2\quiz.php on line 51
[2025-09-25 21:17:50] E_ERROR: [8] session_start(): Ignoring session_start() because a session is already active in C:\xampp\htdocs\eduhiveV2\timer.php on line 2
[2025-09-25 21:17:55] E_ERROR: [2] Undefined array key "SUR_NAME" in C:\xampp\htdocs\eduhiveV2\quiz.php on line 51
[2025-09-25 21:17:55] E_ERROR: [2] Undefined array key "OTHER_NAME" in C:\xampp\htdocs\eduhiveV2\quiz.php on line 51
[2025-09-25 21:17:55] E_ERROR: [8] session_start(): Ignoring session_start() because a session is already active in C:\xampp\htdocs\eduhiveV2\timer.php on line 2
[2025-09-25 21:18:00] E_ERROR: [2] Undefined array key "SUR_NAME" in C:\xampp\htdocs\eduhiveV2\quiz.php on line 51
[2025-09-25 21:18:00] E_ERROR: [2] Undefined array key "OTHER_NAME" in C:\xampp\htdocs\eduhiveV2\quiz.php on line 51
[2025-09-25 21:18:00] E_ERROR: [8] session_start(): Ignoring session_start() because a session is already active in C:\xampp\htdocs\eduhiveV2\timer.php on line 2
[2025-09-25 21:18:10] E_ERROR: [2] Undefined variable $classesJson in C:\xampp\htdocs\eduhiveV2\scripts.php on line 178
[2025-09-25 21:18:13] Exception: Unknown column 'total_que' in 'field list' in C:\xampp\htdocs\eduhiveV2\result.php on line 75
[2025-09-26 21:00:49] E_ERROR: [2] Undefined variable $termsJson in C:\xampp\htdocs\edupack\backend\scripts.php on line 484
[2025-09-26 21:01:42] E_ERROR: [2] Undefined variable $termsJson in C:\xampp\htdocs\edupack\backend\scripts.php on line 484
[2025-09-26 21:01:58] E_ERROR: [2] Undefined variable $termsJson in C:\xampp\htdocs\edupack\backend\scripts.php on line 484
[2025-09-26 21:02:05] E_ERROR: [2] Undefined variable $termsJson in C:\xampp\htdocs\edupack\backend\scripts.php on line 484
[2025-09-26 21:06:50] E_ERROR: [2] Undefined variable $termsJson in C:\xampp\htdocs\edupack\backend\scripts.php on line 484
[2025-09-26 21:08:07] E_ERROR: [2] Undefined variable $termsJson in C:\xampp\htdocs\edupack\backend\scripts.php on line 484
[2025-09-26 21:23:32] E_ERROR: [2] Undefined variable $termsJson in C:\xampp\htdocs\edupack\backend\scripts.php on line 484
[2025-09-26 21:23:49] E_ERROR: [2] Undefined variable $termsJson in C:\xampp\htdocs\edupack\backend\scripts.php on line 484
[2025-09-26 21:23:55] E_ERROR: [2] Undefined variable $termsJson in C:\xampp\htdocs\edupack\backend\scripts.php on line 484
[2025-09-26 21:49:00] E_ERROR: [2] Undefined variable $termsJson in C:\xampp\htdocs\edupack\backend\scripts.php on line 484
[2025-09-26 21:51:06] E_ERROR: [2] Undefined variable $termsJson in C:\xampp\htdocs\edupack\backend\scripts.php on line 484
[2025-09-26 21:52:55] E_ERROR: [2] Undefined variable $classesJson in C:\xampp\htdocs\edupack\backend\scripts.php on line 178
[2025-09-26 21:52:55] E_ERROR: [2] Undefined variable $datasetsJson in C:\xampp\htdocs\edupack\backend\scripts.php on line 179
[2025-09-26 21:52:55] E_ERROR: [2] Undefined variable $termsJson in C:\xampp\htdocs\edupack\backend\scripts.php on line 484
[2025-09-26 21:52:55] E_ERROR: [2] Undefined variable $datasetsJson in C:\xampp\htdocs\edupack\backend\scripts.php on line 485
[2025-09-26 21:53:08] E_ERROR: [2] Undefined variable $termsJson in C:\xampp\htdocs\edupack\backend\scripts.php on line 484
[2025-09-26 21:53:45] E_ERROR: [2] Undefined variable $termsJson in C:\xampp\htdocs\edupack\backend\scripts.php on line 484
[2025-09-26 21:55:43] E_ERROR: [2] Undefined variable $termsJson in C:\xampp\htdocs\edupack\backend\scripts.php on line 484
[2025-09-26 22:24:02] E_ERROR: [2] Undefined variable $termsJson in C:\xampp\htdocs\edupack\backend\scripts.php on line 484
[2025-09-26 22:24:12] E_ERROR: [2] Undefined variable $termsJson in C:\xampp\htdocs\edupack\backend\scripts.php on line 484
[2025-09-26 22:24:24] E_ERROR: [2] Undefined variable $termsJson in C:\xampp\htdocs\edupack\backend\scripts.php on line 484
[2025-09-26 22:24:36] E_ERROR: [2] Undefined variable $classesJson in C:\xampp\htdocs\edupack\backend\scripts.php on line 178
[2025-09-26 23:05:17] E_ERROR: [2] Undefined variable $termsJson in C:\xampp\htdocs\edupack\backend\scripts.php on line 484
[2025-09-26 23:57:02] E_ERROR: [2] Undefined variable $termsJson in C:\xampp\htdocs\edupack\backend\scripts.php on line 484
[2025-09-27 16:46:31] E_ERROR: [2] Undefined variable $termsJson in C:\xampp\htdocs\edupack\backend\scripts.php on line 484
[2025-09-27 16:47:43] E_ERROR: [2] Undefined variable $studentDetails in C:\xampp\htdocs\edupack\backend\registerstudents.php on line 502
[2025-09-27 16:47:43] E_ERROR: [2] Trying to access array offset on value of type null in C:\xampp\htdocs\edupack\backend\registerstudents.php on line 502
[2025-09-27 16:47:43] E_ERROR: [2] Undefined variable $studentDetails in C:\xampp\htdocs\edupack\backend\registerstudents.php on line 502
[2025-09-27 16:47:43] E_ERROR: [2] Trying to access array offset on value of type null in C:\xampp\htdocs\edupack\backend\registerstudents.php on line 502
[2025-09-27 16:47:43] E_ERROR: [2] Undefined variable $studentDetails in C:\xampp\htdocs\edupack\backend\registerstudents.php on line 502
[2025-09-27 16:47:43] E_ERROR: [2] Trying to access array offset on value of type null in C:\xampp\htdocs\edupack\backend\registerstudents.php on line 502
[2025-09-27 16:47:43] E_ERROR: [2] Undefined variable $studentDetails in C:\xampp\htdocs\edupack\backend\registerstudents.php on line 502
[2025-09-27 16:47:43] E_ERROR: [2] Trying to access array offset on value of type null in C:\xampp\htdocs\edupack\backend\registerstudents.php on line 502
[2025-09-27 16:47:43] E_ERROR: [2] Undefined variable $studentDetails in C:\xampp\htdocs\edupack\backend\registerstudents.php on line 502
[2025-09-27 16:47:43] E_ERROR: [2] Trying to access array offset on value of type null in C:\xampp\htdocs\edupack\backend\registerstudents.php on line 502
[2025-09-27 16:47:43] E_ERROR: [2] Undefined variable $studentDetails in C:\xampp\htdocs\edupack\backend\registerstudents.php on line 502
[2025-09-27 16:47:43] E_ERROR: [2] Trying to access array offset on value of type null in C:\xampp\htdocs\edupack\backend\registerstudents.php on line 502
[2025-09-27 16:47:43] E_ERROR: [2] Undefined variable $termsJson in C:\xampp\htdocs\edupack\backend\scripts.php on line 484
[2025-09-27 16:50:28] E_ERROR: [2] Undefined variable $termsJson in C:\xampp\htdocs\edupack\backend\scripts.php on line 484
[2025-09-27 16:51:04] E_ERROR: [2] Undefined variable $termsJson in C:\xampp\htdocs\edupack\backend\scripts.php on line 484
[2025-09-27 16:51:53] E_ERROR: [2] Undefined variable $termsJson in C:\xampp\htdocs\edupack\backend\scripts.php on line 484
[2025-09-27 16:55:00] E_ERROR: [2] Undefined variable $termsJson in C:\xampp\htdocs\edupack\backend\scripts.php on line 484
[2025-09-27 16:56:23] E_ERROR: [2] Undefined variable $termsJson in C:\xampp\htdocs\edupack\backend\scripts.php on line 484
[2025-09-27 17:02:14] E_ERROR: [2] Undefined variable $classesJson in C:\xampp\htdocs\edupack\backend\scripts.php on line 178
[2025-09-27 17:02:14] E_ERROR: [2] Undefined variable $datasetsJson in C:\xampp\htdocs\edupack\backend\scripts.php on line 179
[2025-09-27 17:02:14] E_ERROR: [2] Undefined variable $termsJson in C:\xampp\htdocs\edupack\backend\scripts.php on line 484
[2025-09-27 17:02:14] E_ERROR: [2] Undefined variable $datasetsJson in C:\xampp\htdocs\edupack\backend\scripts.php on line 485
[2025-09-27 17:07:01] E_ERROR: [2] Undefined variable $classesJson in C:\xampp\htdocs\edupack\backend\scripts.php on line 178
[2025-09-27 17:07:01] E_ERROR: [2] Undefined variable $datasetsJson in C:\xampp\htdocs\edupack\backend\scripts.php on line 179
[2025-09-27 17:07:01] E_ERROR: [2] Undefined variable $termsJson in C:\xampp\htdocs\edupack\backend\scripts.php on line 484
[2025-09-27 17:07:01] E_ERROR: [2] Undefined variable $datasetsJson in C:\xampp\htdocs\edupack\backend\scripts.php on line 485
[2025-09-27 17:07:06] E_ERROR: [2] Undefined variable $classesJson in C:\xampp\htdocs\edupack\backend\scripts.php on line 178
[2025-09-27 17:07:06] E_ERROR: [2] Undefined variable $datasetsJson in C:\xampp\htdocs\edupack\backend\scripts.php on line 179
[2025-09-27 17:07:06] E_ERROR: [2] Undefined variable $termsJson in C:\xampp\htdocs\edupack\backend\scripts.php on line 484
[2025-09-27 17:07:06] E_ERROR: [2] Undefined variable $datasetsJson in C:\xampp\htdocs\edupack\backend\scripts.php on line 485
[2025-09-27 17:07:08] E_ERROR: [2] Undefined variable $classesJson in C:\xampp\htdocs\edupack\backend\scripts.php on line 178
[2025-09-27 17:07:08] E_ERROR: [2] Undefined variable $datasetsJson in C:\xampp\htdocs\edupack\backend\scripts.php on line 179
[2025-09-27 17:07:08] E_ERROR: [2] Undefined variable $termsJson in C:\xampp\htdocs\edupack\backend\scripts.php on line 484
[2025-09-27 17:07:08] E_ERROR: [2] Undefined variable $datasetsJson in C:\xampp\htdocs\edupack\backend\scripts.php on line 485
[2025-09-27 17:11:37] E_ERROR: [2] Undefined variable $classesJson in C:\xampp\htdocs\edupack\backend\scripts.php on line 178
[2025-09-27 17:11:37] E_ERROR: [2] Undefined variable $datasetsJson in C:\xampp\htdocs\edupack\backend\scripts.php on line 179
[2025-09-27 17:11:37] E_ERROR: [2] Undefined variable $termsJson in C:\xampp\htdocs\edupack\backend\scripts.php on line 484
[2025-09-27 17:11:37] E_ERROR: [2] Undefined variable $datasetsJson in C:\xampp\htdocs\edupack\backend\scripts.php on line 485
[2025-09-27 17:11:43] E_ERROR: [2] Undefined variable $classesJson in C:\xampp\htdocs\edupack\backend\scripts.php on line 178
[2025-09-27 17:11:43] E_ERROR: [2] Undefined variable $datasetsJson in C:\xampp\htdocs\edupack\backend\scripts.php on line 179
[2025-09-27 17:11:43] E_ERROR: [2] Undefined variable $termsJson in C:\xampp\htdocs\edupack\backend\scripts.php on line 484
[2025-09-27 17:11:43] E_ERROR: [2] Undefined variable $datasetsJson in C:\xampp\htdocs\edupack\backend\scripts.php on line 485
[2025-09-27 17:11:45] E_ERROR: [2] Undefined variable $classesJson in C:\xampp\htdocs\edupack\backend\scripts.php on line 178
[2025-09-27 17:11:45] E_ERROR: [2] Undefined variable $datasetsJson in C:\xampp\htdocs\edupack\backend\scripts.php on line 179
[2025-09-27 17:11:45] E_ERROR: [2] Undefined variable $termsJson in C:\xampp\htdocs\edupack\backend\scripts.php on line 484
[2025-09-27 17:11:45] E_ERROR: [2] Undefined variable $datasetsJson in C:\xampp\htdocs\edupack\backend\scripts.php on line 485
[2025-09-27 19:40:10] E_ERROR: [2] Undefined variable $termsJson in C:\xampp\htdocs\edupack\backend\scripts.php on line 484
[2025-09-27 19:57:14] E_ERROR: [2] Undefined variable $classesJson in C:\xampp\htdocs\edupack\backend\scripts.php on line 178
[2025-09-27 19:57:14] E_ERROR: [2] Undefined variable $datasetsJson in C:\xampp\htdocs\edupack\backend\scripts.php on line 179
[2025-09-27 19:57:14] E_ERROR: [2] Undefined variable $termsJson in C:\xampp\htdocs\edupack\backend\scripts.php on line 484
[2025-09-27 19:57:14] E_ERROR: [2] Undefined variable $datasetsJson in C:\xampp\htdocs\edupack\backend\scripts.php on line 485
[2025-09-27 19:58:14] E_ERROR: [2] Undefined variable $classesJson in C:\xampp\htdocs\edupack\backend\scripts.php on line 178
[2025-09-27 19:58:14] E_ERROR: [2] Undefined variable $datasetsJson in C:\xampp\htdocs\edupack\backend\scripts.php on line 179
[2025-09-27 19:58:14] E_ERROR: [2] Undefined variable $termsJson in C:\xampp\htdocs\edupack\backend\scripts.php on line 484
[2025-09-27 19:58:14] E_ERROR: [2] Undefined variable $datasetsJson in C:\xampp\htdocs\edupack\backend\scripts.php on line 485
[2025-09-27 20:03:13] E_ERROR: [2] Undefined variable $termsJson in C:\xampp\htdocs\edupack\backend\scripts.php on line 484
[2025-09-27 20:04:00] E_ERROR: [2] Undefined variable $termsJson in C:\xampp\htdocs\edupack\backend\scripts.php on line 484
[2025-09-27 20:07:44] E_ERROR: [2] Undefined variable $termsJson in C:\xampp\htdocs\edupack\backend\scripts.php on line 484
[2025-09-27 20:13:41] E_ERROR: [2] Undefined variable $termsJson in C:\xampp\htdocs\edupack\backend\scripts.php on line 484
[2025-09-27 20:14:42] E_ERROR: [2] Undefined variable $termsJson in C:\xampp\htdocs\edupack\backend\scripts.php on line 484
[2025-09-27 20:18:20] E_ERROR: [2] Undefined variable $termsJson in C:\xampp\htdocs\edupack\backend\scripts.php on line 484
[2025-09-27 20:21:50] E_ERROR: [2] Undefined variable $classesJson in C:\xampp\htdocs\edupack\backend\scripts.php on line 178
[2025-09-27 20:21:50] E_ERROR: [2] Undefined variable $datasetsJson in C:\xampp\htdocs\edupack\backend\scripts.php on line 179
[2025-09-27 20:21:50] E_ERROR: [2] Undefined variable $termsJson in C:\xampp\htdocs\edupack\backend\scripts.php on line 484
[2025-09-27 20:21:50] E_ERROR: [2] Undefined variable $datasetsJson in C:\xampp\htdocs\edupack\backend\scripts.php on line 485
[2025-09-27 20:26:52] E_ERROR: [2] Undefined variable $classesJson in C:\xampp\htdocs\edupack\backend\scripts.php on line 178
[2025-09-27 20:26:52] E_ERROR: [2] Undefined variable $datasetsJson in C:\xampp\htdocs\edupack\backend\scripts.php on line 179
[2025-09-27 20:26:52] E_ERROR: [2] Undefined variable $termsJson in C:\xampp\htdocs\edupack\backend\scripts.php on line 484
[2025-09-27 20:26:52] E_ERROR: [2] Undefined variable $datasetsJson in C:\xampp\htdocs\edupack\backend\scripts.php on line 485
[2025-09-27 20:31:31] E_ERROR: [2] Undefined variable $termsJson in C:\xampp\htdocs\edupack\backend\scripts.php on line 484
[2025-09-27 20:31:40] E_ERROR: [2] Undefined variable $termsJson in C:\xampp\htdocs\edupack\backend\scripts.php on line 484
[2025-09-27 20:36:16] E_ERROR: [2] Undefined variable $termsJson in C:\xampp\htdocs\edupack\backend\scripts.php on line 484
[2025-09-27 20:39:24] E_ERROR: [2] Undefined variable $classesJson in C:\xampp\htdocs\edupack\backend\scripts.php on line 178
[2025-09-27 20:39:24] E_ERROR: [2] Undefined variable $datasetsJson in C:\xampp\htdocs\edupack\backend\scripts.php on line 179
[2025-09-27 20:39:24] E_ERROR: [2] Undefined variable $termsJson in C:\xampp\htdocs\edupack\backend\scripts.php on line 484
[2025-09-27 20:39:24] E_ERROR: [2] Undefined variable $datasetsJson in C:\xampp\htdocs\edupack\backend\scripts.php on line 485
[2025-09-27 20:41:00] E_ERROR: [2] Undefined variable $classesJson in C:\xampp\htdocs\edupack\backend\scripts.php on line 178
[2025-09-27 20:41:00] E_ERROR: [2] Undefined variable $datasetsJson in C:\xampp\htdocs\edupack\backend\scripts.php on line 179
[2025-09-27 20:41:00] E_ERROR: [2] Undefined variable $termsJson in C:\xampp\htdocs\edupack\backend\scripts.php on line 484
[2025-09-27 20:41:00] E_ERROR: [2] Undefined variable $datasetsJson in C:\xampp\htdocs\edupack\backend\scripts.php on line 485
[2025-09-27 20:42:32] E_ERROR: [2] Undefined variable $classesJson in C:\xampp\htdocs\edupack\backend\scripts.php on line 178
[2025-09-27 20:42:32] E_ERROR: [2] Undefined variable $datasetsJson in C:\xampp\htdocs\edupack\backend\scripts.php on line 179
[2025-09-27 20:42:32] E_ERROR: [2] Undefined variable $termsJson in C:\xampp\htdocs\edupack\backend\scripts.php on line 484
[2025-09-27 20:42:32] E_ERROR: [2] Undefined variable $datasetsJson in C:\xampp\htdocs\edupack\backend\scripts.php on line 485
[2025-09-27 20:49:17] E_ERROR: [2] Undefined variable $termsJson in C:\xampp\htdocs\edupack\backend\scripts.php on line 484
[2025-09-27 20:53:28] E_ERROR: [2] Undefined variable $termsJson in C:\xampp\htdocs\edupack\backend\scripts.php on line 484
[2025-09-27 21:03:46] E_ERROR: [2] Undefined variable $termsJson in C:\xampp\htdocs\edupack\backend\scripts.php on line 484
[2025-09-27 21:07:25] E_ERROR: [2] Undefined variable $termsJson in C:\xampp\htdocs\edupack\backend\scripts.php on line 484
[2025-09-27 21:17:32] E_ERROR: [2] Undefined variable $termsJson in C:\xampp\htdocs\edupack\backend\scripts.php on line 484
[2025-09-27 21:22:03] E_ERROR: [2] Undefined variable $classesJson in C:\xampp\htdocs\edupack\backend\scripts.php on line 178
[2025-09-27 21:22:03] E_ERROR: [2] Undefined variable $datasetsJson in C:\xampp\htdocs\edupack\backend\scripts.php on line 179
[2025-09-27 21:22:03] E_ERROR: [2] Undefined variable $termsJson in C:\xampp\htdocs\edupack\backend\scripts.php on line 484
[2025-09-27 21:22:03] E_ERROR: [2] Undefined variable $datasetsJson in C:\xampp\htdocs\edupack\backend\scripts.php on line 485
[2025-09-27 21:22:32] E_ERROR: [2] Undefined variable $termsJson in C:\xampp\htdocs\edupack\backend\scripts.php on line 484
[2025-09-27 21:22:43] E_ERROR: [2] Undefined variable $classesJson in C:\xampp\htdocs\edupack\backend\scripts.php on line 178
[2025-09-27 21:22:43] E_ERROR: [2] Undefined variable $datasetsJson in C:\xampp\htdocs\edupack\backend\scripts.php on line 179
[2025-09-27 21:22:43] E_ERROR: [2] Undefined variable $termsJson in C:\xampp\htdocs\edupack\backend\scripts.php on line 484
[2025-09-27 21:22:43] E_ERROR: [2] Undefined variable $datasetsJson in C:\xampp\htdocs\edupack\backend\scripts.php on line 485
[2025-09-27 21:27:47] E_ERROR: [2] Undefined variable $classesJson in C:\xampp\htdocs\edupack\backend\scripts.php on line 178
[2025-09-27 21:27:47] E_ERROR: [2] Undefined variable $datasetsJson in C:\xampp\htdocs\edupack\backend\scripts.php on line 179
[2025-09-27 21:27:47] E_ERROR: [2] Undefined variable $termsJson in C:\xampp\htdocs\edupack\backend\scripts.php on line 484
[2025-09-27 21:27:47] E_ERROR: [2] Undefined variable $datasetsJson in C:\xampp\htdocs\edupack\backend\scripts.php on line 485
[2025-09-27 21:28:18] E_ERROR: [2] Undefined variable $classesJson in C:\xampp\htdocs\edupack\backend\scripts.php on line 178
[2025-09-27 21:28:18] E_ERROR: [2] Undefined variable $datasetsJson in C:\xampp\htdocs\edupack\backend\scripts.php on line 179
[2025-09-27 21:28:18] E_ERROR: [2] Undefined variable $termsJson in C:\xampp\htdocs\edupack\backend\scripts.php on line 484
[2025-09-27 21:28:18] E_ERROR: [2] Undefined variable $datasetsJson in C:\xampp\htdocs\edupack\backend\scripts.php on line 485
[2025-09-27 21:35:41] E_ERROR: [2] Undefined variable $classesJson in C:\xampp\htdocs\edupack\backend\scripts.php on line 178
[2025-09-27 21:35:41] E_ERROR: [2] Undefined variable $datasetsJson in C:\xampp\htdocs\edupack\backend\scripts.php on line 179
[2025-09-27 21:35:41] E_ERROR: [2] Undefined variable $termsJson in C:\xampp\htdocs\edupack\backend\scripts.php on line 484
[2025-09-27 21:35:41] E_ERROR: [2] Undefined variable $datasetsJson in C:\xampp\htdocs\edupack\backend\scripts.php on line 485
[2025-09-27 21:58:02] E_ERROR: [2] Undefined variable $classesJson in C:\xampp\htdocs\edupack\backend\scripts.php on line 178
[2025-09-27 21:58:02] E_ERROR: [2] Undefined variable $datasetsJson in C:\xampp\htdocs\edupack\backend\scripts.php on line 179
[2025-09-27 21:58:02] E_ERROR: [2] Undefined variable $termsJson in C:\xampp\htdocs\edupack\backend\scripts.php on line 484
[2025-09-27 21:58:02] E_ERROR: [2] Undefined variable $datasetsJson in C:\xampp\htdocs\edupack\backend\scripts.php on line 485
[2025-09-27 22:02:52] E_ERROR: [8192] number_format(): Passing null to parameter #1 ($num) of type float is deprecated in C:\xampp\htdocs\edupack\backend\tuckdashboard.php on line 192
[2025-09-27 22:02:52] E_ERROR: [8192] number_format(): Passing null to parameter #1 ($num) of type float is deprecated in C:\xampp\htdocs\edupack\backend\tuckdashboard.php on line 246
[2025-09-27 22:02:52] E_ERROR: [2] Undefined variable $classesJson in C:\xampp\htdocs\edupack\backend\scripts.php on line 178
[2025-09-27 22:02:52] E_ERROR: [2] Undefined variable $datasetsJson in C:\xampp\htdocs\edupack\backend\scripts.php on line 179
[2025-09-27 22:02:52] E_ERROR: [2] Undefined variable $termsJson in C:\xampp\htdocs\edupack\backend\scripts.php on line 484
[2025-09-27 22:02:52] E_ERROR: [2] Undefined variable $datasetsJson in C:\xampp\htdocs\edupack\backend\scripts.php on line 485
[2025-09-27 22:08:29] E_ERROR: [2] Undefined variable $classesJson in C:\xampp\htdocs\edupack\backend\scripts.php on line 178
[2025-09-27 22:08:29] E_ERROR: [2] Undefined variable $datasetsJson in C:\xampp\htdocs\edupack\backend\scripts.php on line 179
[2025-09-27 22:08:29] E_ERROR: [2] Undefined variable $termsJson in C:\xampp\htdocs\edupack\backend\scripts.php on line 484
[2025-09-27 22:08:29] E_ERROR: [2] Undefined variable $datasetsJson in C:\xampp\htdocs\edupack\backend\scripts.php on line 485
[2025-09-27 22:13:50] E_ERROR: [2] Undefined variable $classesJson in C:\xampp\htdocs\edupack\backend\scripts.php on line 178
[2025-09-27 22:13:50] E_ERROR: [2] Undefined variable $datasetsJson in C:\xampp\htdocs\edupack\backend\scripts.php on line 179
[2025-09-27 22:13:50] E_ERROR: [2] Undefined variable $termsJson in C:\xampp\htdocs\edupack\backend\scripts.php on line 484
[2025-09-27 22:13:50] E_ERROR: [2] Undefined variable $datasetsJson in C:\xampp\htdocs\edupack\backend\scripts.php on line 485
[2025-09-27 22:18:10] E_ERROR: [2] Undefined variable $student_name in C:\xampp\htdocs\edupack\backend\navbar.php on line 108
[2025-09-27 22:18:10] E_ERROR: [8192] htmlspecialchars(): Passing null to parameter #1 ($string) of type string is deprecated in C:\xampp\htdocs\edupack\backend\navbar.php on line 108
[2025-09-27 22:18:10] E_ERROR: [2] Undefined variable $student_name in C:\xampp\htdocs\edupack\backend\navbar.php on line 123
[2025-09-27 22:18:10] E_ERROR: [8192] htmlspecialchars(): Passing null to parameter #1 ($string) of type string is deprecated in C:\xampp\htdocs\edupack\backend\navbar.php on line 123
[2025-09-27 22:18:10] E_ERROR: [2] Undefined variable $classesJson in C:\xampp\htdocs\edupack\backend\scripts.php on line 178
[2025-09-27 22:18:10] E_ERROR: [2] Undefined variable $datasetsJson in C:\xampp\htdocs\edupack\backend\scripts.php on line 179
[2025-09-27 22:18:10] E_ERROR: [2] Undefined variable $termsJson in C:\xampp\htdocs\edupack\backend\scripts.php on line 484
[2025-09-27 22:18:10] E_ERROR: [2] Undefined variable $datasetsJson in C:\xampp\htdocs\edupack\backend\scripts.php on line 485
[2025-09-27 22:19:30] E_ERROR: [2] Undefined variable $student_name in C:\xampp\htdocs\edupack\backend\navbar.php on line 108
[2025-09-27 22:19:30] E_ERROR: [8192] htmlspecialchars(): Passing null to parameter #1 ($string) of type string is deprecated in C:\xampp\htdocs\edupack\backend\navbar.php on line 108
[2025-09-27 22:19:30] E_ERROR: [2] Undefined variable $student_name in C:\xampp\htdocs\edupack\backend\navbar.php on line 123
[2025-09-27 22:19:30] E_ERROR: [8192] htmlspecialchars(): Passing null to parameter #1 ($string) of type string is deprecated in C:\xampp\htdocs\edupack\backend\navbar.php on line 123
[2025-09-27 22:19:30] E_ERROR: [2] Undefined variable $classesJson in C:\xampp\htdocs\edupack\backend\scripts.php on line 178
[2025-09-27 22:19:30] E_ERROR: [2] Undefined variable $datasetsJson in C:\xampp\htdocs\edupack\backend\scripts.php on line 179
[2025-09-27 22:19:30] E_ERROR: [2] Undefined variable $termsJson in C:\xampp\htdocs\edupack\backend\scripts.php on line 484
[2025-09-27 22:19:30] E_ERROR: [2] Undefined variable $datasetsJson in C:\xampp\htdocs\edupack\backend\scripts.php on line 485
[2025-09-27 22:19:35] E_ERROR: [2] Undefined variable $termsJson in C:\xampp\htdocs\edupack\backend\scripts.php on line 484
[2025-09-27 22:19:41] E_ERROR: [2] Undefined variable $student_name in C:\xampp\htdocs\edupack\backend\navbar.php on line 108
[2025-09-27 22:19:41] E_ERROR: [8192] htmlspecialchars(): Passing null to parameter #1 ($string) of type string is deprecated in C:\xampp\htdocs\edupack\backend\navbar.php on line 108
[2025-09-27 22:19:41] E_ERROR: [2] Undefined variable $student_name in C:\xampp\htdocs\edupack\backend\navbar.php on line 123
[2025-09-27 22:19:41] E_ERROR: [8192] htmlspecialchars(): Passing null to parameter #1 ($string) of type string is deprecated in C:\xampp\htdocs\edupack\backend\navbar.php on line 123
[2025-09-27 22:19:41] E_ERROR: [2] Undefined variable $classesJson in C:\xampp\htdocs\edupack\backend\scripts.php on line 178
[2025-09-27 22:19:41] E_ERROR: [2] Undefined variable $datasetsJson in C:\xampp\htdocs\edupack\backend\scripts.php on line 179
[2025-09-27 22:19:41] E_ERROR: [2] Undefined variable $termsJson in C:\xampp\htdocs\edupack\backend\scripts.php on line 484
[2025-09-27 22:19:41] E_ERROR: [2] Undefined variable $datasetsJson in C:\xampp\htdocs\edupack\backend\scripts.php on line 485
[2025-09-27 22:20:17] E_ERROR: [2] Undefined variable $student_name in C:\xampp\htdocs\edupack\backend\navbar.php on line 108
[2025-09-27 22:20:17] E_ERROR: [8192] htmlspecialchars(): Passing null to parameter #1 ($string) of type string is deprecated in C:\xampp\htdocs\edupack\backend\navbar.php on line 108
[2025-09-27 22:20:17] E_ERROR: [2] Undefined variable $student_name in C:\xampp\htdocs\edupack\backend\navbar.php on line 123
[2025-09-27 22:20:17] E_ERROR: [8192] htmlspecialchars(): Passing null to parameter #1 ($string) of type string is deprecated in C:\xampp\htdocs\edupack\backend\navbar.php on line 123
[2025-09-27 22:20:17] E_ERROR: [2] Undefined variable $classesJson in C:\xampp\htdocs\edupack\backend\scripts.php on line 178
[2025-09-27 22:20:17] E_ERROR: [2] Undefined variable $datasetsJson in C:\xampp\htdocs\edupack\backend\scripts.php on line 179
[2025-09-27 22:20:17] E_ERROR: [2] Undefined variable $termsJson in C:\xampp\htdocs\edupack\backend\scripts.php on line 484
[2025-09-27 22:20:17] E_ERROR: [2] Undefined variable $datasetsJson in C:\xampp\htdocs\edupack\backend\scripts.php on line 485
[2025-09-27 22:21:29] E_ERROR: [2] Undefined variable $termsJson in C:\xampp\htdocs\edupack\backend\scripts.php on line 484
[2025-09-27 22:21:33] E_ERROR: [2] Undefined variable $student_name in C:\xampp\htdocs\edupack\backend\navbar.php on line 108
[2025-09-27 22:21:33] E_ERROR: [8192] htmlspecialchars(): Passing null to parameter #1 ($string) of type string is deprecated in C:\xampp\htdocs\edupack\backend\navbar.php on line 108
[2025-09-27 22:21:33] E_ERROR: [2] Undefined variable $student_name in C:\xampp\htdocs\edupack\backend\navbar.php on line 123
[2025-09-27 22:21:33] E_ERROR: [8192] htmlspecialchars(): Passing null to parameter #1 ($string) of type string is deprecated in C:\xampp\htdocs\edupack\backend\navbar.php on line 123
[2025-09-27 22:21:33] E_ERROR: [2] Undefined variable $classesJson in C:\xampp\htdocs\edupack\backend\scripts.php on line 178
[2025-09-27 22:21:33] E_ERROR: [2] Undefined variable $datasetsJson in C:\xampp\htdocs\edupack\backend\scripts.php on line 179
[2025-09-27 22:21:33] E_ERROR: [2] Undefined variable $termsJson in C:\xampp\htdocs\edupack\backend\scripts.php on line 484
[2025-09-27 22:21:33] E_ERROR: [2] Undefined variable $datasetsJson in C:\xampp\htdocs\edupack\backend\scripts.php on line 485
[2025-09-27 22:24:56] E_ERROR: [2] Undefined variable $classesJson in C:\xampp\htdocs\edupack\backend\scripts.php on line 178
[2025-09-27 22:24:56] E_ERROR: [2] Undefined variable $datasetsJson in C:\xampp\htdocs\edupack\backend\scripts.php on line 179
[2025-09-27 22:24:56] E_ERROR: [2] Undefined variable $termsJson in C:\xampp\htdocs\edupack\backend\scripts.php on line 484
[2025-09-27 22:24:56] E_ERROR: [2] Undefined variable $datasetsJson in C:\xampp\htdocs\edupack\backend\scripts.php on line 485
[2025-09-27 22:30:40] E_ERROR: [2] Undefined variable $classesJson in C:\xampp\htdocs\edupack\backend\scripts.php on line 178
[2025-09-27 22:30:40] E_ERROR: [2] Undefined variable $datasetsJson in C:\xampp\htdocs\edupack\backend\scripts.php on line 179
[2025-09-27 22:30:40] E_ERROR: [2] Undefined variable $termsJson in C:\xampp\htdocs\edupack\backend\scripts.php on line 484
[2025-09-27 22:30:40] E_ERROR: [2] Undefined variable $datasetsJson in C:\xampp\htdocs\edupack\backend\scripts.php on line 485
[2025-09-27 22:35:58] E_ERROR: [2] Undefined variable $classesJson in C:\xampp\htdocs\edupack\backend\scripts.php on line 178
[2025-09-27 22:35:58] E_ERROR: [2] Undefined variable $datasetsJson in C:\xampp\htdocs\edupack\backend\scripts.php on line 179
[2025-09-27 22:35:58] E_ERROR: [2] Undefined variable $termsJson in C:\xampp\htdocs\edupack\backend\scripts.php on line 484
[2025-09-27 22:35:58] E_ERROR: [2] Undefined variable $datasetsJson in C:\xampp\htdocs\edupack\backend\scripts.php on line 485
[2025-09-27 22:40:35] E_ERROR: [2] Undefined variable $classesJson in C:\xampp\htdocs\edupack\backend\scripts.php on line 178
[2025-09-27 22:40:35] E_ERROR: [2] Undefined variable $datasetsJson in C:\xampp\htdocs\edupack\backend\scripts.php on line 179
[2025-09-27 22:40:35] E_ERROR: [2] Undefined variable $termsJson in C:\xampp\htdocs\edupack\backend\scripts.php on line 484
[2025-09-27 22:40:35] E_ERROR: [2] Undefined variable $datasetsJson in C:\xampp\htdocs\edupack\backend\scripts.php on line 485
[2025-09-27 22:44:40] E_ERROR: [2] Undefined variable $classesJson in C:\xampp\htdocs\edupack\backend\scripts.php on line 178
[2025-09-27 22:44:40] E_ERROR: [2] Undefined variable $datasetsJson in C:\xampp\htdocs\edupack\backend\scripts.php on line 179
[2025-09-27 22:44:40] E_ERROR: [2] Undefined variable $termsJson in C:\xampp\htdocs\edupack\backend\scripts.php on line 484
[2025-09-27 22:44:40] E_ERROR: [2] Undefined variable $datasetsJson in C:\xampp\htdocs\edupack\backend\scripts.php on line 485
[2025-09-27 22:48:29] E_ERROR: [2] Undefined variable $classesJson in C:\xampp\htdocs\edupack\backend\scripts.php on line 178
[2025-09-27 22:48:29] E_ERROR: [2] Undefined variable $datasetsJson in C:\xampp\htdocs\edupack\backend\scripts.php on line 179
[2025-09-27 22:48:29] E_ERROR: [2] Undefined variable $termsJson in C:\xampp\htdocs\edupack\backend\scripts.php on line 484
[2025-09-27 22:48:29] E_ERROR: [2] Undefined variable $datasetsJson in C:\xampp\htdocs\edupack\backend\scripts.php on line 485
[2025-09-27 22:51:27] E_ERROR: [2] Undefined variable $classesJson in C:\xampp\htdocs\edupack\backend\scripts.php on line 178
[2025-09-27 22:51:27] E_ERROR: [2] Undefined variable $datasetsJson in C:\xampp\htdocs\edupack\backend\scripts.php on line 179
[2025-09-27 22:51:27] E_ERROR: [2] Undefined variable $termsJson in C:\xampp\htdocs\edupack\backend\scripts.php on line 484
[2025-09-27 22:51:27] E_ERROR: [2] Undefined variable $datasetsJson in C:\xampp\htdocs\edupack\backend\scripts.php on line 485
[2025-09-27 22:53:42] E_ERROR: [2] Undefined variable $classesJson in C:\xampp\htdocs\edupack\backend\scripts.php on line 178
[2025-09-27 22:53:42] E_ERROR: [2] Undefined variable $datasetsJson in C:\xampp\htdocs\edupack\backend\scripts.php on line 179
[2025-09-27 22:53:42] E_ERROR: [2] Undefined variable $termsJson in C:\xampp\htdocs\edupack\backend\scripts.php on line 484
[2025-09-27 22:53:42] E_ERROR: [2] Undefined variable $datasetsJson in C:\xampp\htdocs\edupack\backend\scripts.php on line 485
[2025-09-27 22:53:44] E_ERROR: [2] Undefined variable $classesJson in C:\xampp\htdocs\edupack\backend\scripts.php on line 178
[2025-09-27 22:53:44] E_ERROR: [2] Undefined variable $datasetsJson in C:\xampp\htdocs\edupack\backend\scripts.php on line 179
[2025-09-27 22:53:44] E_ERROR: [2] Undefined variable $termsJson in C:\xampp\htdocs\edupack\backend\scripts.php on line 484
[2025-09-27 22:53:44] E_ERROR: [2] Undefined variable $datasetsJson in C:\xampp\htdocs\edupack\backend\scripts.php on line 485
[2025-09-27 23:06:15] E_ERROR: [2] Undefined variable $classesJson in C:\xampp\htdocs\edupack\backend\scripts.php on line 178
[2025-09-27 23:06:15] E_ERROR: [2] Undefined variable $datasetsJson in C:\xampp\htdocs\edupack\backend\scripts.php on line 179
[2025-09-27 23:06:15] E_ERROR: [2] Undefined variable $termsJson in C:\xampp\htdocs\edupack\backend\scripts.php on line 484
[2025-09-27 23:06:15] E_ERROR: [2] Undefined variable $datasetsJson in C:\xampp\htdocs\edupack\backend\scripts.php on line 485
[2025-09-27 23:07:15] E_ERROR: [2] Undefined variable $classesJson in C:\xampp\htdocs\edupack\backend\scripts.php on line 178
[2025-09-27 23:07:15] E_ERROR: [2] Undefined variable $datasetsJson in C:\xampp\htdocs\edupack\backend\scripts.php on line 179
[2025-09-27 23:07:15] E_ERROR: [2] Undefined variable $termsJson in C:\xampp\htdocs\edupack\backend\scripts.php on line 484
[2025-09-27 23:07:15] E_ERROR: [2] Undefined variable $datasetsJson in C:\xampp\htdocs\edupack\backend\scripts.php on line 485
[2025-09-27 23:07:25] E_ERROR: [2] Undefined variable $classesJson in C:\xampp\htdocs\edupack\backend\scripts.php on line 178
[2025-09-27 23:07:25] E_ERROR: [2] Undefined variable $datasetsJson in C:\xampp\htdocs\edupack\backend\scripts.php on line 179
[2025-09-27 23:07:25] E_ERROR: [2] Undefined variable $termsJson in C:\xampp\htdocs\edupack\backend\scripts.php on line 484
[2025-09-27 23:07:25] E_ERROR: [2] Undefined variable $datasetsJson in C:\xampp\htdocs\edupack\backend\scripts.php on line 485
[2025-09-27 23:07:38] E_ERROR: [2] Undefined variable $classesJson in C:\xampp\htdocs\edupack\backend\scripts.php on line 178
[2025-09-27 23:07:38] E_ERROR: [2] Undefined variable $datasetsJson in C:\xampp\htdocs\edupack\backend\scripts.php on line 179
[2025-09-27 23:07:38] E_ERROR: [2] Undefined variable $termsJson in C:\xampp\htdocs\edupack\backend\scripts.php on line 484
[2025-09-27 23:07:38] E_ERROR: [2] Undefined variable $datasetsJson in C:\xampp\htdocs\edupack\backend\scripts.php on line 485
[2025-09-27 23:11:32] E_ERROR: [2] Undefined variable $classesJson in C:\xampp\htdocs\edupack\backend\scripts.php on line 178
[2025-09-27 23:11:32] E_ERROR: [2] Undefined variable $datasetsJson in C:\xampp\htdocs\edupack\backend\scripts.php on line 179
[2025-09-27 23:11:32] E_ERROR: [2] Undefined variable $termsJson in C:\xampp\htdocs\edupack\backend\scripts.php on line 484
[2025-09-27 23:11:32] E_ERROR: [2] Undefined variable $datasetsJson in C:\xampp\htdocs\edupack\backend\scripts.php on line 485
[2025-09-27 23:13:45] E_ERROR: [2] Undefined variable $student_name in C:\xampp\htdocs\edupack\backend\navbar.php on line 108
[2025-09-27 23:13:45] E_ERROR: [8192] htmlspecialchars(): Passing null to parameter #1 ($string) of type string is deprecated in C:\xampp\htdocs\edupack\backend\navbar.php on line 108
[2025-09-27 23:13:45] E_ERROR: [2] Undefined variable $student_name in C:\xampp\htdocs\edupack\backend\navbar.php on line 123
[2025-09-27 23:13:45] E_ERROR: [8192] htmlspecialchars(): Passing null to parameter #1 ($string) of type string is deprecated in C:\xampp\htdocs\edupack\backend\navbar.php on line 123
[2025-09-27 23:13:45] E_ERROR: [2] Undefined variable $classesJson in C:\xampp\htdocs\edupack\backend\scripts.php on line 178
[2025-09-27 23:13:45] E_ERROR: [2] Undefined variable $datasetsJson in C:\xampp\htdocs\edupack\backend\scripts.php on line 179
[2025-09-27 23:13:45] E_ERROR: [2] Undefined variable $termsJson in C:\xampp\htdocs\edupack\backend\scripts.php on line 484
[2025-09-27 23:13:45] E_ERROR: [2] Undefined variable $datasetsJson in C:\xampp\htdocs\edupack\backend\scripts.php on line 485
[2025-09-27 23:18:16] E_ERROR: [2] Undefined variable $classesJson in C:\xampp\htdocs\edupack\backend\scripts.php on line 178
[2025-09-27 23:18:16] E_ERROR: [2] Undefined variable $datasetsJson in C:\xampp\htdocs\edupack\backend\scripts.php on line 179
[2025-09-27 23:18:16] E_ERROR: [2] Undefined variable $termsJson in C:\xampp\htdocs\edupack\backend\scripts.php on line 484
[2025-09-27 23:18:16] E_ERROR: [2] Undefined variable $datasetsJson in C:\xampp\htdocs\edupack\backend\scripts.php on line 485
[2025-09-27 23:27:57] E_ERROR: [2] Undefined variable $termsJson in C:\xampp\htdocs\edupack\backend\scripts.php on line 484
[2025-09-27 23:29:48] E_ERROR: [2] Undefined variable $classesJson in C:\xampp\htdocs\edupack\backend\scripts.php on line 178
[2025-09-27 23:29:48] E_ERROR: [2] Undefined variable $datasetsJson in C:\xampp\htdocs\edupack\backend\scripts.php on line 179
[2025-09-27 23:29:48] E_ERROR: [2] Undefined variable $termsJson in C:\xampp\htdocs\edupack\backend\scripts.php on line 484
[2025-09-27 23:29:48] E_ERROR: [2] Undefined variable $datasetsJson in C:\xampp\htdocs\edupack\backend\scripts.php on line 485
[2025-09-27 23:45:05] E_ERROR: [2] Undefined variable $termsJson in C:\xampp\htdocs\edupack\backend\scripts.php on line 484
[2025-09-27 23:45:15] E_ERROR: [2] Undefined variable $termsJson in C:\xampp\htdocs\edupack\backend\scripts.php on line 484
[2025-09-27 23:45:19] E_ERROR: [2] Undefined variable $classesJson in C:\xampp\htdocs\edupack\backend\scripts.php on line 178
[2025-09-27 23:45:19] E_ERROR: [2] Undefined variable $datasetsJson in C:\xampp\htdocs\edupack\backend\scripts.php on line 179
[2025-09-27 23:45:19] E_ERROR: [2] Undefined variable $termsJson in C:\xampp\htdocs\edupack\backend\scripts.php on line 484
[2025-09-27 23:45:19] E_ERROR: [2] Undefined variable $datasetsJson in C:\xampp\htdocs\edupack\backend\scripts.php on line 485
[2025-09-27 23:45:23] E_ERROR: [2] Undefined variable $classesJson in C:\xampp\htdocs\edupack\backend\scripts.php on line 178
[2025-09-27 23:45:23] E_ERROR: [2] Undefined variable $datasetsJson in C:\xampp\htdocs\edupack\backend\scripts.php on line 179
[2025-09-27 23:45:23] E_ERROR: [2] Undefined variable $termsJson in C:\xampp\htdocs\edupack\backend\scripts.php on line 484
[2025-09-27 23:45:23] E_ERROR: [2] Undefined variable $datasetsJson in C:\xampp\htdocs\edupack\backend\scripts.php on line 485
[2025-09-27 23:45:26] E_ERROR: [2] Undefined variable $classesJson in C:\xampp\htdocs\edupack\backend\scripts.php on line 178
[2025-09-27 23:45:26] E_ERROR: [2] Undefined variable $datasetsJson in C:\xampp\htdocs\edupack\backend\scripts.php on line 179
[2025-09-27 23:45:26] E_ERROR: [2] Undefined variable $termsJson in C:\xampp\htdocs\edupack\backend\scripts.php on line 484
[2025-09-27 23:45:26] E_ERROR: [2] Undefined variable $datasetsJson in C:\xampp\htdocs\edupack\backend\scripts.php on line 485
[2025-09-27 23:45:31] E_ERROR: [2] Undefined variable $student_name in C:\xampp\htdocs\edupack\backend\navbar.php on line 108
[2025-09-27 23:45:31] E_ERROR: [8192] htmlspecialchars(): Passing null to parameter #1 ($string) of type string is deprecated in C:\xampp\htdocs\edupack\backend\navbar.php on line 108
[2025-09-27 23:45:31] E_ERROR: [2] Undefined variable $student_name in C:\xampp\htdocs\edupack\backend\navbar.php on line 123
[2025-09-27 23:45:31] E_ERROR: [8192] htmlspecialchars(): Passing null to parameter #1 ($string) of type string is deprecated in C:\xampp\htdocs\edupack\backend\navbar.php on line 123
[2025-09-27 23:45:31] E_ERROR: [2] Undefined variable $classesJson in C:\xampp\htdocs\edupack\backend\scripts.php on line 178
[2025-09-27 23:45:31] E_ERROR: [2] Undefined variable $datasetsJson in C:\xampp\htdocs\edupack\backend\scripts.php on line 179
[2025-09-27 23:45:31] E_ERROR: [2] Undefined variable $termsJson in C:\xampp\htdocs\edupack\backend\scripts.php on line 484
[2025-09-27 23:45:31] E_ERROR: [2] Undefined variable $datasetsJson in C:\xampp\htdocs\edupack\backend\scripts.php on line 485
[2025-09-27 23:46:26] E_ERROR: [2] Undefined variable $termsJson in C:\xampp\htdocs\edupack\backend\scripts.php on line 484
[2025-09-27 23:46:47] E_ERROR: [2] Undefined variable $termsJson in C:\xampp\htdocs\edupack\backend\scripts.php on line 484
[2025-09-27 23:47:23] E_ERROR: [2] Undefined variable $termsJson in C:\xampp\htdocs\edupack\backend\scripts.php on line 484
[2025-09-27 23:47:31] E_ERROR: [2] Undefined variable $termsJson in C:\xampp\htdocs\edupack\backend\scripts.php on line 484
[2025-09-27 23:48:07] E_ERROR: [2] Undefined variable $termsJson in C:\xampp\htdocs\edupack\backend\scripts.php on line 484
[2025-09-27 23:49:28] E_ERROR: [2] Undefined variable $classesJson in C:\xampp\htdocs\edupack\backend\scripts.php on line 178
[2025-09-27 23:49:28] E_ERROR: [2] Undefined variable $datasetsJson in C:\xampp\htdocs\edupack\backend\scripts.php on line 179
[2025-09-27 23:49:28] E_ERROR: [2] Undefined variable $termsJson in C:\xampp\htdocs\edupack\backend\scripts.php on line 484
[2025-09-27 23:49:28] E_ERROR: [2] Undefined variable $datasetsJson in C:\xampp\htdocs\edupack\backend\scripts.php on line 485
[2025-09-27 23:52:09] E_ERROR: [2] Undefined variable $classesJson in C:\xampp\htdocs\edupack\backend\scripts.php on line 178
[2025-09-27 23:52:09] E_ERROR: [2] Undefined variable $datasetsJson in C:\xampp\htdocs\edupack\backend\scripts.php on line 179
[2025-09-27 23:52:09] E_ERROR: [2] Undefined variable $termsJson in C:\xampp\htdocs\edupack\backend\scripts.php on line 484
[2025-09-27 23:52:09] E_ERROR: [2] Undefined variable $datasetsJson in C:\xampp\htdocs\edupack\backend\scripts.php on line 485
[2025-09-27 23:56:20] E_ERROR: [2] Undefined variable $termsJson in C:\xampp\htdocs\edupack\backend\scripts.php on line 484
[2025-09-27 23:57:59] E_ERROR: [2] Undefined variable $termsJson in C:\xampp\htdocs\edupack\backend\scripts.php on line 484
[2025-09-27 23:58:09] E_ERROR: [2] Undefined variable $termsJson in C:\xampp\htdocs\edupack\backend\scripts.php on line 484
[2025-09-27 23:59:01] E_ERROR: [2] Undefined variable $termsJson in C:\xampp\htdocs\edupack\backend\scripts.php on line 484
[2025-09-27 23:59:56] E_ERROR: [2] Undefined variable $termsJson in C:\xampp\htdocs\edupack\backend\scripts.php on line 484
[2025-09-28 00:01:39] E_ERROR: [2] Undefined variable $termsJson in C:\xampp\htdocs\edupack\backend\scripts.php on line 484
[2025-09-28 00:01:45] E_ERROR: [2] Undefined variable $termsJson in C:\xampp\htdocs\edupack\backend\scripts.php on line 484
[2025-09-28 00:02:16] E_ERROR: [2] Undefined variable $termsJson in C:\xampp\htdocs\edupack\backend\scripts.php on line 484
[2025-09-28 00:04:44] E_ERROR: [2] Undefined variable $termsJson in C:\xampp\htdocs\edupack\backend\scripts.php on line 484
[2025-09-28 00:05:10] E_ERROR: [2] Undefined variable $termsJson in C:\xampp\htdocs\edupack\backend\scripts.php on line 484
[2025-09-28 00:05:36] E_ERROR: [2] Undefined variable $termsJson in C:\xampp\htdocs\edupack\backend\scripts.php on line 484
[2025-09-28 00:07:45] E_ERROR: [2] Undefined variable $termsJson in C:\xampp\htdocs\edupack\backend\scripts.php on line 484
[2025-09-28 00:07:52] E_ERROR: [2] Undefined variable $classesJson in C:\xampp\htdocs\edupack\backend\scripts.php on line 178
[2025-09-28 00:07:52] E_ERROR: [2] Undefined variable $datasetsJson in C:\xampp\htdocs\edupack\backend\scripts.php on line 179
[2025-09-28 00:07:52] E_ERROR: [2] Undefined variable $termsJson in C:\xampp\htdocs\edupack\backend\scripts.php on line 484
[2025-09-28 00:07:52] E_ERROR: [2] Undefined variable $datasetsJson in C:\xampp\htdocs\edupack\backend\scripts.php on line 485
[2025-09-28 00:09:12] E_ERROR: [2] Undefined variable $termsJson in C:\xampp\htdocs\edupack\backend\scripts.php on line 484
[2025-09-28 00:09:16] E_ERROR: [2] Undefined variable $classesJson in C:\xampp\htdocs\edupack\backend\scripts.php on line 178
[2025-09-28 00:09:16] E_ERROR: [2] Undefined variable $datasetsJson in C:\xampp\htdocs\edupack\backend\scripts.php on line 179
[2025-09-28 00:09:16] E_ERROR: [2] Undefined variable $termsJson in C:\xampp\htdocs\edupack\backend\scripts.php on line 484
[2025-09-28 00:09:16] E_ERROR: [2] Undefined variable $datasetsJson in C:\xampp\htdocs\edupack\backend\scripts.php on line 485
[2025-09-28 00:10:45] E_ERROR: [2] Undefined variable $classesJson in C:\xampp\htdocs\edupack\backend\scripts.php on line 178
[2025-09-28 00:10:45] E_ERROR: [2] Undefined variable $datasetsJson in C:\xampp\htdocs\edupack\backend\scripts.php on line 179
[2025-09-28 00:10:45] E_ERROR: [2] Undefined variable $termsJson in C:\xampp\htdocs\edupack\backend\scripts.php on line 484
[2025-09-28 00:10:45] E_ERROR: [2] Undefined variable $datasetsJson in C:\xampp\htdocs\edupack\backend\scripts.php on line 485
[2025-09-28 00:10:48] E_ERROR: [2] Undefined variable $classesJson in C:\xampp\htdocs\edupack\backend\scripts.php on line 178
[2025-09-28 00:10:48] E_ERROR: [2] Undefined variable $datasetsJson in C:\xampp\htdocs\edupack\backend\scripts.php on line 179
[2025-09-28 00:10:48] E_ERROR: [2] Undefined variable $termsJson in C:\xampp\htdocs\edupack\backend\scripts.php on line 484
[2025-09-28 00:10:48] E_ERROR: [2] Undefined variable $datasetsJson in C:\xampp\htdocs\edupack\backend\scripts.php on line 485
[2025-09-28 00:10:57] E_ERROR: [2] Undefined variable $termsJson in C:\xampp\htdocs\edupack\backend\scripts.php on line 484
[2025-09-28 00:11:02] E_ERROR: [2] Undefined variable $classesJson in C:\xampp\htdocs\edupack\backend\scripts.php on line 178
[2025-09-28 00:11:02] E_ERROR: [2] Undefined variable $datasetsJson in C:\xampp\htdocs\edupack\backend\scripts.php on line 179
[2025-09-28 00:11:02] E_ERROR: [2] Undefined variable $termsJson in C:\xampp\htdocs\edupack\backend\scripts.php on line 484
[2025-09-28 00:11:02] E_ERROR: [2] Undefined variable $datasetsJson in C:\xampp\htdocs\edupack\backend\scripts.php on line 485
[2025-09-28 00:13:48] E_ERROR: [2] Undefined variable $termsJson in C:\xampp\htdocs\edupack\backend\scripts.php on line 484
[2025-09-28 00:13:53] E_ERROR: [2] Undefined variable $student_name in C:\xampp\htdocs\edupack\backend\navbar.php on line 108
[2025-09-28 00:13:53] E_ERROR: [8192] htmlspecialchars(): Passing null to parameter #1 ($string) of type string is deprecated in C:\xampp\htdocs\edupack\backend\navbar.php on line 108
[2025-09-28 00:13:53] E_ERROR: [2] Undefined variable $student_name in C:\xampp\htdocs\edupack\backend\navbar.php on line 123
[2025-09-28 00:13:53] E_ERROR: [8192] htmlspecialchars(): Passing null to parameter #1 ($string) of type string is deprecated in C:\xampp\htdocs\edupack\backend\navbar.php on line 123
[2025-09-28 00:13:53] E_ERROR: [2] Undefined variable $classesJson in C:\xampp\htdocs\edupack\backend\scripts.php on line 178
[2025-09-28 00:13:53] E_ERROR: [2] Undefined variable $datasetsJson in C:\xampp\htdocs\edupack\backend\scripts.php on line 179
[2025-09-28 00:13:53] E_ERROR: [2] Undefined variable $termsJson in C:\xampp\htdocs\edupack\backend\scripts.php on line 484
[2025-09-28 00:13:53] E_ERROR: [2] Undefined variable $datasetsJson in C:\xampp\htdocs\edupack\backend\scripts.php on line 485
[2025-09-28 00:21:07] E_ERROR: [2] Undefined variable $termsJson in C:\xampp\htdocs\edupack\backend\scripts.php on line 484
[2025-09-28 00:21:54] E_ERROR: [2] Undefined variable $classesJson in C:\xampp\htdocs\edupack\backend\scripts.php on line 178
[2025-09-28 00:21:54] E_ERROR: [2] Undefined variable $datasetsJson in C:\xampp\htdocs\edupack\backend\scripts.php on line 179
[2025-09-28 00:21:54] E_ERROR: [2] Undefined variable $termsJson in C:\xampp\htdocs\edupack\backend\scripts.php on line 484
[2025-09-28 00:21:54] E_ERROR: [2] Undefined variable $datasetsJson in C:\xampp\htdocs\edupack\backend\scripts.php on line 485
[2025-09-29 10:49:02] E_ERROR: [2] Undefined variable $termsJson in C:\xampp\htdocs\edupack\backend\scripts.php on line 484
[2025-09-29 10:49:55] E_ERROR: [2] Undefined variable $termsJson in C:\xampp\htdocs\edupack\backend\scripts.php on line 484
[2025-09-29 10:51:03] E_ERROR: [2] Undefined variable $termsJson in C:\xampp\htdocs\edupack\backend\scripts.php on line 484
[2025-09-29 11:21:31] E_ERROR: [2] Undefined variable $termsJson in C:\xampp\htdocs\edupack\backend\scripts.php on line 484
[2025-09-29 11:41:48] E_ERROR: [2] Undefined variable $termsJson in C:\xampp\htdocs\edupack\backend\scripts.php on line 484
[2025-09-29 12:49:30] E_ERROR: [2] Undefined variable $termsJson in C:\xampp\htdocs\edupack\backend\scripts.php on line 484
[2025-09-29 12:49:40] E_ERROR: [2] Undefined variable $classesJson in C:\xampp\htdocs\edupack\backend\scripts.php on line 178
[2025-09-29 12:49:40] E_ERROR: [2] Undefined variable $datasetsJson in C:\xampp\htdocs\edupack\backend\scripts.php on line 179
[2025-09-29 12:49:40] E_ERROR: [2] Undefined variable $termsJson in C:\xampp\htdocs\edupack\backend\scripts.php on line 484
[2025-09-29 12:49:40] E_ERROR: [2] Undefined variable $datasetsJson in C:\xampp\htdocs\edupack\backend\scripts.php on line 485
[2025-09-29 12:49:57] E_ERROR: [2] Undefined variable $classesJson in C:\xampp\htdocs\edupack\backend\scripts.php on line 178
[2025-09-29 12:49:57] E_ERROR: [2] Undefined variable $datasetsJson in C:\xampp\htdocs\edupack\backend\scripts.php on line 179
[2025-09-29 12:49:57] E_ERROR: [2] Undefined variable $termsJson in C:\xampp\htdocs\edupack\backend\scripts.php on line 484
[2025-09-29 12:49:57] E_ERROR: [2] Undefined variable $datasetsJson in C:\xampp\htdocs\edupack\backend\scripts.php on line 485
[2025-09-29 12:54:37] E_ERROR: [2] Undefined variable $classesJson in C:\xampp\htdocs\edupack\backend\scripts.php on line 178
[2025-09-29 12:54:37] E_ERROR: [2] Undefined variable $datasetsJson in C:\xampp\htdocs\edupack\backend\scripts.php on line 179
[2025-09-29 12:54:37] E_ERROR: [2] Undefined variable $termsJson in C:\xampp\htdocs\edupack\backend\scripts.php on line 484
[2025-09-29 12:54:37] E_ERROR: [2] Undefined variable $datasetsJson in C:\xampp\htdocs\edupack\backend\scripts.php on line 485
[2025-09-29 12:54:51] E_ERROR: [2] Undefined variable $classesJson in C:\xampp\htdocs\edupack\backend\scripts.php on line 178
[2025-09-29 12:54:51] E_ERROR: [2] Undefined variable $datasetsJson in C:\xampp\htdocs\edupack\backend\scripts.php on line 179
[2025-09-29 12:54:51] E_ERROR: [2] Undefined variable $termsJson in C:\xampp\htdocs\edupack\backend\scripts.php on line 484
[2025-09-29 12:54:51] E_ERROR: [2] Undefined variable $datasetsJson in C:\xampp\htdocs\edupack\backend\scripts.php on line 485
[2025-09-29 12:55:36] Exception: You have an error in your SQL syntax; check the manual that corresponds to your MariaDB server version for the right syntax to use near '@gmail.com)' at line 1 in C:\xampp\htdocs\edupack\backend\register_parent.php on line 47
[2025-09-29 12:55:42] E_ERROR: [2] Undefined variable $classesJson in C:\xampp\htdocs\edupack\backend\scripts.php on line 178
[2025-09-29 12:55:42] E_ERROR: [2] Undefined variable $datasetsJson in C:\xampp\htdocs\edupack\backend\scripts.php on line 179
[2025-09-29 12:55:42] E_ERROR: [2] Undefined variable $termsJson in C:\xampp\htdocs\edupack\backend\scripts.php on line 484
[2025-09-29 12:55:42] E_ERROR: [2] Undefined variable $datasetsJson in C:\xampp\htdocs\edupack\backend\scripts.php on line 485
[2025-09-29 12:55:54] Exception: You have an error in your SQL syntax; check the manual that corresponds to your MariaDB server version for the right syntax to use near '@gmail.com)' at line 1 in C:\xampp\htdocs\edupack\backend\register_parent.php on line 47
[2025-09-29 12:56:53] E_ERROR: [2] Undefined variable $classesJson in C:\xampp\htdocs\edupack\backend\scripts.php on line 178
[2025-09-29 12:56:53] E_ERROR: [2] Undefined variable $datasetsJson in C:\xampp\htdocs\edupack\backend\scripts.php on line 179
[2025-09-29 12:56:53] E_ERROR: [2] Undefined variable $termsJson in C:\xampp\htdocs\edupack\backend\scripts.php on line 484
[2025-09-29 12:56:53] E_ERROR: [2] Undefined variable $datasetsJson in C:\xampp\htdocs\edupack\backend\scripts.php on line 485
[2025-09-29 12:57:00] E_ERROR: [2] Undefined variable $classesJson in C:\xampp\htdocs\edupack\backend\scripts.php on line 178
[2025-09-29 12:57:00] E_ERROR: [2] Undefined variable $datasetsJson in C:\xampp\htdocs\edupack\backend\scripts.php on line 179
[2025-09-29 12:57:00] E_ERROR: [2] Undefined variable $termsJson in C:\xampp\htdocs\edupack\backend\scripts.php on line 484
[2025-09-29 12:57:00] E_ERROR: [2] Undefined variable $datasetsJson in C:\xampp\htdocs\edupack\backend\scripts.php on line 485
[2025-09-29 16:31:14] E_ERROR: [2] Undefined variable $termsJson in C:\xampp\htdocs\edupack\backend\scripts.php on line 484
[2025-09-29 16:34:25] E_ERROR: [2] Undefined variable $termsJson in C:\xampp\htdocs\edupack\backend\scripts.php on line 484
[2025-09-29 16:37:40] E_ERROR: [2] Undefined variable $student_name in C:\xampp\htdocs\edupack\backend\navbar.php on line 108
[2025-09-29 16:37:40] E_ERROR: [8192] htmlspecialchars(): Passing null to parameter #1 ($string) of type string is deprecated in C:\xampp\htdocs\edupack\backend\navbar.php on line 108
[2025-09-29 16:37:40] E_ERROR: [2] Undefined variable $student_name in C:\xampp\htdocs\edupack\backend\navbar.php on line 123
[2025-09-29 16:37:40] E_ERROR: [8192] htmlspecialchars(): Passing null to parameter #1 ($string) of type string is deprecated in C:\xampp\htdocs\edupack\backend\navbar.php on line 123
[2025-09-29 16:37:40] E_ERROR: [2] Undefined variable $classesJson in C:\xampp\htdocs\edupack\backend\scripts.php on line 178
[2025-09-29 16:37:40] E_ERROR: [2] Undefined variable $datasetsJson in C:\xampp\htdocs\edupack\backend\scripts.php on line 179
[2025-09-29 16:37:40] E_ERROR: [2] Undefined variable $termsJson in C:\xampp\htdocs\edupack\backend\scripts.php on line 484
[2025-09-29 16:37:40] E_ERROR: [2] Undefined variable $datasetsJson in C:\xampp\htdocs\edupack\backend\scripts.php on line 485
[2025-09-29 16:37:50] E_ERROR: [2] Undefined variable $studentDetails in C:\xampp\htdocs\edupack\backend\registerstudents.php on line 502
[2025-09-29 16:37:50] E_ERROR: [2] Trying to access array offset on value of type null in C:\xampp\htdocs\edupack\backend\registerstudents.php on line 502
[2025-09-29 16:37:50] E_ERROR: [2] Undefined variable $studentDetails in C:\xampp\htdocs\edupack\backend\registerstudents.php on line 502
[2025-09-29 16:37:50] E_ERROR: [2] Trying to access array offset on value of type null in C:\xampp\htdocs\edupack\backend\registerstudents.php on line 502
[2025-09-29 16:37:50] E_ERROR: [2] Undefined variable $studentDetails in C:\xampp\htdocs\edupack\backend\registerstudents.php on line 502
[2025-09-29 16:37:50] E_ERROR: [2] Trying to access array offset on value of type null in C:\xampp\htdocs\edupack\backend\registerstudents.php on line 502
[2025-09-29 16:37:50] E_ERROR: [2] Undefined variable $studentDetails in C:\xampp\htdocs\edupack\backend\registerstudents.php on line 502
[2025-09-29 16:37:50] E_ERROR: [2] Trying to access array offset on value of type null in C:\xampp\htdocs\edupack\backend\registerstudents.php on line 502
[2025-09-29 16:37:50] E_ERROR: [2] Undefined variable $studentDetails in C:\xampp\htdocs\edupack\backend\registerstudents.php on line 502
[2025-09-29 16:37:50] E_ERROR: [2] Trying to access array offset on value of type null in C:\xampp\htdocs\edupack\backend\registerstudents.php on line 502
[2025-09-29 16:37:50] E_ERROR: [2] Undefined variable $studentDetails in C:\xampp\htdocs\edupack\backend\registerstudents.php on line 502
[2025-09-29 16:37:50] E_ERROR: [2] Trying to access array offset on value of type null in C:\xampp\htdocs\edupack\backend\registerstudents.php on line 502
[2025-09-29 16:37:50] E_ERROR: [2] Undefined variable $termsJson in C:\xampp\htdocs\edupack\backend\scripts.php on line 484
[2025-09-29 16:48:13] E_ERROR: [2] Undefined variable $termsJson in C:\xampp\htdocs\edupack\backend\scripts.php on line 484
[2025-09-29 16:51:01] E_ERROR: [2] include(fees_management.php): Failed to open stream: No such file or directory in C:\xampp\htdocs\edupack\backend\fees_dashboard.php on line 3
[2025-09-29 16:51:01] E_ERROR: [2] include(): Failed opening 'fees_management.php' for inclusion (include_path='C:\xampp\php\PEAR') in C:\xampp\htdocs\edupack\backend\fees_dashboard.php on line 3
[2025-09-29 16:51:01] Exception: Call to undefined function getClasses() in C:\xampp\htdocs\edupack\backend\fees_dashboard.php on line 78
[2025-09-29 16:51:02] E_ERROR: [2] include(fees_management.php): Failed to open stream: No such file or directory in C:\xampp\htdocs\edupack\backend\fees_dashboard.php on line 3
[2025-09-29 16:51:02] E_ERROR: [2] include(): Failed opening 'fees_management.php' for inclusion (include_path='C:\xampp\php\PEAR') in C:\xampp\htdocs\edupack\backend\fees_dashboard.php on line 3
[2025-09-29 16:51:02] Exception: Call to undefined function getClasses() in C:\xampp\htdocs\edupack\backend\fees_dashboard.php on line 78
[2025-09-29 16:52:33] E_ERROR: [2] include(fees_management.php): Failed to open stream: No such file or directory in C:\xampp\htdocs\edupack\backend\fees_dashboard.php on line 3
[2025-09-29 16:52:33] E_ERROR: [2] include(): Failed opening 'fees_management.php' for inclusion (include_path='C:\xampp\php\PEAR') in C:\xampp\htdocs\edupack\backend\fees_dashboard.php on line 3
[2025-09-29 16:52:33] Exception: Call to undefined function getClasses() in C:\xampp\htdocs\edupack\backend\fees_dashboard.php on line 78
[2025-09-29 16:53:16] E_ERROR: [2] Undefined variable $termsJson in C:\xampp\htdocs\edupack\backend\scripts.php on line 484
[2025-09-29 16:54:18] E_ERROR: [2] Undefined variable $termsJson in C:\xampp\htdocs\edupack\backend\scripts.php on line 484
[2025-09-29 16:58:51] E_ERROR: [2] Undefined variable $termsJson in C:\xampp\htdocs\edupack\backend\scripts.php on line 484
[2025-09-29 17:02:43] E_ERROR: [2] Undefined variable $termsJson in C:\xampp\htdocs\edupack\backend\scripts.php on line 484
[2025-09-29 17:06:25] E_ERROR: [2] Undefined variable $termsJson in C:\xampp\htdocs\edupack\backend\scripts.php on line 484
[2025-09-29 17:09:39] E_ERROR: [2] Undefined variable $termsJson in C:\xampp\htdocs\edupack\backend\scripts.php on line 484
[2025-09-29 17:10:42] E_ERROR: [2] Undefined variable $termsJson in C:\xampp\htdocs\edupack\backend\scripts.php on line 484
[2025-09-29 17:10:54] E_ERROR: [2] Undefined variable $termsJson in C:\xampp\htdocs\edupack\backend\scripts.php on line 484
[2025-09-29 17:11:13] E_ERROR: [2] Undefined variable $termsJson in C:\xampp\htdocs\edupack\backend\scripts.php on line 484
[2025-09-29 17:11:41] E_ERROR: [2] Undefined variable $termsJson in C:\xampp\htdocs\edupack\backend\scripts.php on line 484
[2025-09-29 17:12:06] E_ERROR: [2] Undefined variable $termsJson in C:\xampp\htdocs\edupack\backend\scripts.php on line 484
[2025-09-29 17:12:25] E_ERROR: [2] Undefined variable $termsJson in C:\xampp\htdocs\edupack\backend\scripts.php on line 484
[2025-09-29 17:13:03] E_ERROR: [2] Undefined variable $termsJson in C:\xampp\htdocs\edupack\backend\scripts.php on line 484
[2025-09-29 17:15:18] E_ERROR: [2] Undefined variable $termsJson in C:\xampp\htdocs\edupack\backend\scripts.php on line 484
[2025-09-29 17:17:50] E_ERROR: [2] Undefined variable $termsJson in C:\xampp\htdocs\edupack\backend\scripts.php on line 484
[2025-09-29 17:22:31] E_ERROR: [2] Undefined variable $termsJson in C:\xampp\htdocs\edupack\backend\scripts.php on line 484
[2025-09-29 17:25:14] E_ERROR: [2] Undefined variable $termsJson in C:\xampp\htdocs\edupack\backend\scripts.php on line 484
[2025-09-29 17:25:36] Exception: The number of elements in the type definition string must match the number of bind variables in C:\xampp\htdocs\edupack\backend\components\fees_management.php on line 29
[2025-09-29 17:25:41] E_ERROR: [2] Undefined variable $termsJson in C:\xampp\htdocs\edupack\backend\scripts.php on line 484
[2025-09-29 17:30:46] E_ERROR: [2] Undefined variable $termsJson in C:\xampp\htdocs\edupack\backend\scripts.php on line 484
[2025-09-29 17:31:03] E_ERROR: [2] Undefined variable $termsJson in C:\xampp\htdocs\edupack\backend\scripts.php on line 484
[2025-09-29 17:31:19] E_ERROR: [2] Undefined variable $termsJson in C:\xampp\htdocs\edupack\backend\scripts.php on line 484
[2025-09-29 17:33:08] E_ERROR: [2] Undefined variable $termsJson in C:\xampp\htdocs\edupack\backend\scripts.php on line 484
[2025-09-29 17:33:45] E_ERROR: [2] Undefined variable $termsJson in C:\xampp\htdocs\edupack\backend\scripts.php on line 484
[2025-09-29 17:34:09] E_ERROR: [2] Undefined variable $termsJson in C:\xampp\htdocs\edupack\backend\scripts.php on line 484
[2025-09-29 17:35:11] E_ERROR: [2] Undefined variable $termsJson in C:\xampp\htdocs\edupack\backend\scripts.php on line 484
[2025-09-29 17:43:08] E_ERROR: [2] Undefined variable $termsJson in C:\xampp\htdocs\edupack\backend\scripts.php on line 484
[2025-09-29 17:43:43] E_ERROR: [2] Undefined variable $termsJson in C:\xampp\htdocs\edupack\backend\scripts.php on line 484
[2025-09-29 17:44:38] E_ERROR: [2] Undefined variable $termsJson in C:\xampp\htdocs\edupack\backend\scripts.php on line 484
[2025-09-29 17:45:47] E_ERROR: [2] Undefined variable $termsJson in C:\xampp\htdocs\edupack\backend\scripts.php on line 484
[2025-09-29 17:55:19] E_ERROR: [2] Undefined variable $termsJson in C:\xampp\htdocs\edupack\backend\scripts.php on line 484
[2025-09-29 17:56:36] E_ERROR: [2] Undefined variable $termsJson in C:\xampp\htdocs\edupack\backend\scripts.php on line 484
[2025-09-29 17:57:18] E_ERROR: [2] Undefined variable $termsJson in C:\xampp\htdocs\edupack\backend\scripts.php on line 484
[2025-09-29 17:59:14] E_ERROR: [2] Undefined variable $termsJson in C:\xampp\htdocs\edupack\backend\scripts.php on line 484
[2025-09-29 23:30:37] E_ERROR: [2] Undefined variable $termsJson in C:\xampp\htdocs\edupack\backend\scripts.php on line 484
[2025-09-29 23:32:00] E_ERROR: [2] Undefined variable $termsJson in C:\xampp\htdocs\edupack\backend\scripts.php on line 484
[2025-09-29 23:34:04] E_ERROR: [2] Undefined variable $termsJson in C:\xampp\htdocs\edupack\backend\scripts.php on line 484
[2025-09-29 23:38:36] E_ERROR: [2] Undefined variable $termsJson in C:\xampp\htdocs\edupack\backend\scripts.php on line 484
[2025-09-29 23:40:42] E_ERROR: [2] Undefined variable $termsJson in C:\xampp\htdocs\edupack\backend\scripts.php on line 484
[2025-09-29 23:42:25] E_ERROR: [2] Undefined variable $termsJson in C:\xampp\htdocs\edupack\backend\scripts.php on line 484
[2025-09-29 23:43:13] E_ERROR: [2] Undefined variable $termsJson in C:\xampp\htdocs\edupack\backend\scripts.php on line 484
[2025-09-29 23:44:23] E_ERROR: [2] Undefined variable $termsJson in C:\xampp\htdocs\edupack\backend\scripts.php on line 484
[2025-09-29 23:45:19] E_ERROR: [2] Undefined variable $termsJson in C:\xampp\htdocs\edupack\backend\scripts.php on line 484
[2025-09-29 23:51:18] E_ERROR: [2] Undefined variable $termsJson in C:\xampp\htdocs\edupack\backend\scripts.php on line 484
[2025-09-29 23:51:23] E_ERROR: [2] Undefined variable $termsJson in C:\xampp\htdocs\edupack\backend\scripts.php on line 484
[2025-09-29 23:53:47] E_ERROR: [2] Undefined variable $termsJson in C:\xampp\htdocs\edupack\backend\scripts.php on line 484
[2025-09-29 23:53:50] E_ERROR: [2] Undefined variable $termsJson in C:\xampp\htdocs\edupack\backend\scripts.php on line 484
[2025-09-29 23:54:15] E_ERROR: [2] Undefined variable $termsJson in C:\xampp\htdocs\edupack\backend\scripts.php on line 484
[2025-09-29 23:54:45] E_ERROR: [2] Undefined variable $termsJson in C:\xampp\htdocs\edupack\backend\scripts.php on line 484
[2025-09-29 23:56:43] E_ERROR: [2] Undefined variable $termsJson in C:\xampp\htdocs\edupack\backend\scripts.php on line 484
[2025-09-29 23:57:13] E_ERROR: [2] Undefined variable $termsJson in C:\xampp\htdocs\edupack\backend\scripts.php on line 484
[2025-09-29 23:59:41] E_ERROR: [2] Undefined variable $termsJson in C:\xampp\htdocs\edupack\backend\scripts.php on line 484
[2025-09-30 00:01:03] E_ERROR: [2] Undefined variable $termsJson in C:\xampp\htdocs\edupack\backend\scripts.php on line 484
[2025-09-30 00:01:52] E_ERROR: [2] Undefined variable $termsJson in C:\xampp\htdocs\edupack\backend\scripts.php on line 484
[2025-09-30 00:06:22] E_ERROR: [2] Undefined variable $termsJson in C:\xampp\htdocs\edupack\backend\scripts.php on line 484
[2025-09-30 00:09:24] E_ERROR: [2] Undefined variable $termsJson in C:\xampp\htdocs\edupack\backend\scripts.php on line 484
[2025-09-30 00:11:04] E_ERROR: [2] Undefined variable $termsJson in C:\xampp\htdocs\edupack\backend\scripts.php on line 484
[2025-09-30 00:15:48] E_ERROR: [2] Undefined variable $termsJson in C:\xampp\htdocs\edupack\backend\scripts.php on line 484
[2025-09-30 00:16:48] E_ERROR: [2] Undefined variable $termsJson in C:\xampp\htdocs\edupack\backend\scripts.php on line 484
[2025-09-30 00:19:28] E_ERROR: [2] Undefined variable $termsJson in C:\xampp\htdocs\edupack\backend\scripts.php on line 484
[2025-09-30 00:19:53] E_ERROR: [2] Undefined variable $termsJson in C:\xampp\htdocs\edupack\backend\scripts.php on line 484
[2025-09-30 00:21:51] E_ERROR: [2] Undefined variable $termsJson in C:\xampp\htdocs\edupack\backend\scripts.php on line 484
[2025-09-30 00:22:15] E_ERROR: [2] Undefined variable $termsJson in C:\xampp\htdocs\edupack\backend\scripts.php on line 484
[2025-09-30 00:25:17] E_ERROR: [2] Undefined variable $termsJson in C:\xampp\htdocs\edupack\backend\scripts.php on line 484
[2025-09-30 00:29:49] E_ERROR: [2] Undefined variable $termsJson in C:\xampp\htdocs\edupack\backend\scripts.php on line 484
[2025-09-30 00:36:53] E_ERROR: [2] Undefined variable $termsJson in C:\xampp\htdocs\edupack\backend\scripts.php on line 484
[2025-09-30 00:36:58] E_ERROR: [2] include(fees_management.php): Failed to open stream: No such file or directory in C:\xampp\htdocs\edupack\backend\print_student_transactions.php on line 3
[2025-09-30 00:36:58] E_ERROR: [2] include(): Failed opening 'fees_management.php' for inclusion (include_path='C:\xampp\php\PEAR') in C:\xampp\htdocs\edupack\backend\print_student_transactions.php on line 3
[2025-09-30 00:36:58] Exception: Call to undefined function getStudentPaymentHistory() in C:\xampp\htdocs\edupack\backend\print_student_transactions.php on line 30
[2025-09-30 00:40:09] E_ERROR: [2] Undefined variable $termsJson in C:\xampp\htdocs\edupack\backend\scripts.php on line 484
[2025-09-30 00:40:23] E_ERROR: [2] Undefined variable $termsJson in C:\xampp\htdocs\edupack\backend\scripts.php on line 484
[2025-09-30 00:40:51] E_ERROR: [2] Undefined variable $termsJson in C:\xampp\htdocs\edupack\backend\scripts.php on line 484
[2025-09-30 00:42:49] E_ERROR: [2] Undefined variable $termsJson in C:\xampp\htdocs\edupack\backend\scripts.php on line 484
[2025-09-30 00:50:21] E_ERROR: [2] Undefined variable $termsJson in C:\xampp\htdocs\edupack\backend\scripts.php on line 484
[2025-09-30 00:51:48] E_ERROR: [2] Undefined variable $termsJson in C:\xampp\htdocs\edupack\backend\scripts.php on line 484
[2025-09-30 00:52:01] E_ERROR: [2] Undefined variable $termsJson in C:\xampp\htdocs\edupack\backend\scripts.php on line 484
[2025-09-30 01:03:59] E_ERROR: [2] Undefined variable $termsJson in C:\xampp\htdocs\edupack\backend\scripts.php on line 484
[2025-09-30 01:06:39] E_ERROR: [2] Undefined variable $termsJson in C:\xampp\htdocs\edupack\backend\scripts.php on line 484
[2025-09-30 01:07:40] E_ERROR: [2] Undefined variable $termsJson in C:\xampp\htdocs\edupack\backend\scripts.php on line 484
[2025-09-30 01:08:35] E_ERROR: [2] Undefined variable $termsJson in C:\xampp\htdocs\edupack\backend\scripts.php on line 484
[2025-09-30 01:11:42] E_ERROR: [2] Undefined variable $termsJson in C:\xampp\htdocs\edupack\backend\scripts.php on line 484
[2025-09-30 01:26:33] E_ERROR: [2] Undefined variable $termsJson in C:\xampp\htdocs\edupack\backend\scripts.php on line 484
[2025-09-30 01:29:38] E_ERROR: [2] Undefined variable $termsJson in C:\xampp\htdocs\edupack\backend\scripts.php on line 484
[2025-09-30 01:34:51] E_ERROR: [2] Undefined variable $termsJson in C:\xampp\htdocs\edupack\backend\scripts.php on line 484
[2025-09-30 01:35:57] E_ERROR: [2] Undefined variable $termsJson in C:\xampp\htdocs\edupack\backend\scripts.php on line 484
[2025-09-30 01:41:10] E_ERROR: [2] Undefined variable $termsJson in C:\xampp\htdocs\edupack\backend\scripts.php on line 484
[2025-09-30 01:42:36] E_ERROR: [2] Undefined variable $termsJson in C:\xampp\htdocs\edupack\backend\scripts.php on line 484
[2025-09-30 01:43:44] E_ERROR: [2] Undefined variable $termsJson in C:\xampp\htdocs\edupack\backend\scripts.php on line 484
[2025-09-30 01:44:13] E_ERROR: [2] Undefined variable $termsJson in C:\xampp\htdocs\edupack\backend\scripts.php on line 484
[2025-09-30 01:45:15] E_ERROR: [2] Undefined variable $termsJson in C:\xampp\htdocs\edupack\backend\scripts.php on line 484
[2025-09-30 01:45:36] E_ERROR: [2] Undefined variable $termsJson in C:\xampp\htdocs\edupack\backend\scripts.php on line 484
[2025-09-30 01:45:51] E_ERROR: [2] Undefined variable $termsJson in C:\xampp\htdocs\edupack\backend\scripts.php on line 484
[2025-09-30 01:49:10] E_ERROR: [2] Undefined variable $termsJson in C:\xampp\htdocs\edupack\backend\scripts.php on line 484
[2025-09-30 01:49:42] E_ERROR: [2] Undefined variable $termsJson in C:\xampp\htdocs\edupack\backend\scripts.php on line 484
[2025-09-30 01:50:51] E_ERROR: [2] Undefined variable $termsJson in C:\xampp\htdocs\edupack\backend\scripts.php on line 484
[2025-09-30 01:51:08] E_ERROR: [2] Undefined variable $termsJson in C:\xampp\htdocs\edupack\backend\scripts.php on line 484
[2025-09-30 01:54:36] E_ERROR: [2] Undefined variable $termsJson in C:\xampp\htdocs\edupack\backend\scripts.php on line 484
[2025-09-30 09:18:13] E_ERROR: [2] Undefined variable $termsJson in C:\xampp\htdocs\edupack\backend\scripts.php on line 484
[2025-09-30 09:18:19] E_ERROR: [2] Undefined variable $termsJson in C:\xampp\htdocs\edupack\backend\scripts.php on line 484
[2025-09-30 09:18:29] E_ERROR: [2] Undefined variable $termsJson in C:\xampp\htdocs\edupack\backend\scripts.php on line 484
[2025-09-30 09:19:26] E_ERROR: [2] Undefined variable $termsJson in C:\xampp\htdocs\edupack\backend\scripts.php on line 484
[2025-09-30 09:19:59] E_ERROR: [2] Undefined variable $termsJson in C:\xampp\htdocs\edupack\backend\scripts.php on line 484
[2025-09-30 09:20:24] E_ERROR: [2] Undefined variable $termsJson in C:\xampp\htdocs\edupack\backend\scripts.php on line 484
[2025-09-30 09:25:29] E_ERROR: [2] Undefined variable $termsJson in C:\xampp\htdocs\edupack\backend\scripts.php on line 484
[2025-09-30 09:30:17] E_ERROR: [2] Undefined variable $termsJson in C:\xampp\htdocs\edupack\backend\scripts.php on line 484
[2025-09-30 09:31:43] E_ERROR: [2] Undefined variable $termsJson in C:\xampp\htdocs\edupack\backend\scripts.php on line 484
[2025-09-30 09:47:33] E_ERROR: [2] Undefined variable $termsJson in C:\xampp\htdocs\edupack\backend\scripts.php on line 484
[2025-09-30 09:52:56] E_ERROR: [2] Undefined variable $termsJson in C:\xampp\htdocs\edupack\backend\scripts.php on line 484
[2025-09-30 09:55:12] E_ERROR: [2] Undefined variable $termsJson in C:\xampp\htdocs\edupack\backend\scripts.php on line 484
[2025-09-30 09:55:59] E_ERROR: [2] include(fees_management.php): Failed to open stream: No such file or directory in C:\xampp\htdocs\edupack\backend\print_receipt.php on line 3
[2025-09-30 09:55:59] E_ERROR: [2] include(): Failed opening 'fees_management.php' for inclusion (include_path='C:\xampp\php\PEAR') in C:\xampp\htdocs\edupack\backend\print_receipt.php on line 3
[2025-09-30 09:55:59] Exception: Call to undefined function getSingleTransaction() in C:\xampp\htdocs\edupack\backend\print_receipt.php on line 9
[2025-09-30 10:07:55] E_ERROR: [2] Undefined variable $termsJson in C:\xampp\htdocs\edupack\backend\scripts.php on line 484
[2025-09-30 10:08:44] E_ERROR: [2] Undefined variable $termsJson in C:\xampp\htdocs\edupack\backend\scripts.php on line 484
[2025-09-30 10:08:57] E_ERROR: [2] Undefined variable $termsJson in C:\xampp\htdocs\edupack\backend\scripts.php on line 484
[2025-09-30 10:09:04] E_ERROR: [2] Undefined variable $termsJson in C:\xampp\htdocs\edupack\backend\scripts.php on line 484
[2025-09-30 10:10:14] E_ERROR: [2] Undefined variable $termsJson in C:\xampp\htdocs\edupack\backend\scripts.php on line 484
[2025-09-30 10:10:23] E_ERROR: [2] Undefined variable $termsJson in C:\xampp\htdocs\edupack\backend\scripts.php on line 484
[2025-09-30 10:10:36] E_ERROR: [2] Undefined variable $termsJson in C:\xampp\htdocs\edupack\backend\scripts.php on line 484
[2025-09-30 10:10:45] E_ERROR: [2] Undefined variable $termsJson in C:\xampp\htdocs\edupack\backend\scripts.php on line 484
[2025-09-30 10:11:17] E_ERROR: [2] Undefined variable $termsJson in C:\xampp\htdocs\edupack\backend\scripts.php on line 484
[2025-09-30 10:13:05] E_ERROR: [2] Undefined variable $classesJson in C:\xampp\htdocs\edupack\backend\scripts.php on line 178
[2025-09-30 10:24:25] E_ERROR: [8192] htmlspecialchars(): Passing null to parameter #1 ($string) of type string is deprecated in C:\xampp\htdocs\edupack\backend\navbar.php on line 108
[2025-09-30 10:24:25] E_ERROR: [8192] htmlspecialchars(): Passing null to parameter #1 ($string) of type string is deprecated in C:\xampp\htdocs\edupack\backend\navbar.php on line 123
[2025-09-30 10:24:25] E_ERROR: [2] Undefined variable $termsJson in C:\xampp\htdocs\edupack\backend\scripts.php on line 484
[2025-09-30 10:25:44] E_ERROR: [8192] htmlspecialchars(): Passing null to parameter #1 ($string) of type string is deprecated in C:\xampp\htdocs\edupack\backend\navbar.php on line 108
[2025-09-30 10:25:44] E_ERROR: [8192] htmlspecialchars(): Passing null to parameter #1 ($string) of type string is deprecated in C:\xampp\htdocs\edupack\backend\navbar.php on line 123
[2025-09-30 10:25:44] E_ERROR: [2] Undefined variable $termsJson in C:\xampp\htdocs\edupack\backend\scripts.php on line 484
[2025-09-30 10:26:26] E_ERROR: [8192] htmlspecialchars(): Passing null to parameter #1 ($string) of type string is deprecated in C:\xampp\htdocs\edupack\backend\navbar.php on line 108
[2025-09-30 10:26:27] E_ERROR: [8192] htmlspecialchars(): Passing null to parameter #1 ($string) of type string is deprecated in C:\xampp\htdocs\edupack\backend\navbar.php on line 123
[2025-09-30 10:26:27] E_ERROR: [2] Undefined variable $termsJson in C:\xampp\htdocs\edupack\backend\scripts.php on line 484
[2025-09-30 10:27:18] E_ERROR: [8192] htmlspecialchars(): Passing null to parameter #1 ($string) of type string is deprecated in C:\xampp\htdocs\edupack\backend\navbar.php on line 108
[2025-09-30 10:27:18] E_ERROR: [8192] htmlspecialchars(): Passing null to parameter #1 ($string) of type string is deprecated in C:\xampp\htdocs\edupack\backend\navbar.php on line 123
[2025-09-30 10:27:18] E_ERROR: [2] Undefined variable $termsJson in C:\xampp\htdocs\edupack\backend\scripts.php on line 484
[2025-09-30 10:27:48] E_ERROR: [8192] htmlspecialchars(): Passing null to parameter #1 ($string) of type string is deprecated in C:\xampp\htdocs\edupack\backend\navbar.php on line 108
[2025-09-30 10:27:48] E_ERROR: [8192] htmlspecialchars(): Passing null to parameter #1 ($string) of type string is deprecated in C:\xampp\htdocs\edupack\backend\navbar.php on line 123
[2025-09-30 10:27:48] E_ERROR: [2] Undefined variable $termsJson in C:\xampp\htdocs\edupack\backend\scripts.php on line 484
[2025-09-30 10:28:43] E_ERROR: [8192] htmlspecialchars(): Passing null to parameter #1 ($string) of type string is deprecated in C:\xampp\htdocs\edupack\backend\navbar.php on line 108
[2025-09-30 10:28:43] E_ERROR: [8192] htmlspecialchars(): Passing null to parameter #1 ($string) of type string is deprecated in C:\xampp\htdocs\edupack\backend\navbar.php on line 123
[2025-09-30 10:28:43] E_ERROR: [2] Undefined variable $termsJson in C:\xampp\htdocs\edupack\backend\scripts.php on line 484
[2025-09-30 10:36:46] E_ERROR: [8192] htmlspecialchars(): Passing null to parameter #1 ($string) of type string is deprecated in C:\xampp\htdocs\edupack\backend\navbar.php on line 108
[2025-09-30 10:36:46] E_ERROR: [8192] htmlspecialchars(): Passing null to parameter #1 ($string) of type string is deprecated in C:\xampp\htdocs\edupack\backend\navbar.php on line 123
[2025-09-30 10:36:47] E_ERROR: [2] Undefined variable $termsJson in C:\xampp\htdocs\edupack\backend\scripts.php on line 484
[2025-09-30 10:37:13] E_ERROR: [2] Undefined variable $classesJson in C:\xampp\htdocs\edupack\backend\scripts.php on line 178
[2025-09-30 10:43:08] E_ERROR: [2] Undefined variable $classesJson in C:\xampp\htdocs\edupack\backend\scripts.php on line 178
[2025-09-30 10:45:43] E_ERROR: [2] Undefined variable $classesJson in C:\xampp\htdocs\edupack\backend\scripts.php on line 178
[2025-09-30 10:46:50] E_ERROR: [2] Undefined variable $classesJson in C:\xampp\htdocs\edupack\backend\scripts.php on line 178
[2025-09-30 10:50:55] E_ERROR: [2] Undefined variable $classesJson in C:\xampp\htdocs\edupack\backend\scripts.php on line 178
[2025-09-30 10:53:04] E_ERROR: [2] Undefined variable $classesJson in C:\xampp\htdocs\edupack\backend\scripts.php on line 178
[2025-09-30 10:56:32] E_ERROR: [2] Undefined variable $classesJson in C:\xampp\htdocs\edupack\backend\scripts.php on line 178
[2025-09-30 10:57:01] E_ERROR: [2] Undefined variable $classesJson in C:\xampp\htdocs\edupack\backend\scripts.php on line 178
[2025-09-30 10:59:40] E_ERROR: [2] Undefined variable $classesJson in C:\xampp\htdocs\edupack\backend\scripts.php on line 178
[2025-09-30 11:03:06] E_ERROR: [2] Undefined variable $classesJson in C:\xampp\htdocs\edupack\backend\scripts.php on line 178
[2025-09-30 11:06:19] E_ERROR: [2] Undefined variable $classesJson in C:\xampp\htdocs\edupack\backend\scripts.php on line 178
[2025-09-30 11:07:01] E_ERROR: [2] Undefined variable $classesJson in C:\xampp\htdocs\edupack\backend\scripts.php on line 178
[2025-09-30 11:08:18] E_ERROR: [2] Undefined variable $classesJson in C:\xampp\htdocs\edupack\backend\scripts.php on line 178
[2025-09-30 11:09:09] E_ERROR: [2] Undefined variable $classesJson in C:\xampp\htdocs\edupack\backend\scripts.php on line 178
[2025-09-30 11:13:37] E_ERROR: [2] Undefined variable $classesJson in C:\xampp\htdocs\edupack\backend\scripts.php on line 178
[2025-09-30 11:13:48] E_ERROR: [2] Undefined variable $classesJson in C:\xampp\htdocs\edupack\backend\scripts.php on line 178
[2025-09-30 12:42:44] E_ERROR: [2] Undefined variable $classesJson in C:\xampp\htdocs\edupack\backend\scripts.php on line 178
[2025-09-30 12:45:52] E_ERROR: [2] Undefined variable $classesJson in C:\xampp\htdocs\edupack\backend\scripts.php on line 178
[2025-09-30 12:45:57] E_ERROR: [2] Undefined variable $classesJson in C:\xampp\htdocs\edupack\backend\scripts.php on line 178
[2025-09-30 12:48:10] E_ERROR: [2] Undefined variable $classesJson in C:\xampp\htdocs\edupack\backend\scripts.php on line 178
[2025-09-30 12:53:37] E_ERROR: [2] Undefined variable $classesJson in C:\xampp\htdocs\edupack\backend\scripts.php on line 178
[2025-09-30 12:54:27] E_ERROR: [2] Undefined variable $classesJson in C:\xampp\htdocs\edupack\backend\scripts.php on line 178
[2025-09-30 12:54:49] E_ERROR: [2] Undefined variable $classesJson in C:\xampp\htdocs\edupack\backend\scripts.php on line 178
[2025-09-30 12:57:05] E_ERROR: [2] Undefined variable $classesJson in C:\xampp\htdocs\edupack\backend\scripts.php on line 178
[2025-09-30 13:02:43] E_ERROR: [2] Undefined variable $classesJson in C:\xampp\htdocs\edupack\backend\scripts.php on line 178
[2025-09-30 13:04:27] E_ERROR: [2] Undefined variable $classesJson in C:\xampp\htdocs\edupack\backend\scripts.php on line 178
[2025-09-30 13:22:53] E_ERROR: [2] Undefined variable $classesJson in C:\xampp\htdocs\edupack\backend\scripts.php on line 178
[2025-09-30 13:22:58] E_ERROR: [2] Undefined variable $classesJson in C:\xampp\htdocs\edupack\backend\scripts.php on line 178
[2025-09-30 13:23:01] E_ERROR: [2] Undefined variable $classesJson in C:\xampp\htdocs\edupack\backend\scripts.php on line 178
[2025-09-30 13:23:28] E_ERROR: [2] Undefined variable $classesJson in C:\xampp\htdocs\edupack\backend\scripts.php on line 178
[2025-09-30 13:26:01] E_ERROR: [2] Undefined variable $classesJson in C:\xampp\htdocs\edupack\backend\scripts.php on line 178
[2025-09-30 13:26:05] E_ERROR: [2] Undefined variable $classesJson in C:\xampp\htdocs\edupack\backend\scripts.php on line 178
[2025-09-30 13:26:14] E_ERROR: [2] Undefined variable $classesJson in C:\xampp\htdocs\edupack\backend\scripts.php on line 178
[2025-09-30 13:26:19] E_ERROR: [2] Undefined variable $classesJson in C:\xampp\htdocs\edupack\backend\scripts.php on line 178
[2025-09-30 13:26:33] E_ERROR: [2] Undefined variable $classesJson in C:\xampp\htdocs\edupack\backend\scripts.php on line 178
[2025-09-30 13:56:22] E_ERROR: [2] Undefined variable $classesJson in C:\xampp\htdocs\edupack\backend\scripts.php on line 178
[2025-09-30 14:01:37] E_ERROR: [2] Undefined variable $classesJson in C:\xampp\htdocs\edupack\backend\scripts.php on line 178
[2025-09-30 14:04:09] E_ERROR: [2] Undefined variable $classesJson in C:\xampp\htdocs\edupack\backend\scripts.php on line 178
[2025-09-30 14:04:56] E_ERROR: [2] Undefined variable $classesJson in C:\xampp\htdocs\edupack\backend\scripts.php on line 178
[2025-09-30 14:07:34] E_ERROR: [2] Undefined variable $classesJson in C:\xampp\htdocs\edupack\backend\scripts.php on line 178
[2025-09-30 14:13:56] E_ERROR: [2] Undefined variable $classesJson in C:\xampp\htdocs\edupack\backend\scripts.php on line 178
[2025-09-30 14:14:34] E_ERROR: [2] Undefined variable $classesJson in C:\xampp\htdocs\edupack\backend\scripts.php on line 178
[2025-09-30 14:15:36] E_ERROR: [2] Undefined variable $classesJson in C:\xampp\htdocs\edupack\backend\scripts.php on line 178
[2025-09-30 14:16:14] E_ERROR: [2] Undefined variable $classesJson in C:\xampp\htdocs\edupack\backend\scripts.php on line 178
[2025-09-30 14:17:51] E_ERROR: [2] Undefined variable $classesJson in C:\xampp\htdocs\edupack\backend\scripts.php on line 178
[2025-09-30 14:18:21] E_ERROR: [2] Undefined variable $classesJson in C:\xampp\htdocs\edupack\backend\scripts.php on line 178
[2025-09-30 14:19:57] E_ERROR: [2] Undefined variable $classesJson in C:\xampp\htdocs\edupack\backend\scripts.php on line 178
[2025-09-30 14:20:28] E_ERROR: [2] Undefined variable $classesJson in C:\xampp\htdocs\edupack\backend\scripts.php on line 178
[2025-09-30 14:20:56] E_ERROR: [2] Undefined variable $classesJson in C:\xampp\htdocs\edupack\backend\scripts.php on line 178
[2025-09-30 14:21:33] E_ERROR: [2] Undefined variable $classesJson in C:\xampp\htdocs\edupack\backend\scripts.php on line 178
[2025-09-30 14:24:44] E_ERROR: [2] Undefined variable $classesJson in C:\xampp\htdocs\edupack\backend\scripts.php on line 178
[2025-09-30 14:26:24] E_ERROR: [2] Undefined variable $classesJson in C:\xampp\htdocs\edupack\backend\scripts.php on line 178
[2025-09-30 14:28:18] E_ERROR: [2] Undefined variable $classesJson in C:\xampp\htdocs\edupack\backend\scripts.php on line 178
[2025-09-30 14:30:51] E_ERROR: [2] Undefined variable $classesJson in C:\xampp\htdocs\edupack\backend\scripts.php on line 178
[2025-09-30 14:31:21] E_ERROR: [2] Undefined variable $classesJson in C:\xampp\htdocs\edupack\backend\scripts.php on line 178
[2025-09-30 14:32:10] E_ERROR: [2] Undefined variable $classesJson in C:\xampp\htdocs\edupack\backend\scripts.php on line 178
[2025-09-30 14:33:13] E_ERROR: [2] Undefined variable $classesJson in C:\xampp\htdocs\edupack\backend\scripts.php on line 178
[2025-09-30 14:34:07] E_ERROR: [2] Undefined variable $classesJson in C:\xampp\htdocs\edupack\backend\scripts.php on line 178
[2025-09-30 14:36:05] E_ERROR: [2] Undefined variable $classesJson in C:\xampp\htdocs\edupack\backend\scripts.php on line 178
[2025-09-30 14:36:37] E_ERROR: [2] Undefined variable $classesJson in C:\xampp\htdocs\edupack\backend\scripts.php on line 178
[2025-09-30 14:37:26] E_ERROR: [2] Undefined variable $classesJson in C:\xampp\htdocs\edupack\backend\scripts.php on line 178
[2025-09-30 14:38:56] E_ERROR: [2] Undefined variable $classesJson in C:\xampp\htdocs\edupack\backend\scripts.php on line 178
[2025-09-30 14:39:42] E_ERROR: [2] Undefined variable $classesJson in C:\xampp\htdocs\edupack\backend\scripts.php on line 178
[2025-09-30 14:41:00] E_ERROR: [2] Undefined variable $classesJson in C:\xampp\htdocs\edupack\backend\scripts.php on line 178
[2025-09-30 14:41:48] E_ERROR: [2] Undefined variable $classesJson in C:\xampp\htdocs\edupack\backend\scripts.php on line 178
[2025-09-30 14:42:12] E_ERROR: [2] Undefined variable $classesJson in C:\xampp\htdocs\edupack\backend\scripts.php on line 178
[2025-09-30 14:43:04] E_ERROR: [2] Undefined variable $classesJson in C:\xampp\htdocs\edupack\backend\scripts.php on line 178
[2025-09-30 14:43:53] E_ERROR: [2] Undefined variable $classesJson in C:\xampp\htdocs\edupack\backend\scripts.php on line 178
[2025-09-30 14:45:27] E_ERROR: [2] Undefined variable $classesJson in C:\xampp\htdocs\edupack\backend\scripts.php on line 178
[2025-09-30 14:45:46] E_ERROR: [2] Undefined variable $classesJson in C:\xampp\htdocs\edupack\backend\scripts.php on line 178
[2025-09-30 14:46:38] E_ERROR: [2] Undefined variable $classesJson in C:\xampp\htdocs\edupack\backend\scripts.php on line 178
[2025-09-30 14:46:56] E_ERROR: [2] Undefined variable $classesJson in C:\xampp\htdocs\edupack\backend\scripts.php on line 178
[2025-09-30 14:47:44] E_ERROR: [2] Undefined variable $classesJson in C:\xampp\htdocs\edupack\backend\scripts.php on line 178
[2025-09-30 14:48:11] E_ERROR: [2] Undefined variable $classesJson in C:\xampp\htdocs\edupack\backend\scripts.php on line 178
[2025-09-30 14:49:31] E_ERROR: [2] Undefined variable $classesJson in C:\xampp\htdocs\edupack\backend\scripts.php on line 178
[2025-09-30 14:50:04] E_ERROR: [2] Undefined variable $classesJson in C:\xampp\htdocs\edupack\backend\scripts.php on line 178
[2025-09-30 14:50:30] E_ERROR: [2] Undefined variable $classesJson in C:\xampp\htdocs\edupack\backend\scripts.php on line 178
[2025-09-30 14:51:07] E_ERROR: [2] Undefined variable $classesJson in C:\xampp\htdocs\edupack\backend\scripts.php on line 178
[2025-09-30 14:51:19] E_ERROR: [2] Undefined variable $classesJson in C:\xampp\htdocs\edupack\backend\scripts.php on line 178
[2025-09-30 14:52:25] E_ERROR: [2] Undefined variable $classesJson in C:\xampp\htdocs\edupack\backend\scripts.php on line 178
[2025-09-30 16:35:45] E_ERROR: [2] Undefined variable $classesJson in C:\xampp\htdocs\edupack\backend\scripts.php on line 178
[2025-09-30 16:42:27] E_ERROR: [2] include(fees_management.php): Failed to open stream: No such file or directory in C:\xampp\htdocs\edupack\backend\payment.php on line 3
[2025-09-30 16:42:27] E_ERROR: [2] include(): Failed opening 'fees_management.php' for inclusion (include_path='C:\xampp\php\PEAR') in C:\xampp\htdocs\edupack\backend\payment.php on line 3
[2025-09-30 16:42:27] Exception: Call to undefined function getStudentFeeStatus() in C:\xampp\htdocs\edupack\backend\payment.php on line 35
[2025-09-30 16:43:05] E_ERROR: [2] include(component/fees_management.php): Failed to open stream: No such file or directory in C:\xampp\htdocs\edupack\backend\payment.php on line 3
[2025-09-30 16:43:05] E_ERROR: [2] include(): Failed opening 'component/fees_management.php' for inclusion (include_path='C:\xampp\php\PEAR') in C:\xampp\htdocs\edupack\backend\payment.php on line 3
[2025-09-30 16:43:05] Exception: Call to undefined function getStudentFeeStatus() in C:\xampp\htdocs\edupack\backend\payment.php on line 35
[2025-09-30 16:43:48] E_ERROR: [2] Undefined variable $classesJson in C:\xampp\htdocs\edupack\backend\scripts.php on line 178
[2025-09-30 16:43:53] E_ERROR: [2] include(component/fees_management.php): Failed to open stream: No such file or directory in C:\xampp\htdocs\edupack\backend\payment.php on line 3
[2025-09-30 16:43:53] E_ERROR: [2] include(): Failed opening 'component/fees_management.php' for inclusion (include_path='C:\xampp\php\PEAR') in C:\xampp\htdocs\edupack\backend\payment.php on line 3
[2025-09-30 16:43:53] E_ERROR: [2] Undefined global variable $_SESSION in C:\xampp\htdocs\edupack\backend\payment.php on line 5
[2025-09-30 16:43:53] E_ERROR: [2] Trying to access array offset on value of type null in C:\xampp\htdocs\edupack\backend\payment.php on line 5
[2025-09-30 16:44:19] E_ERROR: [2] include(component/fees_management.php): Failed to open stream: No such file or directory in C:\xampp\htdocs\edupack\backend\payment.php on line 3
[2025-09-30 16:44:19] E_ERROR: [2] include(): Failed opening 'component/fees_management.php' for inclusion (include_path='C:\xampp\php\PEAR') in C:\xampp\htdocs\edupack\backend\payment.php on line 3
[2025-09-30 16:44:19] Exception: Call to undefined function getStudentFeeStatus() in C:\xampp\htdocs\edupack\backend\payment.php on line 35
[2025-09-30 16:45:29] E_ERROR: [2] include(component/fees_management.php): Failed to open stream: No such file or directory in C:\xampp\htdocs\edupack\backend\payment.php on line 3
[2025-09-30 16:45:29] E_ERROR: [2] include(): Failed opening 'component/fees_management.php' for inclusion (include_path='C:\xampp\php\PEAR') in C:\xampp\htdocs\edupack\backend\payment.php on line 3
[2025-09-30 16:45:29] Exception: Call to undefined function getStudentFeeStatus() in C:\xampp\htdocs\edupack\backend\payment.php on line 35
[2025-09-30 16:45:36] E_ERROR: [2] Undefined variable $classesJson in C:\xampp\htdocs\edupack\backend\scripts.php on line 178
[2025-09-30 16:46:41] E_ERROR: [2] Undefined variable $classesJson in C:\xampp\htdocs\edupack\backend\scripts.php on line 178
[2025-09-30 16:46:48] E_ERROR: [2] include(component/fees_management.php): Failed to open stream: No such file or directory in C:\xampp\htdocs\edupack\backend\payment.php on line 3
[2025-09-30 16:46:48] E_ERROR: [2] include(): Failed opening 'component/fees_management.php' for inclusion (include_path='C:\xampp\php\PEAR') in C:\xampp\htdocs\edupack\backend\payment.php on line 3
[2025-09-30 16:46:48] Exception: Call to undefined function getStudentFeeStatus() in C:\xampp\htdocs\edupack\backend\payment.php on line 35
[2025-09-30 16:48:45] E_ERROR: [2] Undefined variable $classesJson in C:\xampp\htdocs\edupack\backend\scripts.php on line 178
[2025-09-30 16:48:50] E_ERROR: [2] include(component/fees_management.php): Failed to open stream: No such file or directory in C:\xampp\htdocs\edupack\backend\payment.php on line 3
[2025-09-30 16:48:50] E_ERROR: [2] include(): Failed opening 'component/fees_management.php' for inclusion (include_path='C:\xampp\php\PEAR') in C:\xampp\htdocs\edupack\backend\payment.php on line 3
[2025-09-30 16:48:50] E_ERROR: [2] Undefined global variable $_SESSION in C:\xampp\htdocs\edupack\backend\payment.php on line 5
[2025-09-30 16:48:50] E_ERROR: [2] Trying to access array offset on value of type null in C:\xampp\htdocs\edupack\backend\payment.php on line 5
[2025-09-30 16:49:11] E_ERROR: [2] Undefined variable $classesJson in C:\xampp\htdocs\edupack\backend\scripts.php on line 178
[2025-09-30 16:49:16] E_ERROR: [2] include(component/fees_management.php): Failed to open stream: No such file or directory in C:\xampp\htdocs\edupack\backend\payment.php on line 3
[2025-09-30 16:49:16] E_ERROR: [2] include(): Failed opening 'component/fees_management.php' for inclusion (include_path='C:\xampp\php\PEAR') in C:\xampp\htdocs\edupack\backend\payment.php on line 3
[2025-09-30 16:49:16] E_ERROR: [2] Undefined global variable $_SESSION in C:\xampp\htdocs\edupack\backend\payment.php on line 5
[2025-09-30 16:49:16] E_ERROR: [2] Trying to access array offset on value of type null in C:\xampp\htdocs\edupack\backend\payment.php on line 5
[2025-09-30 16:49:55] E_ERROR: [2] include(component/fees_management.php): Failed to open stream: No such file or directory in C:\xampp\htdocs\edupack\backend\payment.php on line 3
[2025-09-30 16:49:55] E_ERROR: [2] include(): Failed opening 'component/fees_management.php' for inclusion (include_path='C:\xampp\php\PEAR') in C:\xampp\htdocs\edupack\backend\payment.php on line 3
[2025-09-30 16:49:55] E_ERROR: [2] Undefined global variable $_SESSION in C:\xampp\htdocs\edupack\backend\payment.php on line 5
[2025-09-30 16:49:55] E_ERROR: [2] Trying to access array offset on value of type null in C:\xampp\htdocs\edupack\backend\payment.php on line 5
[2025-09-30 16:49:56] E_ERROR: [2] include(component/fees_management.php): Failed to open stream: No such file or directory in C:\xampp\htdocs\edupack\backend\payment.php on line 3
[2025-09-30 16:49:56] E_ERROR: [2] include(): Failed opening 'component/fees_management.php' for inclusion (include_path='C:\xampp\php\PEAR') in C:\xampp\htdocs\edupack\backend\payment.php on line 3
[2025-09-30 16:49:56] E_ERROR: [2] Undefined global variable $_SESSION in C:\xampp\htdocs\edupack\backend\payment.php on line 5
[2025-09-30 16:49:56] E_ERROR: [2] Trying to access array offset on value of type null in C:\xampp\htdocs\edupack\backend\payment.php on line 5
[2025-09-30 16:51:22] E_ERROR: [2] Undefined variable $classesJson in C:\xampp\htdocs\edupack\backend\scripts.php on line 178
[2025-09-30 16:51:25] E_ERROR: [2] include(component/fees_management.php): Failed to open stream: No such file or directory in C:\xampp\htdocs\edupack\backend\payment.php on line 3
[2025-09-30 16:51:25] E_ERROR: [2] include(): Failed opening 'component/fees_management.php' for inclusion (include_path='C:\xampp\php\PEAR') in C:\xampp\htdocs\edupack\backend\payment.php on line 3
[2025-09-30 16:51:25] Exception: Call to undefined function getStudentFeeStatus() in C:\xampp\htdocs\edupack\backend\payment.php on line 35
[2025-09-30 16:54:08] E_ERROR: [2] Undefined variable $classesJson in C:\xampp\htdocs\edupack\backend\scripts.php on line 178
[2025-09-30 16:54:15] E_ERROR: [2] include(component/fees_management.php): Failed to open stream: No such file or directory in C:\xampp\htdocs\edupack\backend\payment.php on line 3
[2025-09-30 16:54:15] E_ERROR: [2] include(): Failed opening 'component/fees_management.php' for inclusion (include_path='C:\xampp\php\PEAR') in C:\xampp\htdocs\edupack\backend\payment.php on line 3
[2025-09-30 16:54:15] Exception: Call to undefined function getStudentFeeStatus() in C:\xampp\htdocs\edupack\backend\payment.php on line 35
[2025-09-30 16:55:43] E_ERROR: [2] Undefined variable $classesJson in C:\xampp\htdocs\edupack\backend\scripts.php on line 178
[2025-09-30 17:09:42] E_ERROR: [2] Undefined variable $classesJson in C:\xampp\htdocs\edupack\backend\scripts.php on line 178
[2025-09-30 17:09:56] E_ERROR: [2] Undefined global variable $_SESSION in C:\xampp\htdocs\edupack\backend\payment.php on line 179
[2025-09-30 17:09:56] E_ERROR: [2] Trying to access array offset on value of type null in C:\xampp\htdocs\edupack\backend\payment.php on line 179
[2025-09-30 17:09:56] E_ERROR: [2] Undefined global variable $_SESSION in C:\xampp\htdocs\edupack\backend\payment.php on line 181
[2025-09-30 17:09:56] E_ERROR: [2] Trying to access array offset on value of type null in C:\xampp\htdocs\edupack\backend\payment.php on line 181
[2025-09-30 17:09:56] E_ERROR: [2] Undefined global variable $_SESSION in C:\xampp\htdocs\edupack\backend\payment.php on line 183
[2025-09-30 17:09:56] E_ERROR: [2] Trying to access array offset on value of type null in C:\xampp\htdocs\edupack\backend\payment.php on line 183
[2025-09-30 17:10:56] E_ERROR: [2] Undefined global variable $_SESSION in C:\xampp\htdocs\edupack\backend\payment.php on line 179
[2025-09-30 17:10:56] E_ERROR: [2] Trying to access array offset on value of type null in C:\xampp\htdocs\edupack\backend\payment.php on line 179
[2025-09-30 17:10:56] E_ERROR: [2] Undefined global variable $_SESSION in C:\xampp\htdocs\edupack\backend\payment.php on line 181
[2025-09-30 17:10:56] E_ERROR: [2] Trying to access array offset on value of type null in C:\xampp\htdocs\edupack\backend\payment.php on line 181
[2025-09-30 17:10:56] E_ERROR: [2] Undefined global variable $_SESSION in C:\xampp\htdocs\edupack\backend\payment.php on line 183
[2025-09-30 17:10:56] E_ERROR: [2] Trying to access array offset on value of type null in C:\xampp\htdocs\edupack\backend\payment.php on line 183
[2025-09-30 17:10:59] E_ERROR: [2] Undefined global variable $_SESSION in C:\xampp\htdocs\edupack\backend\payment.php on line 179
[2025-09-30 17:10:59] E_ERROR: [2] Trying to access array offset on value of type null in C:\xampp\htdocs\edupack\backend\payment.php on line 179
[2025-09-30 17:10:59] E_ERROR: [2] Undefined global variable $_SESSION in C:\xampp\htdocs\edupack\backend\payment.php on line 181
[2025-09-30 17:10:59] E_ERROR: [2] Trying to access array offset on value of type null in C:\xampp\htdocs\edupack\backend\payment.php on line 181
[2025-09-30 17:10:59] E_ERROR: [2] Undefined global variable $_SESSION in C:\xampp\htdocs\edupack\backend\payment.php on line 183
[2025-09-30 17:10:59] E_ERROR: [2] Trying to access array offset on value of type null in C:\xampp\htdocs\edupack\backend\payment.php on line 183
[2025-09-30 17:12:58] E_ERROR: [2] Undefined variable $classesJson in C:\xampp\htdocs\edupack\backend\scripts.php on line 178
[2025-09-30 17:13:19] E_ERROR: [2] Undefined variable $classesJson in C:\xampp\htdocs\edupack\backend\scripts.php on line 178
[2025-09-30 17:14:22] E_ERROR: [2] Undefined variable $classesJson in C:\xampp\htdocs\edupack\backend\scripts.php on line 178
[2025-09-30 18:42:10] E_ERROR: [2] Undefined variable $termsJson in C:\xampp\htdocs\edupack\backend\scripts.php on line 484
[2025-09-30 18:42:20] E_ERROR: [2] Undefined variable $termsJson in C:\xampp\htdocs\edupack\backend\scripts.php on line 484
[2025-09-30 18:42:41] E_ERROR: [2] Undefined variable $termsJson in C:\xampp\htdocs\edupack\backend\scripts.php on line 484
[2025-09-30 18:42:54] E_ERROR: [2] Undefined variable $termsJson in C:\xampp\htdocs\edupack\backend\scripts.php on line 484
[2025-09-30 19:06:58] E_ERROR: [2] Undefined variable $termsJson in C:\xampp\htdocs\edupack\backend\scripts.php on line 484
[2025-09-30 19:12:51] E_ERROR: [2] Undefined variable $termsJson in C:\xampp\htdocs\edupack\backend\scripts.php on line 484
[2025-09-30 19:13:34] E_ERROR: [2] Undefined variable $classesJson in C:\xampp\htdocs\edupack\backend\scripts.php on line 178
[2025-09-30 19:14:19] E_ERROR: [2] Undefined variable $classesJson in C:\xampp\htdocs\edupack\backend\scripts.php on line 178
[2025-09-30 19:14:25] E_ERROR: [2] Undefined variable $classesJson in C:\xampp\htdocs\edupack\backend\scripts.php on line 178
[2025-09-30 19:14:41] E_ERROR: [2] Undefined variable $classesJson in C:\xampp\htdocs\edupack\backend\scripts.php on line 178
[2025-09-30 19:14:52] E_ERROR: [2] Undefined variable $classesJson in C:\xampp\htdocs\edupack\backend\scripts.php on line 178
[2025-09-30 19:19:08] E_ERROR: [2] Undefined variable $classesJson in C:\xampp\htdocs\edupack\backend\scripts.php on line 178
[2025-09-30 19:20:07] E_ERROR: [2] Undefined variable $classesJson in C:\xampp\htdocs\edupack\backend\scripts.php on line 178
[2025-09-30 19:21:18] E_ERROR: [2] Undefined variable $classesJson in C:\xampp\htdocs\edupack\backend\scripts.php on line 178
[2025-09-30 19:22:44] E_ERROR: [2] Undefined variable $classesJson in C:\xampp\htdocs\edupack\backend\scripts.php on line 178
[2025-09-30 19:23:53] E_ERROR: [2] Undefined variable $classesJson in C:\xampp\htdocs\edupack\backend\scripts.php on line 178
[2025-09-30 19:27:11] E_ERROR: [2] Undefined variable $classesJson in C:\xampp\htdocs\edupack\backend\scripts.php on line 178
[2025-09-30 19:27:51] E_ERROR: [2] Undefined variable $classesJson in C:\xampp\htdocs\edupack\backend\scripts.php on line 178
[2025-09-30 19:31:24] E_ERROR: [2] Undefined variable $classesJson in C:\xampp\htdocs\edupack\backend\scripts.php on line 178
[2025-09-30 19:35:28] E_ERROR: [2] Undefined variable $classesJson in C:\xampp\htdocs\edupack\backend\scripts.php on line 178
[2025-09-30 19:38:13] E_ERROR: [2] Undefined variable $classesJson in C:\xampp\htdocs\edupack\backend\scripts.php on line 178
[2025-09-30 19:38:49] E_ERROR: [2] Undefined variable $student_email in C:\xampp\htdocs\edupack\backend\students.php on line 360
[2025-09-30 19:38:49] E_ERROR: [8192] htmlspecialchars(): Passing null to parameter #1 ($string) of type string is deprecated in C:\xampp\htdocs\edupack\backend\students.php on line 360
[2025-09-30 19:38:49] E_ERROR: [2] Undefined variable $classesJson in C:\xampp\htdocs\edupack\backend\scripts.php on line 178
[2025-09-30 19:43:22] E_ERROR: [2] Undefined variable $student_email in C:\xampp\htdocs\edupack\backend\students.php on line 360
[2025-09-30 19:43:22] E_ERROR: [8192] htmlspecialchars(): Passing null to parameter #1 ($string) of type string is deprecated in C:\xampp\htdocs\edupack\backend\students.php on line 360
[2025-09-30 19:43:22] E_ERROR: [2] Undefined variable $classesJson in C:\xampp\htdocs\edupack\backend\scripts.php on line 178
[2025-09-30 19:43:51] E_ERROR: [2] Undefined variable $student_email in C:\xampp\htdocs\edupack\backend\students.php on line 360
[2025-09-30 19:43:51] E_ERROR: [8192] htmlspecialchars(): Passing null to parameter #1 ($string) of type string is deprecated in C:\xampp\htdocs\edupack\backend\students.php on line 360
[2025-09-30 19:43:51] E_ERROR: [2] Undefined variable $classesJson in C:\xampp\htdocs\edupack\backend\scripts.php on line 178
[2025-09-30 19:44:12] E_ERROR: [2] Undefined variable $student_email in C:\xampp\htdocs\edupack\backend\students.php on line 360
[2025-09-30 19:44:12] E_ERROR: [8192] htmlspecialchars(): Passing null to parameter #1 ($string) of type string is deprecated in C:\xampp\htdocs\edupack\backend\students.php on line 360
[2025-09-30 19:44:12] E_ERROR: [2] Undefined variable $classesJson in C:\xampp\htdocs\edupack\backend\scripts.php on line 178
[2025-09-30 19:50:19] E_ERROR: [2] Undefined variable $student_email in C:\xampp\htdocs\edupack\backend\students.php on line 360
[2025-09-30 19:50:19] E_ERROR: [8192] htmlspecialchars(): Passing null to parameter #1 ($string) of type string is deprecated in C:\xampp\htdocs\edupack\backend\students.php on line 360
[2025-09-30 19:50:20] E_ERROR: [2] Undefined variable $classesJson in C:\xampp\htdocs\edupack\backend\scripts.php on line 178
[2025-09-30 19:52:47] E_ERROR: [2] Undefined variable $classesJson in C:\xampp\htdocs\edupack\backend\scripts.php on line 178
[2025-09-30 19:53:34] E_ERROR: [2] Undefined variable $classesJson in C:\xampp\htdocs\edupack\backend\scripts.php on line 178
[2025-09-30 19:55:05] E_ERROR: [2] Undefined variable $classesJson in C:\xampp\htdocs\edupack\backend\scripts.php on line 178
[2025-09-30 19:55:32] E_ERROR: [2] Undefined variable $classesJson in C:\xampp\htdocs\edupack\backend\scripts.php on line 178
[2025-09-30 19:55:36] E_ERROR: [2] Undefined variable $classesJson in C:\xampp\htdocs\edupack\backend\scripts.php on line 178
[2025-09-30 19:57:43] E_ERROR: [2] Undefined variable $classesJson in C:\xampp\htdocs\edupack\backend\scripts.php on line 178
[2025-09-30 19:59:02] E_ERROR: [2] Undefined variable $classesJson in C:\xampp\htdocs\edupack\backend\scripts.php on line 178
[2025-09-30 20:07:51] E_ERROR: [2] Undefined variable $classesJson in C:\xampp\htdocs\edupack\backend\scripts.php on line 178
[2025-09-30 20:11:34] E_ERROR: [2] Undefined variable $tuckshop_message in C:\xampp\htdocs\edupack\backend\students.php on line 126
[2025-09-30 20:11:34] E_ERROR: [8192] htmlspecialchars(): Passing null to parameter #1 ($string) of type string is deprecated in C:\xampp\htdocs\edupack\backend\students.php on line 126
[2025-09-30 20:11:34] E_ERROR: [2] Undefined variable $classesJson in C:\xampp\htdocs\edupack\backend\scripts.php on line 178
[2025-09-30 20:12:32] E_ERROR: [2] Undefined variable $tuckshop_message in C:\xampp\htdocs\edupack\backend\students.php on line 126
[2025-09-30 20:12:32] E_ERROR: [8192] htmlspecialchars(): Passing null to parameter #1 ($string) of type string is deprecated in C:\xampp\htdocs\edupack\backend\students.php on line 126
[2025-09-30 20:12:32] E_ERROR: [2] Undefined variable $classesJson in C:\xampp\htdocs\edupack\backend\scripts.php on line 178
[2025-09-30 20:15:00] E_ERROR: [2] Undefined variable $success_message in C:\xampp\htdocs\edupack\backend\students.php on line 126
[2025-09-30 20:15:00] E_ERROR: [8192] htmlspecialchars(): Passing null to parameter #1 ($string) of type string is deprecated in C:\xampp\htdocs\edupack\backend\students.php on line 126
[2025-09-30 20:15:00] E_ERROR: [2] Undefined variable $classesJson in C:\xampp\htdocs\edupack\backend\scripts.php on line 178
[2025-09-30 20:15:09] E_ERROR: [2] Undefined variable $success_message in C:\xampp\htdocs\edupack\backend\students.php on line 126
[2025-09-30 20:15:09] E_ERROR: [8192] htmlspecialchars(): Passing null to parameter #1 ($string) of type string is deprecated in C:\xampp\htdocs\edupack\backend\students.php on line 126
[2025-09-30 20:15:09] E_ERROR: [2] Undefined variable $classesJson in C:\xampp\htdocs\edupack\backend\scripts.php on line 178
[2025-09-30 20:16:38] E_ERROR: [2] Undefined variable $success_message in C:\xampp\htdocs\edupack\backend\students.php on line 126
[2025-09-30 20:16:38] E_ERROR: [8192] htmlspecialchars(): Passing null to parameter #1 ($string) of type string is deprecated in C:\xampp\htdocs\edupack\backend\students.php on line 126
[2025-09-30 20:16:38] E_ERROR: [2] Undefined variable $classesJson in C:\xampp\htdocs\edupack\backend\scripts.php on line 178
[2025-09-30 20:16:55] E_ERROR: [2] Undefined variable $classesJson in C:\xampp\htdocs\edupack\backend\scripts.php on line 178
[2025-09-30 20:18:02] E_ERROR: [2] Undefined variable $classesJson in C:\xampp\htdocs\edupack\backend\scripts.php on line 178
[2025-09-30 20:19:34] E_ERROR: [2] Undefined variable $classesJson in C:\xampp\htdocs\edupack\backend\scripts.php on line 178
[2025-09-30 20:27:46] E_ERROR: [2] Undefined variable $classesJson in C:\xampp\htdocs\edupack\backend\scripts.php on line 178
[2025-09-30 20:27:52] E_ERROR: [2] Undefined variable $classesJson in C:\xampp\htdocs\edupack\backend\scripts.php on line 178
[2025-09-30 20:29:40] E_ERROR: [2] Undefined variable $classesJson in C:\xampp\htdocs\edupack\backend\scripts.php on line 178
[2025-09-30 20:29:43] E_ERROR: [2] Undefined variable $classesJson in C:\xampp\htdocs\edupack\backend\scripts.php on line 178
[2025-09-30 20:30:12] E_ERROR: [2] Undefined variable $classesJson in C:\xampp\htdocs\edupack\backend\scripts.php on line 178
[2025-09-30 20:30:20] E_ERROR: [2] Undefined variable $classesJson in C:\xampp\htdocs\edupack\backend\scripts.php on line 178
[2025-09-30 20:31:30] E_ERROR: [2] Undefined variable $classesJson in C:\xampp\htdocs\edupack\backend\scripts.php on line 178
[2025-09-30 20:31:35] E_ERROR: [2] Undefined variable $classesJson in C:\xampp\htdocs\edupack\backend\scripts.php on line 178
[2025-09-30 20:36:20] E_ERROR: [2] Undefined variable $classesJson in C:\xampp\htdocs\edupack\backend\scripts.php on line 178
[2025-09-30 20:37:21] E_ERROR: [2] Undefined variable $classesJson in C:\xampp\htdocs\edupack\backend\scripts.php on line 178
[2025-09-30 20:37:41] E_ERROR: [2] Undefined variable $classesJson in C:\xampp\htdocs\edupack\backend\scripts.php on line 178
[2025-09-30 20:38:04] E_ERROR: [2] Undefined variable $classesJson in C:\xampp\htdocs\edupack\backend\scripts.php on line 178
[2025-09-30 20:38:20] E_ERROR: [2] Undefined variable $classesJson in C:\xampp\htdocs\edupack\backend\scripts.php on line 178
[2025-09-30 20:38:43] E_ERROR: [2] Undefined variable $classesJson in C:\xampp\htdocs\edupack\backend\scripts.php on line 178
[2025-09-30 20:40:02] E_ERROR: [2] Undefined variable $classesJson in C:\xampp\htdocs\edupack\backend\scripts.php on line 178
[2025-09-30 20:40:29] E_ERROR: [2] Undefined variable $classesJson in C:\xampp\htdocs\edupack\backend\scripts.php on line 178
[2025-09-30 20:40:44] E_ERROR: [2] Undefined variable $classesJson in C:\xampp\htdocs\edupack\backend\scripts.php on line 178
[2025-09-30 20:41:49] E_ERROR: [2] Undefined variable $classesJson in C:\xampp\htdocs\edupack\backend\scripts.php on line 178
[2025-09-30 20:42:46] E_ERROR: [2] Undefined variable $classesJson in C:\xampp\htdocs\edupack\backend\scripts.php on line 178
[2025-09-30 20:42:50] E_ERROR: [2] Undefined variable $classesJson in C:\xampp\htdocs\edupack\backend\scripts.php on line 178
[2025-09-30 20:43:00] E_ERROR: [2] Undefined variable $classesJson in C:\xampp\htdocs\edupack\backend\scripts.php on line 178
[2025-09-30 20:43:47] E_ERROR: [2] Undefined variable $classesJson in C:\xampp\htdocs\edupack\backend\scripts.php on line 178
[2025-09-30 20:44:52] E_ERROR: [2] Undefined variable $classesJson in C:\xampp\htdocs\edupack\backend\scripts.php on line 178
[2025-09-30 20:45:23] E_ERROR: [2] Undefined variable $classesJson in C:\xampp\htdocs\edupack\backend\scripts.php on line 178
[2025-09-30 20:45:37] Exception: Call to undefined function getStudentPaymentHistory() in C:\xampp\htdocs\edupack\backend\payment_history.php on line 11
[2025-09-30 20:46:40] E_ERROR: [2] Undefined variable $classesJson in C:\xampp\htdocs\edupack\backend\scripts.php on line 178
[2025-09-30 20:46:47] E_ERROR: [2] Undefined variable $classesJson in C:\xampp\htdocs\edupack\backend\scripts.php on line 178
[2025-09-30 20:47:00] E_ERROR: [2] Undefined variable $classesJson in C:\xampp\htdocs\edupack\backend\scripts.php on line 178
[2025-09-30 20:47:14] E_ERROR: [2] Undefined variable $classesJson in C:\xampp\htdocs\edupack\backend\scripts.php on line 178
[2025-09-30 20:48:52] E_ERROR: [2] Undefined variable $classesJson in C:\xampp\htdocs\edupack\backend\scripts.php on line 178
[2025-09-30 20:49:04] E_ERROR: [2] Undefined variable $classesJson in C:\xampp\htdocs\edupack\backend\scripts.php on line 178
[2025-09-30 20:49:23] E_ERROR: [2] Undefined variable $classesJson in C:\xampp\htdocs\edupack\backend\scripts.php on line 178
[2025-09-30 20:49:27] E_ERROR: [2] Undefined variable $classesJson in C:\xampp\htdocs\edupack\backend\scripts.php on line 178
[2025-09-30 20:49:33] E_ERROR: [2] Undefined variable $classesJson in C:\xampp\htdocs\edupack\backend\scripts.php on line 178
[2025-09-30 20:49:49] E_ERROR: [2] Undefined variable $classesJson in C:\xampp\htdocs\edupack\backend\scripts.php on line 178
[2025-09-30 20:49:55] E_ERROR: [2] Undefined variable $fee_status in C:\xampp\htdocs\edupack\backend\student_fee_breakdown.php on line 35
[2025-09-30 20:49:55] E_ERROR: [2] Undefined variable $fee_status in C:\xampp\htdocs\edupack\backend\student_fee_breakdown.php on line 36
[2025-09-30 20:49:56] E_ERROR: [2] Undefined variable $classesJson in C:\xampp\htdocs\edupack\backend\scripts.php on line 178
[2025-09-30 20:50:14] E_ERROR: [2] Undefined variable $outstanding_current_period in C:\xampp\htdocs\edupack\backend\student_fee_breakdown.php on line 40
[2025-09-30 20:50:14] E_ERROR: [2] Undefined variable $classesJson in C:\xampp\htdocs\edupack\backend\scripts.php on line 178
[2025-09-30 20:51:11] E_ERROR: [2] Undefined variable $classesJson in C:\xampp\htdocs\edupack\backend\scripts.php on line 178
[2025-09-30 20:51:25] E_ERROR: [2] Undefined variable $classesJson in C:\xampp\htdocs\edupack\backend\scripts.php on line 178
[2025-09-30 20:52:22] E_ERROR: [2] Undefined variable $classesJson in C:\xampp\htdocs\edupack\backend\scripts.php on line 178
[2025-09-30 20:53:03] E_ERROR: [2] Undefined variable $classesJson in C:\xampp\htdocs\edupack\backend\scripts.php on line 178
[2025-09-30 20:53:55] E_ERROR: [2] Undefined variable $classesJson in C:\xampp\htdocs\edupack\backend\scripts.php on line 178
[2025-09-30 20:54:57] E_ERROR: [2] Undefined variable $classesJson in C:\xampp\htdocs\edupack\backend\scripts.php on line 178
[2025-09-30 20:55:25] E_ERROR: [2] Undefined variable $classesJson in C:\xampp\htdocs\edupack\backend\scripts.php on line 178
[2025-09-30 20:55:49] E_ERROR: [2] Undefined variable $classesJson in C:\xampp\htdocs\edupack\backend\scripts.php on line 178
[2025-09-30 20:56:08] E_ERROR: [2] Undefined variable $classesJson in C:\xampp\htdocs\edupack\backend\scripts.php on line 178
[2025-09-30 20:56:43] E_ERROR: [2] Undefined variable $classesJson in C:\xampp\htdocs\edupack\backend\scripts.php on line 178
[2025-09-30 21:01:25] E_ERROR: [2] Undefined variable $termsJson in C:\xampp\htdocs\edupack\backend\scripts.php on line 484
[2025-09-30 21:01:34] E_ERROR: [2] Undefined variable $termsJson in C:\xampp\htdocs\edupack\backend\scripts.php on line 484
[2025-09-30 21:01:45] E_ERROR: [2] Undefined variable $termsJson in C:\xampp\htdocs\edupack\backend\scripts.php on line 484
[2025-09-30 21:03:47] E_ERROR: [8192] number_format(): Passing null to parameter #1 ($num) of type float is deprecated in C:\xampp\htdocs\edupack\backend\tuckdashboard.php on line 192
[2025-09-30 21:03:47] E_ERROR: [8192] number_format(): Passing null to parameter #1 ($num) of type float is deprecated in C:\xampp\htdocs\edupack\backend\tuckdashboard.php on line 246
[2025-09-30 21:03:47] E_ERROR: [2] Undefined variable $classesJson in C:\xampp\htdocs\edupack\backend\scripts.php on line 178
[2025-09-30 21:03:47] E_ERROR: [2] Undefined variable $datasetsJson in C:\xampp\htdocs\edupack\backend\scripts.php on line 179
[2025-09-30 21:03:47] E_ERROR: [2] Undefined variable $termsJson in C:\xampp\htdocs\edupack\backend\scripts.php on line 484
[2025-09-30 21:03:47] E_ERROR: [2] Undefined variable $datasetsJson in C:\xampp\htdocs\edupack\backend\scripts.php on line 485
[2025-09-30 21:08:20] E_ERROR: [8192] number_format(): Passing null to parameter #1 ($num) of type float is deprecated in C:\xampp\htdocs\edupack\backend\tuckdashboard.php on line 192
[2025-09-30 21:08:20] E_ERROR: [8192] number_format(): Passing null to parameter #1 ($num) of type float is deprecated in C:\xampp\htdocs\edupack\backend\tuckdashboard.php on line 246
[2025-09-30 21:08:20] E_ERROR: [2] Undefined variable $classesJson in C:\xampp\htdocs\edupack\backend\scripts.php on line 178
[2025-09-30 21:08:20] E_ERROR: [2] Undefined variable $datasetsJson in C:\xampp\htdocs\edupack\backend\scripts.php on line 179
[2025-09-30 21:08:20] E_ERROR: [2] Undefined variable $termsJson in C:\xampp\htdocs\edupack\backend\scripts.php on line 484
[2025-09-30 21:08:20] E_ERROR: [2] Undefined variable $datasetsJson in C:\xampp\htdocs\edupack\backend\scripts.php on line 485
[2025-09-30 21:08:28] E_ERROR: [2] Undefined variable $student_id in C:\xampp\htdocs\edupack\backend\admin_tuckshop_payment_history.php on line 18
[2025-09-30 21:08:28] E_ERROR: [2] Undefined array key "access" in C:\xampp\htdocs\edupack\backend\studentnav.php on line 27
[2025-09-30 21:08:28] E_ERROR: [2] Undefined variable $termsJson in C:\xampp\htdocs\edupack\backend\scripts.php on line 484
[2025-09-30 21:08:51] E_ERROR: [2] Undefined variable $student_id in C:\xampp\htdocs\edupack\backend\admin_tuckshop_payment_history.php on line 18
[2025-09-30 21:08:51] E_ERROR: [2] Undefined array key "access" in C:\xampp\htdocs\edupack\backend\studentnav.php on line 27
[2025-09-30 21:08:51] E_ERROR: [2] Undefined variable $termsJson in C:\xampp\htdocs\edupack\backend\scripts.php on line 484
[2025-09-30 21:10:17] E_ERROR: [2] Undefined array key "access" in C:\xampp\htdocs\edupack\backend\studentnav.php on line 27
[2025-09-30 21:10:17] E_ERROR: [2] Undefined variable $termsJson in C:\xampp\htdocs\edupack\backend\scripts.php on line 484
[2025-09-30 21:12:33] E_ERROR: [2] Undefined array key "access" in C:\xampp\htdocs\edupack\backend\studentnav.php on line 27
[2025-09-30 21:12:33] E_ERROR: [2] Undefined variable $termsJson in C:\xampp\htdocs\edupack\backend\scripts.php on line 484
[2025-09-30 21:13:00] E_ERROR: [2] Undefined array key "user_class" in C:\xampp\htdocs\edupack\backend\components\students_logic.php on line 27
[2025-09-30 21:13:00] E_ERROR: [2] Undefined array key "user_arm" in C:\xampp\htdocs\edupack\backend\components\students_logic.php on line 28
[2025-09-30 21:13:00] E_ERROR: [2] Undefined array key "student_session" in C:\xampp\htdocs\edupack\backend\components\students_logic.php on line 29
[2025-09-30 21:13:09] E_ERROR: [2] Undefined array key "user_class" in C:\xampp\htdocs\edupack\backend\components\students_logic.php on line 27
[2025-09-30 21:13:09] E_ERROR: [2] Undefined array key "user_arm" in C:\xampp\htdocs\edupack\backend\components\students_logic.php on line 28
[2025-09-30 21:13:09] E_ERROR: [2] Undefined array key "student_session" in C:\xampp\htdocs\edupack\backend\components\students_logic.php on line 29
[2025-09-30 21:13:12] E_ERROR: [2] Undefined array key "access" in C:\xampp\htdocs\edupack\backend\studentnav.php on line 27
[2025-09-30 21:13:12] E_ERROR: [2] Undefined variable $termsJson in C:\xampp\htdocs\edupack\backend\scripts.php on line 484
[2025-09-30 21:13:26] E_ERROR: [2] Undefined variable $termsJson in C:\xampp\htdocs\edupack\backend\scripts.php on line 484
[2025-09-30 21:13:32] E_ERROR: [2] Undefined variable $classesJson in C:\xampp\htdocs\edupack\backend\scripts.php on line 178
[2025-09-30 21:13:32] E_ERROR: [2] Undefined variable $datasetsJson in C:\xampp\htdocs\edupack\backend\scripts.php on line 179
[2025-09-30 21:13:32] E_ERROR: [2] Undefined variable $termsJson in C:\xampp\htdocs\edupack\backend\scripts.php on line 484
[2025-09-30 21:13:32] E_ERROR: [2] Undefined variable $datasetsJson in C:\xampp\htdocs\edupack\backend\scripts.php on line 485
[2025-09-30 21:13:41] E_ERROR: [2] Undefined variable $termsJson in C:\xampp\htdocs\edupack\backend\scripts.php on line 484
[2025-09-30 21:14:10] E_ERROR: [2] Undefined variable $termsJson in C:\xampp\htdocs\edupack\backend\scripts.php on line 484
[2025-09-30 21:14:21] E_ERROR: [2] Undefined variable $termsJson in C:\xampp\htdocs\edupack\backend\scripts.php on line 484
[2025-09-30 21:17:23] E_ERROR: [2] Undefined variable $classesJson in C:\xampp\htdocs\edupack\backend\scripts.php on line 178
[2025-09-30 21:18:35] E_ERROR: [2] Undefined variable $classesJson in C:\xampp\htdocs\edupack\backend\scripts.php on line 178
[2025-09-30 21:18:45] E_ERROR: [2] Undefined variable $classesJson in C:\xampp\htdocs\edupack\backend\scripts.php on line 178
[2025-09-30 21:44:05] E_ERROR: [2] Undefined variable $classesJson in C:\xampp\htdocs\edupack\backend\scripts.php on line 178
[2025-09-30 22:15:20] E_ERROR: [2] Undefined variable $classesJson in C:\xampp\htdocs\edupack\backend\scripts.php on line 178
[2025-09-30 22:28:33] E_ERROR: [2] Undefined variable $classesJson in C:\xampp\htdocs\edupack\backend\scripts.php on line 178
[2025-09-30 22:37:48] E_ERROR: [2] Undefined variable $classesJson in C:\xampp\htdocs\edupack\backend\scripts.php on line 178
[2025-09-30 22:46:02] E_ERROR: [2] Undefined variable $classesJson in C:\xampp\htdocs\edupack\backend\scripts.php on line 178
[2025-09-30 22:46:13] E_ERROR: [2] Undefined variable $classesJson in C:\xampp\htdocs\edupack\backend\scripts.php on line 178
[2025-09-30 22:52:31] E_ERROR: [2] Undefined variable $classesJson in C:\xampp\htdocs\edupack\backend\scripts.php on line 178
[2025-09-30 22:54:02] E_ERROR: [2] Undefined variable $classesJson in C:\xampp\htdocs\edupack\backend\scripts.php on line 178
[2025-09-30 22:59:03] E_ERROR: [2] Undefined variable $termsJson in C:\xampp\htdocs\edupack\backend\scripts.php on line 484
[2025-09-30 22:59:10] E_ERROR: [2] Undefined variable $termsJson in C:\xampp\htdocs\edupack\backend\scripts.php on line 484
[2025-09-30 23:02:08] E_ERROR: [2] Undefined variable $termsJson in C:\xampp\htdocs\edupack\backend\scripts.php on line 484
[2025-09-30 23:02:23] E_ERROR: [2] Undefined variable $termsJson in C:\xampp\htdocs\edupack\backend\scripts.php on line 484
[2025-09-30 23:03:00] E_ERROR: [2] Undefined variable $termsJson in C:\xampp\htdocs\edupack\backend\scripts.php on line 484
[2025-09-30 23:03:37] E_ERROR: [2] Undefined variable $termsJson in C:\xampp\htdocs\edupack\backend\scripts.php on line 484
[2025-09-30 23:04:19] E_ERROR: [2] Undefined variable $termsJson in C:\xampp\htdocs\edupack\backend\scripts.php on line 484
[2025-09-30 23:05:31] E_ERROR: [2] Undefined variable $termsJson in C:\xampp\htdocs\edupack\backend\scripts.php on line 484
[2025-09-30 23:05:51] E_ERROR: [2] Undefined variable $termsJson in C:\xampp\htdocs\edupack\backend\scripts.php on line 484
[2025-09-30 23:07:07] E_ERROR: [2] Undefined variable $termsJson in C:\xampp\htdocs\edupack\backend\scripts.php on line 484
[2025-09-30 23:18:44] E_ERROR: [2] Undefined variable $termsJson in C:\xampp\htdocs\edupack\backend\scripts.php on line 484
[2025-09-30 23:19:06] E_ERROR: [2] Undefined variable $termsJson in C:\xampp\htdocs\edupack\backend\scripts.php on line 484
[2025-09-30 23:19:12] E_ERROR: [2] Undefined variable $termsJson in C:\xampp\htdocs\edupack\backend\scripts.php on line 484
[2025-09-30 23:33:40] E_ERROR: [2] Undefined variable $classesJson in C:\xampp\htdocs\edupack\backend\scripts.php on line 178
[2025-09-30 23:33:47] E_ERROR: [2] Undefined variable $classesJson in C:\xampp\htdocs\edupack\backend\scripts.php on line 178
[2025-09-30 23:34:12] E_ERROR: [2] Undefined variable $classesJson in C:\xampp\htdocs\edupack\backend\scripts.php on line 178
[2025-09-30 23:34:38] E_ERROR: [2] Undefined variable $classesJson in C:\xampp\htdocs\edupack\backend\scripts.php on line 178
[2025-09-30 23:35:12] E_ERROR: [2] Undefined variable $termsJson in C:\xampp\htdocs\edupack\backend\scripts.php on line 484
[2025-09-30 23:35:27] E_ERROR: [2] Undefined variable $termsJson in C:\xampp\htdocs\edupack\backend\scripts.php on line 484
[2025-09-30 23:35:52] E_ERROR: [2] Undefined variable $termsJson in C:\xampp\htdocs\edupack\backend\scripts.php on line 484
[2025-09-30 23:47:35] E_ERROR: [2] Undefined variable $termsJson in C:\xampp\htdocs\edupack\backend\scripts.php on line 484
[2025-10-01 00:09:17] E_ERROR: [2] Undefined variable $termsJson in C:\xampp\htdocs\edupack\backend\scripts.php on line 484
[2025-10-01 00:09:29] E_ERROR: [2] Undefined variable $termsJson in C:\xampp\htdocs\edupack\backend\scripts.php on line 484
[2025-10-01 00:09:43] E_ERROR: [2] Undefined variable $termsJson in C:\xampp\htdocs\edupack\backend\scripts.php on line 484
[2025-10-01 00:10:07] E_ERROR: [2] Undefined variable $classesJson in C:\xampp\htdocs\edupack\backend\scripts.php on line 178
[2025-10-01 00:10:12] E_ERROR: [2] Undefined variable $classesJson in C:\xampp\htdocs\edupack\backend\scripts.php on line 178
[2025-10-01 00:10:15] E_ERROR: [2] Undefined variable $classesJson in C:\xampp\htdocs\edupack\backend\scripts.php on line 178
[2025-10-01 00:10:43] E_ERROR: [2] Undefined variable $classesJson in C:\xampp\htdocs\edupack\backend\scripts.php on line 178
[2025-10-01 00:22:03] E_ERROR: [2] Undefined variable $classesJson in C:\xampp\htdocs\edupack\backend\scripts.php on line 178
[2025-10-01 00:22:31] E_ERROR: [2] Undefined variable $classesJson in C:\xampp\htdocs\edupack\backend\scripts.php on line 178
[2025-10-01 00:22:33] E_ERROR: [2] Undefined variable $classesJson in C:\xampp\htdocs\edupack\backend\scripts.php on line 178
[2025-10-01 00:22:47] E_ERROR: [2] Undefined variable $classesJson in C:\xampp\htdocs\edupack\backend\scripts.php on line 178
[2025-10-01 00:22:54] E_ERROR: [2] Undefined variable $classesJson in C:\xampp\htdocs\edupack\backend\scripts.php on line 178
[2025-10-01 00:24:55] E_ERROR: [2] Undefined variable $termsJson in C:\xampp\htdocs\edupack\backend\scripts.php on line 484
[2025-10-01 00:26:20] E_ERROR: [2] Undefined variable $termsJson in C:\xampp\htdocs\edupack\backend\scripts.php on line 484
[2025-10-01 00:26:31] E_ERROR: [2] Undefined variable $termsJson in C:\xampp\htdocs\edupack\backend\scripts.php on line 484
[2025-10-01 00:26:39] E_ERROR: [2] Undefined variable $termsJson in C:\xampp\htdocs\edupack\backend\scripts.php on line 484
[2025-10-01 00:29:50] E_ERROR: [2] Undefined variable $termsJson in C:\xampp\htdocs\edupack\backend\scripts.php on line 484
[2025-10-01 00:31:36] E_ERROR: [2] Undefined variable $termsJson in C:\xampp\htdocs\edupack\backend\scripts.php on line 484
[2025-10-01 00:32:14] E_ERROR: [2] Undefined variable $termsJson in C:\xampp\htdocs\edupack\backend\scripts.php on line 484
[2025-10-01 00:33:41] E_ERROR: [2] Undefined variable $termsJson in C:\xampp\htdocs\edupack\backend\scripts.php on line 484
[2025-10-01 00:34:01] E_ERROR: [2] Undefined variable $termsJson in C:\xampp\htdocs\edupack\backend\scripts.php on line 484
[2025-10-01 00:34:31] E_ERROR: [2] Undefined variable $termsJson in C:\xampp\htdocs\edupack\backend\scripts.php on line 484
[2025-10-01 00:34:42] E_ERROR: [2] Undefined variable $termsJson in C:\xampp\htdocs\edupack\backend\scripts.php on line 484
[2025-10-01 00:35:24] E_ERROR: [2] Undefined variable $termsJson in C:\xampp\htdocs\edupack\backend\scripts.php on line 484
[2025-10-01 00:35:47] E_ERROR: [2] Undefined variable $termsJson in C:\xampp\htdocs\edupack\backend\scripts.php on line 484
[2025-10-01 00:36:28] E_ERROR: [2] Undefined variable $termsJson in C:\xampp\htdocs\edupack\backend\scripts.php on line 484
[2025-10-01 00:37:32] E_ERROR: [2] Undefined variable $termsJson in C:\xampp\htdocs\edupack\backend\scripts.php on line 484
[2025-10-01 00:38:44] E_ERROR: [2] Undefined variable $termsJson in C:\xampp\htdocs\edupack\backend\scripts.php on line 484
[2025-10-01 00:38:51] E_ERROR: [2] Undefined variable $termsJson in C:\xampp\htdocs\edupack\backend\scripts.php on line 484
[2025-10-01 00:38:59] E_ERROR: [2] Undefined variable $termsJson in C:\xampp\htdocs\edupack\backend\scripts.php on line 484
[2025-10-01 00:39:29] E_ERROR: [2] Undefined variable $termsJson in C:\xampp\htdocs\edupack\backend\scripts.php on line 484
[2025-10-01 00:40:32] E_ERROR: [2] Undefined variable $termsJson in C:\xampp\htdocs\edupack\backend\scripts.php on line 484
[2025-10-01 00:41:55] E_ERROR: [2] Undefined variable $termsJson in C:\xampp\htdocs\edupack\backend\scripts.php on line 484
[2025-10-01 00:42:28] E_ERROR: [2] Undefined variable $termsJson in C:\xampp\htdocs\edupack\backend\scripts.php on line 484
[2025-10-01 00:43:30] E_ERROR: [2] Undefined variable $termsJson in C:\xampp\htdocs\edupack\backend\scripts.php on line 484
[2025-10-01 00:45:37] E_ERROR: [2] Undefined variable $termsJson in C:\xampp\htdocs\edupack\backend\scripts.php on line 484
[2025-10-01 00:45:42] E_ERROR: [2] Undefined variable $termsJson in C:\xampp\htdocs\edupack\backend\scripts.php on line 484
[2025-10-01 00:46:35] E_ERROR: [2] Undefined variable $termsJson in C:\xampp\htdocs\edupack\backend\scripts.php on line 484
[2025-10-01 00:46:35] Exception: Call to undefined function OpenCon() in C:\xampp\htdocs\edupack\backend\bursary_dashboard_ajax.php on line 6
[2025-10-01 00:46:35] Exception: Call to undefined function OpenCon() in C:\xampp\htdocs\edupack\backend\bursary_dashboard_ajax.php on line 6
[2025-10-01 00:46:40] E_ERROR: [2] Undefined variable $termsJson in C:\xampp\htdocs\edupack\backend\scripts.php on line 484
[2025-10-01 00:46:41] Exception: Call to undefined function OpenCon() in C:\xampp\htdocs\edupack\backend\bursary_dashboard_ajax.php on line 6
[2025-10-01 00:46:41] Exception: Call to undefined function OpenCon() in C:\xampp\htdocs\edupack\backend\bursary_dashboard_ajax.php on line 6
[2025-10-01 00:47:15] E_ERROR: [2] Undefined variable $termsJson in C:\xampp\htdocs\edupack\backend\scripts.php on line 484
[2025-10-01 00:47:15] Exception: Call to undefined function CloseCon() in C:\xampp\htdocs\edupack\backend\bursary_dashboard_ajax.php on line 121
[2025-10-01 00:47:15] Exception: Call to undefined function CloseCon() in C:\xampp\htdocs\edupack\backend\bursary_dashboard_ajax.php on line 40
[2025-10-01 01:03:15] E_ERROR: [2] Undefined variable $termsJson in C:\xampp\htdocs\edupack\backend\scripts.php on line 484
[2025-10-01 01:03:16] Exception: Call to undefined function CloseCon() in C:\xampp\htdocs\edupack\backend\bursary_dashboard_ajax.php on line 121
[2025-10-01 01:03:16] Exception: Call to undefined function CloseCon() in C:\xampp\htdocs\edupack\backend\bursary_dashboard_ajax.php on line 40
[2025-10-01 01:03:54] E_ERROR: [2] Undefined variable $termsJson in C:\xampp\htdocs\edupack\backend\scripts.php on line 484
[2025-10-01 01:05:08] E_ERROR: [2] Undefined variable $termsJson in C:\xampp\htdocs\edupack\backend\scripts.php on line 484
[2025-10-01 01:08:32] E_ERROR: [2] Undefined variable $classesJson in C:\xampp\htdocs\edupack\backend\scripts.php on line 178
[2025-10-01 01:08:48] E_ERROR: [2] Undefined variable $classesJson in C:\xampp\htdocs\edupack\backend\scripts.php on line 178
[2025-10-01 01:10:46] E_ERROR: [2] Undefined variable $classesJson in C:\xampp\htdocs\edupack\backend\scripts.php on line 178
[2025-10-01 01:14:50] E_ERROR: [2] Undefined variable $classesJson in C:\xampp\htdocs\edupack\backend\scripts.php on line 178
[2025-10-01 01:17:51] E_ERROR: [2] Undefined variable $classesJson in C:\xampp\htdocs\edupack\backend\scripts.php on line 178
[2025-10-01 01:17:58] E_ERROR: [2] Undefined variable $classesJson in C:\xampp\htdocs\edupack\backend\scripts.php on line 178
[2025-10-01 01:20:58] E_ERROR: [2] Undefined variable $classesJson in C:\xampp\htdocs\edupack\backend\scripts.php on line 178
[2025-10-01 01:21:39] E_ERROR: [2] Undefined variable $termsJson in C:\xampp\htdocs\edupack\backend\scripts.php on line 484
[2025-10-01 01:22:53] E_ERROR: [2] Undefined variable $classesJson in C:\xampp\htdocs\edupack\backend\scripts.php on line 178
[2025-10-01 01:23:02] E_ERROR: [2] Undefined variable $classesJson in C:\xampp\htdocs\edupack\backend\scripts.php on line 178
[2025-10-01 01:26:28] E_ERROR: [2] Undefined variable $termsJson in C:\xampp\htdocs\edupack\backend\scripts.php on line 484
[2025-10-01 01:26:46] E_ERROR: [2] Undefined variable $termsJson in C:\xampp\htdocs\edupack\backend\scripts.php on line 484
[2025-10-01 01:27:03] E_ERROR: [2] Undefined variable $termsJson in C:\xampp\htdocs\edupack\backend\scripts.php on line 484
[2025-10-01 01:27:47] E_ERROR: [2] Undefined variable $termsJson in C:\xampp\htdocs\edupack\backend\scripts.php on line 484
[2025-10-01 01:28:12] E_ERROR: [2] Undefined variable $termsJson in C:\xampp\htdocs\edupack\backend\scripts.php on line 484
[2025-10-01 01:28:18] E_ERROR: [2] Undefined variable $termsJson in C:\xampp\htdocs\edupack\backend\scripts.php on line 484
[2025-10-01 01:28:24] E_ERROR: [2] Undefined variable $termsJson in C:\xampp\htdocs\edupack\backend\scripts.php on line 484
[2025-10-01 01:31:39] E_ERROR: [2] Undefined variable $classesJson in C:\xampp\htdocs\edupack\backend\scripts.php on line 178
[2025-10-01 01:31:56] E_ERROR: [2] Undefined variable $classesJson in C:\xampp\htdocs\edupack\backend\scripts.php on line 178
[2025-10-01 01:32:48] E_ERROR: [2] Undefined variable $classesJson in C:\xampp\htdocs\edupack\backend\scripts.php on line 178
[2025-10-01 01:33:01] E_ERROR: [2] Undefined variable $classesJson in C:\xampp\htdocs\edupack\backend\scripts.php on line 178
[2025-10-01 01:33:13] E_ERROR: [2] Undefined variable $classesJson in C:\xampp\htdocs\edupack\backend\scripts.php on line 178
[2025-10-01 01:33:29] E_ERROR: [2] Undefined variable $classesJson in C:\xampp\htdocs\edupack\backend\scripts.php on line 178
[2025-10-01 01:33:39] E_ERROR: [2] Undefined variable $classesJson in C:\xampp\htdocs\edupack\backend\scripts.php on line 178
[2025-10-01 01:34:19] E_ERROR: [2] Undefined variable $classesJson in C:\xampp\htdocs\edupack\backend\scripts.php on line 178
[2025-10-01 01:43:40] E_ERROR: [2] Array to string conversion in C:\xampp\htdocs\edupack\backend\parent_dashboard.php on line 531
[2025-10-01 01:43:40] E_ERROR: [2] Array to string conversion in C:\xampp\htdocs\edupack\backend\parent_dashboard.php on line 531
[2025-10-01 01:43:40] E_ERROR: [2] Undefined variable $classesJson in C:\xampp\htdocs\edupack\backend\scripts.php on line 178
[2025-10-01 01:43:56] E_ERROR: [2] Array to string conversion in C:\xampp\htdocs\edupack\backend\parent_dashboard.php on line 531
[2025-10-01 01:43:56] E_ERROR: [2] Undefined variable $classesJson in C:\xampp\htdocs\edupack\backend\scripts.php on line 178
[2025-10-01 01:44:05] E_ERROR: [2] Array to string conversion in C:\xampp\htdocs\edupack\backend\parent_dashboard.php on line 531
[2025-10-01 01:44:05] E_ERROR: [2] Undefined variable $classesJson in C:\xampp\htdocs\edupack\backend\scripts.php on line 178
[2025-10-01 01:44:34] E_ERROR: [2] Array to string conversion in C:\xampp\htdocs\edupack\backend\parent_dashboard.php on line 531
[2025-10-01 01:44:34] E_ERROR: [2] Undefined variable $classesJson in C:\xampp\htdocs\edupack\backend\scripts.php on line 178
[2025-10-01 01:46:36] E_ERROR: [2] Undefined variable $classesJson in C:\xampp\htdocs\edupack\backend\scripts.php on line 178
[2025-10-01 01:47:06] E_ERROR: [2] Undefined variable $termsJson in C:\xampp\htdocs\edupack\backend\scripts.php on line 484
[2025-10-01 01:48:09] E_ERROR: [2] Undefined variable $termsJson in C:\xampp\htdocs\edupack\backend\scripts.php on line 484
[2025-10-01 01:50:01] E_ERROR: [2] Undefined variable $classesJson in C:\xampp\htdocs\edupack\backend\scripts.php on line 178
[2025-10-01 01:50:24] E_ERROR: [2] Undefined variable $classesJson in C:\xampp\htdocs\edupack\backend\scripts.php on line 178
[2025-10-01 01:50:40] E_ERROR: [2] Undefined variable $classesJson in C:\xampp\htdocs\edupack\backend\scripts.php on line 178
[2025-10-01 01:53:34] E_ERROR: [2] Undefined variable $classesJson in C:\xampp\htdocs\edupack\backend\scripts.php on line 178
[2025-10-01 01:53:59] E_ERROR: [2] Undefined variable $classesJson in C:\xampp\htdocs\edupack\backend\scripts.php on line 178
[2025-10-01 01:54:29] E_ERROR: [2] Undefined variable $classesJson in C:\xampp\htdocs\edupack\backend\scripts.php on line 178
[2025-10-01 01:55:14] E_ERROR: [2] Undefined variable $classesJson in C:\xampp\htdocs\edupack\backend\scripts.php on line 178
[2025-10-01 01:59:09] E_ERROR: [2] Undefined variable $classesJson in C:\xampp\htdocs\edupack\backend\scripts.php on line 178
[2025-10-01 01:59:32] E_ERROR: [2] Undefined variable $classesJson in C:\xampp\htdocs\edupack\backend\scripts.php on line 178
[2025-10-01 01:59:37] E_ERROR: [2] Undefined variable $classesJson in C:\xampp\htdocs\edupack\backend\scripts.php on line 178
[2025-10-01 01:59:41] E_ERROR: [2] Undefined variable $classesJson in C:\xampp\htdocs\edupack\backend\scripts.php on line 178
[2025-10-01 02:00:24] E_ERROR: [2] Undefined variable $classesJson in C:\xampp\htdocs\edupack\backend\scripts.php on line 178
[2025-10-01 02:00:27] E_ERROR: [2] Undefined variable $classesJson in C:\xampp\htdocs\edupack\backend\scripts.php on line 178
[2025-10-01 02:00:52] E_ERROR: [2] Undefined variable $classesJson in C:\xampp\htdocs\edupack\backend\scripts.php on line 178
[2025-10-01 02:00:56] E_ERROR: [2] Undefined variable $classesJson in C:\xampp\htdocs\edupack\backend\scripts.php on line 178
[2025-10-01 02:01:52] E_ERROR: [2] Undefined variable $classesJson in C:\xampp\htdocs\edupack\backend\scripts.php on line 178
[2025-10-01 02:02:36] E_ERROR: [2] Undefined variable $classesJson in C:\xampp\htdocs\edupack\backend\scripts.php on line 178
[2025-10-01 02:03:16] E_ERROR: [2] Undefined variable $classesJson in C:\xampp\htdocs\edupack\backend\scripts.php on line 178
[2025-10-01 02:04:27] E_ERROR: [2] include(fees_management.php): Failed to open stream: No such file or directory in C:\xampp\htdocs\edupack\backend\parent_fees_callback.php on line 3
[2025-10-01 02:04:27] E_ERROR: [2] include(): Failed opening 'fees_management.php' for inclusion (include_path='C:\xampp\php\PEAR') in C:\xampp\htdocs\edupack\backend\parent_fees_callback.php on line 3
[2025-10-01 02:04:27] Exception: Call to undefined function recordStudentPayment() in C:\xampp\htdocs\edupack\backend\parent_fees_callback.php on line 50
[2025-10-01 02:04:53] E_ERROR: [2] include(fees_management.php): Failed to open stream: No such file or directory in C:\xampp\htdocs\edupack\backend\parent_fees_callback.php on line 3
[2025-10-01 02:04:53] E_ERROR: [2] include(): Failed opening 'fees_management.php' for inclusion (include_path='C:\xampp\php\PEAR') in C:\xampp\htdocs\edupack\backend\parent_fees_callback.php on line 3
[2025-10-01 02:05:57] E_ERROR: [2] Undefined variable $classesJson in C:\xampp\htdocs\edupack\backend\scripts.php on line 178
[2025-10-01 02:06:34] E_ERROR: [2] include(fees_management.php): Failed to open stream: No such file or directory in C:\xampp\htdocs\edupack\backend\parent_fees_callback.php on line 3
[2025-10-01 02:06:34] E_ERROR: [2] include(): Failed opening 'fees_management.php' for inclusion (include_path='C:\xampp\php\PEAR') in C:\xampp\htdocs\edupack\backend\parent_fees_callback.php on line 3
[2025-10-01 02:06:34] Exception: Call to undefined function recordStudentPayment() in C:\xampp\htdocs\edupack\backend\parent_fees_callback.php on line 50
[2025-10-01 02:10:09] E_ERROR: [2] Undefined variable $classesJson in C:\xampp\htdocs\edupack\backend\scripts.php on line 178
[2025-10-01 02:10:40] E_ERROR: [2] include(fees_management.php): Failed to open stream: No such file or directory in C:\xampp\htdocs\edupack\backend\parent_fees_callback.php on line 3
[2025-10-01 02:10:40] E_ERROR: [2] include(): Failed opening 'fees_management.php' for inclusion (include_path='C:\xampp\php\PEAR') in C:\xampp\htdocs\edupack\backend\parent_fees_callback.php on line 3
[2025-10-01 02:10:40] Exception: Call to undefined function recordStudentPayment() in C:\xampp\htdocs\edupack\backend\parent_fees_callback.php on line 50
[2025-10-01 02:23:56] E_ERROR: [2] Undefined variable $classesJson in C:\xampp\htdocs\edupack\backend\scripts.php on line 178
[2025-10-01 02:24:03] E_ERROR: [2] Undefined variable $classesJson in C:\xampp\htdocs\edupack\backend\scripts.php on line 178
[2025-10-01 02:24:08] E_ERROR: [2] Undefined variable $classesJson in C:\xampp\htdocs\edupack\backend\scripts.php on line 178
[2025-10-01 02:24:16] E_ERROR: [2] Undefined variable $classesJson in C:\xampp\htdocs\edupack\backend\scripts.php on line 178
[2025-10-01 02:24:24] E_ERROR: [2] Undefined variable $classesJson in C:\xampp\htdocs\edupack\backend\scripts.php on line 178
[2025-10-01 02:24:29] E_ERROR: [2] Undefined variable $classesJson in C:\xampp\htdocs\edupack\backend\scripts.php on line 178
[2025-10-01 02:28:51] E_ERROR: [2] Undefined variable $classesJson in C:\xampp\htdocs\edupack\backend\scripts.php on line 178
[2025-10-01 02:28:57] E_ERROR: [2] Undefined variable $classesJson in C:\xampp\htdocs\edupack\backend\scripts.php on line 178
[2025-10-01 02:29:03] E_ERROR: [2] include(fees_management.php): Failed to open stream: No such file or directory in C:\xampp\htdocs\edupack\backend\parent_payment.php on line 3
[2025-10-01 02:29:03] E_ERROR: [2] include(): Failed opening 'fees_management.php' for inclusion (include_path='C:\xampp\php\PEAR') in C:\xampp\htdocs\edupack\backend\parent_payment.php on line 3
[2025-10-01 02:29:03] Exception: Call to undefined function getStudentFeeStatus() in C:\xampp\htdocs\edupack\backend\parent_payment.php on line 37
[2025-10-01 02:29:39] E_ERROR: [2] include(fees_management.php): Failed to open stream: No such file or directory in C:\xampp\htdocs\edupack\backend\parent_payment.php on line 3
[2025-10-01 02:29:39] E_ERROR: [2] include(): Failed opening 'fees_management.php' for inclusion (include_path='C:\xampp\php\PEAR') in C:\xampp\htdocs\edupack\backend\parent_payment.php on line 3
[2025-10-01 02:29:39] Exception: Call to undefined function getStudentFeeStatus() in C:\xampp\htdocs\edupack\backend\parent_payment.php on line 37
[2025-10-01 02:36:48] E_ERROR: [2] Undefined variable $classesJson in C:\xampp\htdocs\edupack\backend\scripts.php on line 178
[2025-10-01 02:36:56] E_ERROR: [2] Undefined variable $classesJson in C:\xampp\htdocs\edupack\backend\scripts.php on line 178
[2025-10-01 02:41:34] E_ERROR: [2] Undefined variable $classesJson in C:\xampp\htdocs\edupack\backend\scripts.php on line 178
[2025-10-01 02:42:39] E_ERROR: [2] include(fees_management.php): Failed to open stream: No such file or directory in C:\xampp\htdocs\edupack\backend\parent_payment.php on line 3
[2025-10-01 02:42:39] E_ERROR: [2] include(): Failed opening 'fees_management.php' for inclusion (include_path='C:\xampp\php\PEAR') in C:\xampp\htdocs\edupack\backend\parent_payment.php on line 3
[2025-10-01 02:42:39] Exception: Call to undefined function getStudentFeeStatus() in C:\xampp\htdocs\edupack\backend\parent_payment.php on line 37
[2025-10-01 02:43:33] E_ERROR: [2] Undefined variable $classesJson in C:\xampp\htdocs\edupack\backend\scripts.php on line 178
[2025-10-01 11:12:15] E_ERROR: [2] Undefined variable $termsJson in C:\xampp\htdocs\edupack\backend\scripts.php on line 484
[2025-10-01 11:14:54] E_ERROR: [2] Undefined variable $classesJson in C:\xampp\htdocs\edupack\backend\scripts.php on line 178
[2025-10-01 11:14:57] E_ERROR: [2] Undefined variable $classesJson in C:\xampp\htdocs\edupack\backend\scripts.php on line 178
[2025-10-01 11:15:09] E_ERROR: [2] Undefined variable $classesJson in C:\xampp\htdocs\edupack\backend\scripts.php on line 178
[2025-10-01 11:16:59] E_ERROR: [2] Undefined variable $classesJson in C:\xampp\htdocs\edupack\backend\scripts.php on line 178
[2025-10-01 11:19:02] E_ERROR: [2] Undefined variable $classesJson in C:\xampp\htdocs\edupack\backend\scripts.php on line 178
[2025-10-01 11:19:23] E_ERROR: [2] Undefined variable $classesJson in C:\xampp\htdocs\edupack\backend\scripts.php on line 178
[2025-10-01 11:19:30] E_ERROR: [2] Undefined variable $classesJson in C:\xampp\htdocs\edupack\backend\scripts.php on line 178
[2025-10-01 11:19:40] E_ERROR: [2] Undefined variable $classesJson in C:\xampp\htdocs\edupack\backend\scripts.php on line 178
[2025-10-01 11:20:43] E_ERROR: [2] Undefined variable $classesJson in C:\xampp\htdocs\edupack\backend\scripts.php on line 178
[2025-10-01 11:21:48] E_ERROR: [2] Undefined variable $classesJson in C:\xampp\htdocs\edupack\backend\scripts.php on line 178
[2025-10-01 11:23:07] E_ERROR: [2] Undefined variable $classesJson in C:\xampp\htdocs\edupack\backend\scripts.php on line 178
[2025-10-01 11:23:29] E_ERROR: [2] Undefined variable $classesJson in C:\xampp\htdocs\edupack\backend\scripts.php on line 178
[2025-10-01 11:24:31] E_ERROR: [2] Undefined variable $classesJson in C:\xampp\htdocs\edupack\backend\scripts.php on line 178
[2025-10-01 11:24:49] E_ERROR: [2] Undefined variable $classesJson in C:\xampp\htdocs\edupack\backend\scripts.php on line 178
[2025-10-01 11:25:07] E_ERROR: [2] Undefined variable $classesJson in C:\xampp\htdocs\edupack\backend\scripts.php on line 178
[2025-10-01 11:26:16] E_ERROR: [2] Undefined variable $classesJson in C:\xampp\htdocs\edupack\backend\scripts.php on line 178
[2025-10-01 11:30:37] E_ERROR: [2] Undefined variable $classesJson in C:\xampp\htdocs\edupack\backend\scripts.php on line 178
[2025-10-01 11:32:42] E_ERROR: [2] Undefined variable $classesJson in C:\xampp\htdocs\edupack\backend\scripts.php on line 178
[2025-10-01 11:33:19] E_ERROR: [2] Undefined variable $classesJson in C:\xampp\htdocs\edupack\backend\scripts.php on line 178
[2025-10-01 11:34:32] E_ERROR: [2] Undefined variable $classesJson in C:\xampp\htdocs\edupack\backend\scripts.php on line 178
[2025-10-01 11:34:41] E_ERROR: [2] Undefined variable $classesJson in C:\xampp\htdocs\edupack\backend\scripts.php on line 178
[2025-10-01 11:34:48] E_ERROR: [2] Undefined variable $classesJson in C:\xampp\htdocs\edupack\backend\scripts.php on line 178
[2025-10-01 11:34:52] E_ERROR: [2] Undefined variable $classesJson in C:\xampp\htdocs\edupack\backend\scripts.php on line 178
[2025-10-01 11:35:04] E_ERROR: [2] Undefined variable $classesJson in C:\xampp\htdocs\edupack\backend\scripts.php on line 178
[2025-10-01 11:49:06] E_ERROR: [2] Undefined variable $classesJson in C:\xampp\htdocs\edupack\backend\scripts.php on line 178
[2025-10-01 11:49:12] E_ERROR: [2] Undefined variable $classesJson in C:\xampp\htdocs\edupack\backend\scripts.php on line 178
[2025-10-01 11:50:20] E_ERROR: [2] Undefined variable $classesJson in C:\xampp\htdocs\edupack\backend\scripts.php on line 178
[2025-10-01 11:50:24] E_ERROR: [2] Undefined variable $classesJson in C:\xampp\htdocs\edupack\backend\scripts.php on line 178
[2025-10-01 11:50:28] E_ERROR: [2] Undefined variable $classesJson in C:\xampp\htdocs\edupack\backend\scripts.php on line 178
[2025-10-01 11:54:33] E_ERROR: [2] Undefined variable $termsJson in C:\xampp\htdocs\edupack\backend\scripts.php on line 484
[2025-10-01 11:54:43] E_ERROR: [2] Undefined variable $termsJson in C:\xampp\htdocs\edupack\backend\scripts.php on line 484
[2025-10-01 11:56:11] E_ERROR: [2] Undefined variable $termsJson in C:\xampp\htdocs\edupack\backend\scripts.php on line 484
[2025-10-01 11:56:50] E_ERROR: [2] Undefined variable $termsJson in C:\xampp\htdocs\edupack\backend\scripts.php on line 484
[2025-10-01 11:57:11] E_ERROR: [2] Undefined variable $termsJson in C:\xampp\htdocs\edupack\backend\scripts.php on line 484
[2025-10-01 11:59:16] E_ERROR: [2] Undefined variable $termsJson in C:\xampp\htdocs\edupack\backend\scripts.php on line 484
[2025-10-01 12:01:55] E_ERROR: [2] Undefined variable $termsJson in C:\xampp\htdocs\edupack\backend\scripts.php on line 484
[2025-10-01 12:02:50] E_ERROR: [2] Undefined variable $classesJson in C:\xampp\htdocs\edupack\backend\scripts.php on line 178
[2025-10-01 12:03:38] E_ERROR: [2] Undefined variable $classesJson in C:\xampp\htdocs\edupack\backend\scripts.php on line 178
[2025-10-01 12:04:20] E_ERROR: [2] Undefined variable $classesJson in C:\xampp\htdocs\edupack\backend\scripts.php on line 178
[2025-10-01 12:05:03] E_ERROR: [2] Undefined variable $classesJson in C:\xampp\htdocs\edupack\backend\scripts.php on line 178
[2025-10-01 12:06:25] E_ERROR: [2] Undefined variable $classesJson in C:\xampp\htdocs\edupack\backend\scripts.php on line 178
[2025-10-01 12:07:05] E_ERROR: [2] Undefined variable $classesJson in C:\xampp\htdocs\edupack\backend\scripts.php on line 178
[2025-10-01 12:11:23] E_ERROR: [2] Undefined variable $classesJson in C:\xampp\htdocs\edupack\backend\scripts.php on line 178
[2025-10-01 12:12:22] E_ERROR: [2] Undefined variable $classesJson in C:\xampp\htdocs\edupack\backend\scripts.php on line 178
[2025-10-01 12:13:24] E_ERROR: [2] Undefined variable $classesJson in C:\xampp\htdocs\edupack\backend\scripts.php on line 178
[2025-10-01 12:13:52] E_ERROR: [2] Undefined variable $classesJson in C:\xampp\htdocs\edupack\backend\scripts.php on line 178
[2025-10-01 12:14:18] E_ERROR: [2] Undefined variable $classesJson in C:\xampp\htdocs\edupack\backend\scripts.php on line 178
[2025-10-01 12:15:25] E_ERROR: [2] Undefined variable $classesJson in C:\xampp\htdocs\edupack\backend\scripts.php on line 178
[2025-10-01 12:16:49] E_ERROR: [2] Undefined variable $classesJson in C:\xampp\htdocs\edupack\backend\scripts.php on line 178
[2025-10-01 12:17:10] E_ERROR: [2] Undefined variable $classesJson in C:\xampp\htdocs\edupack\backend\scripts.php on line 178
[2025-10-01 12:17:21] E_ERROR: [2] Undefined variable $classesJson in C:\xampp\htdocs\edupack\backend\scripts.php on line 178
[2025-10-01 12:18:21] E_ERROR: [2] Undefined variable $classesJson in C:\xampp\htdocs\edupack\backend\scripts.php on line 178
[2025-10-01 12:18:43] E_ERROR: [2] Undefined variable $classesJson in C:\xampp\htdocs\edupack\backend\scripts.php on line 178
[2025-10-01 12:19:33] E_ERROR: [2] Undefined variable $classesJson in C:\xampp\htdocs\edupack\backend\scripts.php on line 178
[2025-10-01 12:22:00] E_ERROR: [2] Undefined variable $classesJson in C:\xampp\htdocs\edupack\backend\scripts.php on line 178
[2025-10-01 12:22:36] E_ERROR: [2] Undefined variable $classesJson in C:\xampp\htdocs\edupack\backend\scripts.php on line 178
[2025-10-01 12:27:39] E_ERROR: [2] Undefined variable $classesJson in C:\xampp\htdocs\edupack\backend\scripts.php on line 178
[2025-10-01 12:31:43] E_ERROR: [2] Undefined variable $classesJson in C:\xampp\htdocs\edupack\backend\scripts.php on line 178
[2025-10-01 12:32:22] E_ERROR: [2] Undefined variable $classesJson in C:\xampp\htdocs\edupack\backend\scripts.php on line 178
[2025-10-01 12:33:31] E_ERROR: [2] Undefined variable $classesJson in C:\xampp\htdocs\edupack\backend\scripts.php on line 178
[2025-10-01 12:33:42] E_ERROR: [2] Undefined variable $classesJson in C:\xampp\htdocs\edupack\backend\scripts.php on line 178
[2025-10-01 12:33:49] E_ERROR: [2] Undefined variable $classesJson in C:\xampp\htdocs\edupack\backend\scripts.php on line 178
[2025-10-01 12:33:54] E_ERROR: [2] Undefined variable $classesJson in C:\xampp\htdocs\edupack\backend\scripts.php on line 178
[2025-10-01 12:34:00] E_ERROR: [2] Undefined variable $classesJson in C:\xampp\htdocs\edupack\backend\scripts.php on line 178
[2025-10-01 12:34:05] E_ERROR: [2] Undefined variable $classesJson in C:\xampp\htdocs\edupack\backend\scripts.php on line 178
[2025-10-01 12:34:09] E_ERROR: [2] Undefined variable $classesJson in C:\xampp\htdocs\edupack\backend\scripts.php on line 178
[2025-10-01 12:34:15] E_ERROR: [2] Undefined variable $classesJson in C:\xampp\htdocs\edupack\backend\scripts.php on line 178
[2025-10-01 12:34:19] E_ERROR: [2] Undefined variable $classesJson in C:\xampp\htdocs\edupack\backend\scripts.php on line 178
[2025-10-01 12:34:19] E_ERROR: [2] Undefined variable $datasetsJson in C:\xampp\htdocs\edupack\backend\scripts.php on line 179
[2025-10-01 12:34:19] E_ERROR: [2] Undefined variable $termsJson in C:\xampp\htdocs\edupack\backend\scripts.php on line 484
[2025-10-01 12:34:19] E_ERROR: [2] Undefined variable $datasetsJson in C:\xampp\htdocs\edupack\backend\scripts.php on line 485
[2025-10-01 12:35:06] E_ERROR: [2] Undefined variable $classesJson in C:\xampp\htdocs\edupack\backend\scripts.php on line 178
[2025-10-01 12:35:11] E_ERROR: [2] Undefined variable $classesJson in C:\xampp\htdocs\edupack\backend\scripts.php on line 178
[2025-10-01 12:35:22] E_ERROR: [2] Undefined variable $classesJson in C:\xampp\htdocs\edupack\backend\scripts.php on line 178
[2025-10-01 12:35:40] E_ERROR: [2] Undefined variable $classesJson in C:\xampp\htdocs\edupack\backend\scripts.php on line 178
[2025-10-01 12:52:43] E_ERROR: [2] Undefined variable $termsJson in C:\xampp\htdocs\edupack\backend\scripts.php on line 484
[2025-10-01 13:28:34] E_ERROR: [2] Undefined variable $termsJson in C:\xampp\htdocs\edupack\backend\scripts.php on line 484
[2025-10-01 13:28:40] E_ERROR: [2] Undefined variable $termsJson in C:\xampp\htdocs\edupack\backend\scripts.php on line 484
[2025-10-01 14:43:08] E_ERROR: [2] Undefined variable $termsJson in C:\xampp\htdocs\edupack\backend\scripts.php on line 484
[2025-10-01 14:43:15] E_ERROR: [2] Undefined variable $studentDetails in C:\xampp\htdocs\edupack\backend\registerstudents.php on line 502
[2025-10-01 14:43:15] E_ERROR: [2] Trying to access array offset on value of type null in C:\xampp\htdocs\edupack\backend\registerstudents.php on line 502
[2025-10-01 14:43:15] E_ERROR: [2] Undefined variable $studentDetails in C:\xampp\htdocs\edupack\backend\registerstudents.php on line 502
[2025-10-01 14:43:15] E_ERROR: [2] Trying to access array offset on value of type null in C:\xampp\htdocs\edupack\backend\registerstudents.php on line 502
[2025-10-01 14:43:15] E_ERROR: [2] Undefined variable $studentDetails in C:\xampp\htdocs\edupack\backend\registerstudents.php on line 502
[2025-10-01 14:43:15] E_ERROR: [2] Trying to access array offset on value of type null in C:\xampp\htdocs\edupack\backend\registerstudents.php on line 502
[2025-10-01 14:43:15] E_ERROR: [2] Undefined variable $studentDetails in C:\xampp\htdocs\edupack\backend\registerstudents.php on line 502
[2025-10-01 14:43:15] E_ERROR: [2] Trying to access array offset on value of type null in C:\xampp\htdocs\edupack\backend\registerstudents.php on line 502
[2025-10-01 14:43:15] E_ERROR: [2] Undefined variable $studentDetails in C:\xampp\htdocs\edupack\backend\registerstudents.php on line 502
[2025-10-01 14:43:15] E_ERROR: [2] Trying to access array offset on value of type null in C:\xampp\htdocs\edupack\backend\registerstudents.php on line 502
[2025-10-01 14:43:15] E_ERROR: [2] Undefined variable $studentDetails in C:\xampp\htdocs\edupack\backend\registerstudents.php on line 502
[2025-10-01 14:43:15] E_ERROR: [2] Trying to access array offset on value of type null in C:\xampp\htdocs\edupack\backend\registerstudents.php on line 502
[2025-10-01 14:43:15] E_ERROR: [2] Undefined variable $termsJson in C:\xampp\htdocs\edupack\backend\scripts.php on line 484
[2025-10-01 14:47:54] E_ERROR: [2] Undefined variable $studentDetails in C:\xampp\htdocs\edupack\backend\registerstudents.php on line 503
[2025-10-01 14:47:54] E_ERROR: [2] Trying to access array offset on value of type null in C:\xampp\htdocs\edupack\backend\registerstudents.php on line 503
[2025-10-01 14:47:54] E_ERROR: [2] Undefined variable $studentDetails in C:\xampp\htdocs\edupack\backend\registerstudents.php on line 503
[2025-10-01 14:47:54] E_ERROR: [2] Trying to access array offset on value of type null in C:\xampp\htdocs\edupack\backend\registerstudents.php on line 503
[2025-10-01 14:47:54] E_ERROR: [2] Undefined variable $studentDetails in C:\xampp\htdocs\edupack\backend\registerstudents.php on line 503
[2025-10-01 14:47:54] E_ERROR: [2] Trying to access array offset on value of type null in C:\xampp\htdocs\edupack\backend\registerstudents.php on line 503
[2025-10-01 14:47:54] E_ERROR: [2] Undefined variable $studentDetails in C:\xampp\htdocs\edupack\backend\registerstudents.php on line 503
[2025-10-01 14:47:54] E_ERROR: [2] Trying to access array offset on value of type null in C:\xampp\htdocs\edupack\backend\registerstudents.php on line 503
[2025-10-01 14:47:54] E_ERROR: [2] Undefined variable $studentDetails in C:\xampp\htdocs\edupack\backend\registerstudents.php on line 503
[2025-10-01 14:47:54] E_ERROR: [2] Trying to access array offset on value of type null in C:\xampp\htdocs\edupack\backend\registerstudents.php on line 503
[2025-10-01 14:47:54] E_ERROR: [2] Undefined variable $studentDetails in C:\xampp\htdocs\edupack\backend\registerstudents.php on line 503
[2025-10-01 14:47:54] E_ERROR: [2] Trying to access array offset on value of type null in C:\xampp\htdocs\edupack\backend\registerstudents.php on line 503
[2025-10-01 14:47:54] E_ERROR: [2] Undefined variable $termsJson in C:\xampp\htdocs\edupack\backend\scripts.php on line 484
[2025-10-01 14:48:09] E_ERROR: [2] Undefined variable $termsJson in C:\xampp\htdocs\edupack\backend\scripts.php on line 484
[2025-10-01 14:48:44] E_ERROR: [2] Undefined variable $termsJson in C:\xampp\htdocs\edupack\backend\scripts.php on line 484
[2025-10-01 14:48:56] E_ERROR: [2] Undefined variable $termsJson in C:\xampp\htdocs\edupack\backend\scripts.php on line 484
[2025-10-01 14:49:40] E_ERROR: [2] Undefined variable $termsJson in C:\xampp\htdocs\edupack\backend\scripts.php on line 484
[2025-10-01 16:15:58] E_ERROR: [2] Undefined variable $termsJson in C:\xampp\htdocs\edupack\backend\scripts.php on line 484
[2025-10-01 17:17:50] E_ERROR: [2] Undefined variable $termsJson in C:\xampp\htdocs\edupack\backend\scripts.php on line 484
[2025-10-01 17:37:25] E_ERROR: [2] Undefined variable $termsJson in C:\xampp\htdocs\edupack\backend\scripts.php on line 484
[2025-10-01 17:43:10] E_ERROR: [2] Undefined variable $termsJson in C:\xampp\htdocs\edupack\backend\scripts.php on line 484
[2025-10-01 18:15:29] E_ERROR: [2] Undefined variable $termsJson in C:\xampp\htdocs\edupack\backend\scripts.php on line 484
[2025-10-01 18:28:41] E_ERROR: [2] Undefined variable $termsJson in C:\xampp\htdocs\edupack\backend\scripts.php on line 484
[2025-10-01 19:03:10] E_ERROR: [2] Undefined variable $termsJson in C:\xampp\htdocs\edupack\backend\scripts.php on line 484
[2025-10-01 19:04:00] E_ERROR: [2] Undefined variable $termsJson in C:\xampp\htdocs\edupack\backend\scripts.php on line 484
[2025-10-01 19:05:01] E_ERROR: [2] Undefined variable $termsJson in C:\xampp\htdocs\edupack\backend\scripts.php on line 484
[2025-10-01 19:05:31] E_ERROR: [2] Undefined variable $termsJson in C:\xampp\htdocs\edupack\backend\scripts.php on line 484
[2025-10-02 09:27:51] E_ERROR: [2] Undefined variable $termsJson in C:\xampp\htdocs\edupack\backend\scripts.php on line 484
[2025-10-02 15:15:49] E_ERROR: [2] Undefined variable $termsJson in C:\xampp\htdocs\edupack\backend\scripts.php on line 484
[2025-10-02 15:16:34] E_ERROR: [2] Undefined variable $termsJson in C:\xampp\htdocs\edupack\backend\scripts.php on line 484
[2025-10-02 16:54:58] E_ERROR: [2] Undefined variable $classesJson in C:\xampp\htdocs\edupack\backend\scripts.php on line 178
[2025-10-02 16:55:52] E_ERROR: [2] Undefined variable $classesJson in C:\xampp\htdocs\edupack\backend\scripts.php on line 178
[2025-10-02 16:55:58] E_ERROR: [2] Undefined variable $classesJson in C:\xampp\htdocs\edupack\backend\scripts.php on line 178
[2025-10-02 16:56:21] E_ERROR: [2] Undefined variable $classesJson in C:\xampp\htdocs\edupack\backend\scripts.php on line 178
[2025-10-02 16:56:31] E_ERROR: [2] Undefined variable $classesJson in C:\xampp\htdocs\edupack\backend\scripts.php on line 178
[2025-10-02 16:56:53] E_ERROR: [2] Undefined variable $termsJson in C:\xampp\htdocs\edupack\backend\scripts.php on line 484
[2025-10-02 17:00:15] E_ERROR: [2] Undefined variable $termsJson in C:\xampp\htdocs\edupack\backend\scripts.php on line 484
[2025-10-02 20:07:27] E_ERROR: [2] Undefined variable $termsJson in C:\xampp\htdocs\edupack\backend\scripts.php on line 484
